01-05 10:15:35.748   915   915 D wpa_supplicant: nl80211: Register frame type=0xd0 (WLAN_FC_STYPE_ACTION) nl_handle=0xb63a01e0 match=040b
01-05 10:15:35.749   915   915 D wpa_supplicant: nl80211: Register frame type=0xd0 (WLAN_FC_STYPE_ACTION) nl_handle=0xb63a01e0 match=040c
01-05 10:15:35.749   915   915 D wpa_supplicant: nl80211: Register frame type=0xd0 (WLAN_FC_STYPE_ACTION) nl_handle=0xb63a01e0 match=040d
01-05 10:15:35.749   915   915 D wpa_supplicant: nl80211: Register frame type=0xd0 (WLAN_FC_STYPE_ACTION) nl_handle=0xb63a01e0 match=090a
01-05 10:15:35.749   915   915 D wpa_supplicant: nl80211: Register frame type=0xd0 (WLAN_FC_STYPE_ACTION) nl_handle=0xb63a01e0 match=090b
01-05 10:15:35.749   915   915 D wpa_supplicant: nl80211: Register frame type=0xd0 (WLAN_FC_STYPE_ACTION) nl_handle=0xb63a01e0 match=090c
01-05 10:15:35.749   915   915 D wpa_supplicant: nl80211: Register frame type=0xd0 (WLAN_FC_STYPE_ACTION) nl_handle=0xb63a01e0 match=090d
01-05 10:15:35.749   915   915 D wpa_supplicant: nl80211: Register frame type=0xd0 (WLAN_FC_STYPE_ACTION) nl_handle=0xb63a01e0 match=0409506f9a09
01-05 10:15:35.749   915   915 D wpa_supplicant: nl80211: Register frame type=0xd0 (WLAN_FC_STYPE_ACTION) nl_handle=0xb63a01e0 match=7f506f9a09
01-05 10:15:35.749   915   915 D wpa_supplicant: nl80211: Register frame type=0xd0 (WLAN_FC_STYPE_ACTION) nl_handle=0xb63a01e0 match=0801
01-05 10:15:35.749   915   915 D wpa_supplicant: nl80211: Register frame type=0xd0 (WLAN_FC_STYPE_ACTION) nl_handle=0xb63a01e0 match=12
01-05 10:15:35.750   915   915 D wpa_supplicant: nl80211: Register frame type=0xd0 (WLAN_FC_STYPE_ACTION) nl_handle=0xb63a01e0 match=06
01-05 10:15:35.750   915   915 D wpa_supplicant: nl80211: Register frame type=0xd0 (WLAN_FC_STYPE_ACTION) nl_handle=0xb63a01e0 match=0a07
01-05 10:15:35.750   915   915 D wpa_supplicant: nl80211: Register frame type=0xd0 (WLAN_FC_STYPE_ACTION) nl_handle=0xb63a01e0 match=0a11
01-05 10:15:35.750   915   915 D wpa_supplicant: nl80211: Register frame type=0xd0 (WLAN_FC_STYPE_ACTION) nl_handle=0xb63a01e0 match=0a1a
01-05 10:15:35.750   915   915 D wpa_supplicant: nl80211: Register frame type=0xd0 (WLAN_FC_STYPE_ACTION) nl_handle=0xb63a01e0 match=1101
01-05 10:15:35.750   915   915 D wpa_supplicant: nl80211: Register frame type=0xd0 (WLAN_FC_STYPE_ACTION) nl_handle=0xb63a01e0 match=1102
01-05 10:15:35.750   915   915 D wpa_supplicant: nl80211: Register frame type=0xd0 (WLAN_FC_STYPE_ACTION) nl_handle=0xb63a01e0 match=0505
01-05 10:15:35.751   915   915 I wpa_supplicant: rfkill: Cannot open RFKILL control device
01-05 10:15:35.751   915   915 D wpa_supplicant: nl80211: RFKILL status not available
01-05 10:15:35.752   915   915 D wpa_supplicant: netlink: Operstate: ifindex=11 linkmode=1 (userspace-control), operstate=5 (IF_OPER_DORMANT)
01-05 10:15:35.756   915   915 D wpa_supplicant: nl80211: driver param='use_p2p_group_interface=1'
01-05 10:15:35.756   915   915 D wpa_supplicant: nl80211: Use separate P2P group interface
01-05 10:15:35.756   915   915 D wpa_supplicant: Add interface p2p0 to a new radio phy1
01-05 10:15:35.757   915   915 D wpa_supplicant: nl80211: Regulatory information - country=00
01-05 10:15:35.757   915   915 D wpa_supplicant: nl80211: 2402-2472 @ 40 MHz 20 mBm
01-05 10:15:35.757   915   915 D wpa_supplicant: nl80211: 2457-2482 @ 40 MHz 20 mBm (no IR)
01-05 10:15:35.757   915   915 D wpa_supplicant: nl80211: 2474-2494 @ 20 MHz 20 mBm (no OFDM) (no IR)
01-05 10:15:35.757   915   915 D wpa_supplicant: nl80211: 5170-5250 @ 160 MHz 20 mBm (no IR)
01-05 10:15:35.757   915   915 D wpa_supplicant: nl80211: 5250-5330 @ 160 MHz 20 mBm (DFS) (no IR)
01-05 10:15:35.757   915   915 D wpa_supplicant: nl80211: 5490-5730 @ 160 MHz 20 mBm (DFS) (no IR)
01-05 10:15:35.757   915   915 D wpa_supplicant: nl80211: Added 802.11b mode based on 802.11g information
01-05 10:15:35.792   915   915 D wpa_supplicant: p2p0: Own MAC address: 1a:e3:bc:bd:f5:e6
01-05 10:15:35.792   915   915 D wpa_supplicant: wpa_driver_nl80211_set_key: ifindex=11 (p2p0) alg=0 addr=0x0 key_idx=0 set_tx=0 seq_len=0 key_len=0
01-05 10:15:35.792   915   915 D wpa_supplicant: wpa_driver_nl80211_set_key: ifindex=11 (p2p0) alg=0 addr=0x0 key_idx=1 set_tx=0 seq_len=0 key_len=0
01-05 10:15:35.793   915   915 D wpa_supplicant: wpa_driver_nl80211_set_key: ifindex=11 (p2p0) alg=0 addr=0x0 key_idx=2 set_tx=0 seq_len=0 key_len=0
01-05 10:15:35.793   915   915 D wpa_supplicant: wpa_driver_nl80211_set_key: ifindex=11 (p2p0) alg=0 addr=0x0 key_idx=3 set_tx=0 seq_len=0 key_len=0
01-05 10:15:35.793   915   915 D wpa_supplicant: wpa_driver_nl80211_set_key: ifindex=11 (p2p0) alg=0 addr=0x0 key_idx=4 set_tx=0 seq_len=0 key_len=0
01-05 10:15:35.793   915   915 D wpa_supplicant: wpa_driver_nl80211_set_key: ifindex=11 (p2p0) alg=0 addr=0x0 key_idx=5 set_tx=0 seq_len=0 key_len=0
01-05 10:15:35.793   915   915 D wpa_supplicant: p2p0: RSN: flushing PMKID list in the driver
01-05 10:15:35.793   915   915 D wpa_supplicant: nl80211: Flush PMKIDs
01-05 10:15:35.793   915   915 D wpa_supplicant: p2p0: State: DISCONNECTED -> INACTIVE
01-05 10:15:35.862   915   915 D wpa_supplicant: TDLS: TDLS operation not supported by driver
01-05 10:15:35.862   915   915 D wpa_supplicant: TDLS: Driver uses internal link setup
01-05 10:15:35.862   915   915 D wpa_supplicant: TDLS: Driver does not support TDLS channel switching
01-05 10:15:35.863   915   915 D wpa_supplicant: p2p0: WPS: UUID from the first interface: 01758267-bb6d-58a2-9c7c-38270136aba0
01-05 10:15:35.863   915   915 D wpa_supplicant: EAPOL: SUPP_PAE entering state DISCONNECTED
01-05 10:15:35.863   915   915 D wpa_supplicant: EAPOL: Supplicant port status: Unauthorized
01-05 10:15:35.863   915   915 D wpa_supplicant: nl80211: Skip set_supp_port(unauthorized) while not associated
01-05 10:15:35.863   915   915 D wpa_supplicant: EAPOL: KEY_RX entering state NO_KEY_RECEIVE
01-05 10:15:35.863   915   915 D wpa_supplicant: EAPOL: SUPP_BE entering state INITIALIZE
01-05 10:15:35.863   915   915 D wpa_supplicant: EAP: EAP entering state DISABLED
01-05 10:15:35.863   915   915 D wpa_supplicant: Using existing control interface directory.
01-05 10:15:35.864   915   915 D wpa_supplicant: P2P: Add operating class 81
01-05 10:15:35.864   915   915 D wpa_supplicant: P2P: Channels - hexdump(len=13): 01 02 03 04 05 06 07 08 09 0a 0b 0c 0d
01-05 10:15:35.865   915   915 D wpa_supplicant: P2P: Own listen channel: 81:1
01-05 10:15:35.867   915   915 D wpa_supplicant: P2P: Random operating channel: 81:11
01-05 10:15:35.868   915   915 D wpa_supplicant: P2P: initialized
01-05 10:15:35.868   915   915 D wpa_supplicant: P2P: channels: 81:1,2,3,4,5,6,7,8,9,10,11,12,13
01-05 10:15:35.868   915   915 D wpa_supplicant: P2P: cli_channels:
01-05 10:15:35.868   915   915 D wpa_supplicant: nl80211: Setting wowlan
01-05 10:15:35.869   915   915 D wpa_supplicant: p2p0: Added interface p2p0
01-05 10:15:35.869   915   915 D wpa_supplicant: p2p0: State: INACTIVE -> DISCONNECTED
01-05 10:15:35.869   915   915 D wpa_supplicant: nl80211: Set p2p0 operstate 0->0 (DORMANT)
01-05 10:15:35.869   915   915 D wpa_supplicant: netlink: Operstate: ifindex=11 linkmode=-1 (no change), operstate=5 (IF_OPER_DORMANT)
01-05 10:15:35.869   915   915 D wpa_supplicant: p2p0: Determining shared radio frequencies (max len 1)
01-05 10:15:35.869   915   915 D wpa_supplicant: p2p0: Shared frequencies (len=0): completed iteration
01-05 10:15:35.869   915   915 D wpa_supplicant: P2P: Add operating class 81
01-05 10:15:35.869   915   915 D wpa_supplicant: P2P: Channels - hexdump(len=13): 01 02 03 04 05 06 07 08 09 0a 0b 0c 0d
01-05 10:15:35.869   915   915 D wpa_supplicant: P2P: Update channel list
01-05 10:15:35.869   915   915 D wpa_supplicant: P2P: channels: 81:1,2,3,4,5,6,7,8,9,10,11,12,13
01-05 10:15:35.869   915   915 D wpa_supplicant: P2P: cli_channels:
01-05 10:15:35.870   915   915 D wpa_supplicant: random: Got 15/20 bytes from /dev/random
01-05 10:15:35.870   915   915 D wpa_supplicant: CTRL_IFACE monitor attached /data/misc/wifi/sockets/wpa_ctrl_464-2\x00
01-05 10:15:35.870   915   915 D wpa_supplicant: CTRL-DEBUG: global_ctrl_sock-sendto: sock=8 sndbuf=163840 outq=0 send_len=3
01-05 10:15:35.870   915   915 D wpa_supplicant: RTM_NEWLINK: ifi_index=10 ifname=wlan0 operstate=2 linkmode=0 ifi_family=0 ifi_flags=0x1003 ([UP])
01-05 10:15:35.870   915   915 D wpa_supplicant: RTM_NEWLINK: ifi_index=10 ifname=wlan0 operstate=2 linkmode=1 ifi_family=0 ifi_flags=0x1003 ([UP])
01-05 10:15:35.870   915   915 D wpa_supplicant: RTM_NEWLINK: ifi_index=11 ifname=p2p0 operstate=2 linkmode=0 ifi_family=0 ifi_flags=0x11003 ([UP][LOWER_UP])
01-05 10:15:35.870   915   915 D wpa_supplicant: RTM_NEWLINK: ifi_index=11 ifname=p2p0 operstate=6 linkmode=0 ifi_family=0 ifi_flags=0x11043 ([UP][RUNNING][LOWER_UP])
01-05 10:15:35.871   915   915 D wpa_supplicant: RTM_NEWLINK: ifi_index=11 ifname=p2p0 operstate=5 linkmode=0 ifi_family=0 ifi_flags=0x11003 ([UP][LOWER_UP])
01-05 10:15:35.871   915   915 D wpa_supplicant: RTM_NEWLINK: ifi_index=11 ifname=p2p0 operstate=5 linkmode=1 ifi_family=0 ifi_flags=0x11003 ([UP][LOWER_UP])
01-05 10:15:35.872   915   915 D wpa_supplicant: wlan0: Control interface command 'DRIVER MACADDR'
01-05 10:15:35.872   915   915 D wpa_supplicant: iface wlan0 recv cmd MACADDR
01-05 10:15:35.872   915   915 D wpa_supplicant: Macaddr = 18:e3:bc:bd:f5:e6
01-05 10:15:35.872   915   915 D wpa_supplicant: CTRL-DEBUG: global_ctrl_sock-sendto: sock=8 sndbuf=163840 outq=0 send_len=28
01-05 10:15:35.873   915   915 D wpa_supplicant: wlan0: Control interface command 'SET SETBAND AUTO'
01-05 10:15:35.873   915   915 D wpa_supplicant: CTRL_IFACE SET 'SETBAND'='AUTO'
01-05 10:15:35.873   915   915 D wpa_supplicant: CTRL-DEBUG: global_ctrl_sock-sendto: sock=8 sndbuf=163840 outq=0 send_len=3
01-05 10:15:35.874   915   915 D wpa_supplicant: wlan0: Control interface command 'SET update_config 1'
01-05 10:15:35.874   915   915 D wpa_supplicant: CTRL_IFACE SET 'update_config'='1'
01-05 10:15:35.874   915   915 D wpa_supplicant: update_config=1
01-05 10:15:35.874   915   915 D wpa_supplicant: CTRL-DEBUG: global_ctrl_sock-sendto: sock=8 sndbuf=163840 outq=0 send_len=3
01-05 10:15:35.876   915   915 D wpa_supplicant: wlan0: Control interface command 'LIST_NETWORKS LAST_ID=-1'
01-05 10:15:35.876   915   915 D wpa_supplicant: CTRL-DEBUG: global_ctrl_sock-sendto: sock=8 sndbuf=163840 outq=0 send_len=34
01-05 10:15:35.883   915   915 D wpa_supplicant: wlan0: Control interface command 'SET device_name x5'
01-05 10:15:35.883   915   915 D wpa_supplicant: CTRL_IFACE SET 'device_name'='x5'
01-05 10:15:35.883   915   915 D wpa_supplicant: device_name='x5'
01-05 10:15:35.883   915   915 D wpa_supplicant: CTRL-DEBUG: global_ctrl_sock-sendto: sock=8 sndbuf=163840 outq=0 send_len=3
01-05 10:15:35.884   915   915 D wpa_supplicant: wlan0: Control interface command 'SET manufacturer INFINIX'
01-05 10:15:35.884   915   915 D wpa_supplicant: CTRL_IFACE SET 'manufacturer'='INFINIX'
01-05 10:15:35.884   915   915 D wpa_supplicant: manufacturer='INFINIX'
01-05 10:15:35.884   915   915 D wpa_supplicant: CTRL-DEBUG: global_ctrl_sock-sendto: sock=8 sndbuf=163840 outq=0 send_len=3
01-05 10:15:35.885   915   915 D wpa_supplicant: wlan0: Control interface command 'SET model_name Doogee X5'
01-05 10:15:35.885   915   915 D wpa_supplicant: CTRL_IFACE SET 'model_name'='Doogee X5'
01-05 10:15:35.885   915   915 D wpa_supplicant: model_name='Doogee X5'
01-05 10:15:35.885   915   915 D wpa_supplicant: CTRL-DEBUG: global_ctrl_sock-sendto: sock=8 sndbuf=163840 outq=0 send_len=3
01-05 10:15:35.885   915   915 D wpa_supplicant: wlan0: Control interface command 'SET model_number Doogee X5'
01-05 10:15:35.886   915   915 D wpa_supplicant: CTRL_IFACE SET 'model_number'='Doogee X5'
01-05 10:15:35.886   915   915 D wpa_supplicant: model_number='Doogee X5'
01-05 10:15:35.886   915   915 D wpa_supplicant: CTRL-DEBUG: global_ctrl_sock-sendto: sock=8 sndbuf=163840 outq=0 send_len=3
01-05 10:15:35.886   915   915 D wpa_supplicant: wlan0: Control interface command 'SET serial_number 79P76HS4VGFM9LZ9'
01-05 10:15:35.886   915   915 D wpa_supplicant: CTRL_IFACE SET 'serial_number'='79P76HS4VGFM9LZ9'
01-05 10:15:35.886   915   915 D wpa_supplicant: serial_number='79P76HS4VGFM9LZ9'
01-05 10:15:35.887   915   915 D wpa_supplicant: CTRL-DEBUG: global_ctrl_sock-sendto: sock=8 sndbuf=163840 outq=0 send_len=3
01-05 10:15:35.887   915   915 D wpa_supplicant: wlan0: Control interface command 'SET config_methods physical_display virtual_push_button'
01-05 10:15:35.887   915   915 D wpa_supplicant: CTRL_IFACE SET 'config_methods'='physical_display virtual_push_button'
01-05 10:15:35.887   915   915 D wpa_supplicant: config_methods='physical_display virtual_push_button'
01-05 10:15:35.887   915   915 D wpa_supplicant: CTRL-DEBUG: global_ctrl_sock-sendto: sock=8 sndbuf=163840 outq=0 send_len=3
01-05 10:15:35.888   915   915 D wpa_supplicant: wlan0: Control interface command 'SET device_type 10-0050F204-5'
01-05 10:15:35.888   915   915 D wpa_supplicant: CTRL_IFACE SET 'device_type'='10-0050F204-5'
01-05 10:15:35.888   915   915 D wpa_supplicant: CTRL-DEBUG: global_ctrl_sock-sendto: sock=8 sndbuf=163840 outq=0 send_len=3
01-05 10:15:35.889   915   915 D wpa_supplicant: wlan0: Control interface command 'SET tdls_external_control 1'
01-05 10:15:35.889   915   915 D wpa_supplicant: CTRL_IFACE SET 'tdls_external_control'='1'
01-05 10:15:35.889   915   915 D wpa_supplicant: tdls_external_control=1
01-05 10:15:35.889   915   915 D wpa_supplicant: CTRL-DEBUG: global_ctrl_sock-sendto: sock=8 sndbuf=163840 outq=0 send_len=3
01-05 10:15:35.889   915   915 D wpa_supplicant: wlan0: Control interface command 'SET disable_scan_offload 1'
01-05 10:15:35.889   915   915 D wpa_supplicant: CTRL_IFACE SET 'disable_scan_offload'='1'
01-05 10:15:35.889   915   915 D wpa_supplicant: disable_scan_offload=1
01-05 10:15:35.889   915   915 D wpa_supplicant: CTRL-DEBUG: global_ctrl_sock-sendto: sock=8 sndbuf=163840 outq=0 send_len=3
01-05 10:15:35.890   915   915 D wpa_supplicant: wlan0: Control interface command 'SET p2p_disabled 1'
01-05 10:15:35.890   915   915 D wpa_supplicant: CTRL_IFACE SET 'p2p_disabled'='1'
01-05 10:15:35.890   915   915 D wpa_supplicant: p2p_disabled=1
01-05 10:15:35.890   915   915 D wpa_supplicant: CTRL-DEBUG: global_ctrl_sock-sendto: sock=8 sndbuf=163840 outq=0 send_len=3
01-05 10:15:35.891   915   915 D wpa_supplicant: wlan0: Control interface command 'SCAN_INTERVAL 15'
01-05 10:15:35.891   915   915 D wpa_supplicant: wlan0: Setting scan interval: 15 sec
01-05 10:15:35.891   915   915 D wpa_supplicant: CTRL-DEBUG: global_ctrl_sock-sendto: sock=8 sndbuf=163840 outq=0 send_len=3
01-05 10:15:35.892   915   915 D wpa_supplicant: wlan0: Control interface command 'SET external_sim 1'
01-05 10:15:35.892   915   915 D wpa_supplicant: CTRL_IFACE SET 'external_sim'='1'
01-05 10:15:35.892   915   915 D wpa_supplicant: external_sim=1
01-05 10:15:35.892   915   915 D wpa_supplicant: CTRL-DEBUG: global_ctrl_sock-sendto: sock=8 sndbuf=163840 outq=0 send_len=3
01-05 10:15:35.893   915   915 D wpa_supplicant: wlan0: Control interface command 'STA_AUTOCONNECT 0'
01-05 10:15:35.893   915   915 D wpa_supplicant: CTRL-DEBUG: global_ctrl_sock-sendto: sock=8 sndbuf=163840 outq=0 send_len=3
01-05 10:15:35.897   915   915 D wpa_supplicant: wlan0: Control interface command 'DRIVER BTCOEXSCAN-STOP'
01-05 10:15:35.897   915   915 D wpa_supplicant: iface wlan0 recv cmd BTCOEXSCAN-STOP
01-05 10:15:35.897   915   915 D wpa_supplicant: CTRL-DEBUG: global_ctrl_sock-sendto: sock=8 sndbuf=163840 outq=0 send_len=3
01-05 10:15:35.899   915   915 D wpa_supplicant: wlan0: Control interface command 'DRIVER RXFILTER-STOP'
01-05 10:15:35.899   915   915 D wpa_supplicant: iface wlan0 recv cmd RXFILTER-STOP
01-05 10:15:35.899   915   915 D wpa_supplicant: CTRL-DEBUG: global_ctrl_sock-sendto: sock=8 sndbuf=163840 outq=0 send_len=3
01-05 10:15:35.900   915   915 D wpa_supplicant: wlan0: Control interface command 'DRIVER RXFILTER-ADD 2'
01-05 10:15:35.900   915   915 D wpa_supplicant: iface wlan0 recv cmd RXFILTER-ADD 2
01-05 10:15:35.900   915   915 D wpa_supplicant: CTRL-DEBUG: global_ctrl_sock-sendto: sock=8 sndbuf=163840 outq=0 send_len=3
01-05 10:15:35.901   915   915 D wpa_supplicant: wlan0: Control interface command 'DRIVER RXFILTER-START'
01-05 10:15:35.901   915   915 D wpa_supplicant: iface wlan0 recv cmd RXFILTER-START
01-05 10:15:35.901   915   915 D wpa_supplicant: CTRL-DEBUG: global_ctrl_sock-sendto: sock=8 sndbuf=163840 outq=0 send_len=3
01-05 10:15:35.902   915   915 D wpa_supplicant: wlan0: Control interface command 'DRIVER RXFILTER-STOP'
01-05 10:15:35.902   915   915 D wpa_supplicant: iface wlan0 recv cmd RXFILTER-STOP
01-05 10:15:35.902   915   915 D wpa_supplicant: CTRL-DEBUG: global_ctrl_sock-sendto: sock=8 sndbuf=163840 outq=0 send_len=3
01-05 10:15:35.902   915   915 D wpa_supplicant: wlan0: Control interface command 'DRIVER RXFILTER-ADD 3'
01-05 10:15:35.903   915   915 D wpa_supplicant: iface wlan0 recv cmd RXFILTER-ADD 3
01-05 10:15:35.903   915   915 D wpa_supplicant: CTRL-DEBUG: global_ctrl_sock-sendto: sock=8 sndbuf=163840 outq=0 send_len=3
01-05 10:15:35.903   915   915 D wpa_supplicant: wlan0: Control interface command 'DRIVER RXFILTER-START'
01-05 10:15:35.903   915   915 D wpa_supplicant: iface wlan0 recv cmd RXFILTER-START
01-05 10:15:35.903   915   915 D wpa_supplicant: CTRL-DEBUG: global_ctrl_sock-sendto: sock=8 sndbuf=163840 outq=0 send_len=3
01-05 10:15:35.904   915   915 D wpa_supplicant: EAPOL: EAP Session-Id not available
01-05 10:15:35.904   915   915 D wpa_supplicant: CTRL-DEBUG: ctrl_sock-sendmsg: sock=8 sndbuf=163840 outq=0 send_len=67
01-05 10:15:35.905   915   915 D wpa_supplicant: CTRL_IFACE monitor sent successfully to /data/misc/wifi/sockets/wpa_ctrl_464-2\x00
01-05 10:15:35.905   915   915 D wpa_supplicant: CTRL-DEBUG: global_ctrl_sock-sendto: sock=8 sndbuf=163840 outq=0 send_len=128
01-05 10:15:35.907   915   915 D wpa_supplicant: wlan0: Control interface command 'SET ps 1'
01-05 10:15:35.907   915   915 D wpa_supplicant: CTRL_IFACE SET 'ps'='1'
01-05 10:15:35.907   915   915 D wpa_supplicant: nl80211: set_p2p_powersave (legacy_ps=1 opp_ps=-1 ctwindow=-1)
01-05 10:15:35.908   915   915 D wpa_supplicant: CTRL-DEBUG: global_ctrl_sock-sendto: sock=8 sndbuf=163840 outq=0 send_len=3
01-05 10:15:35.912   915   915 D wpa_supplicant: wlan0: Control interface command 'DRIVER SETSUSPENDMODE 0'
01-05 10:15:35.913   915   915 D wpa_supplicant: iface wlan0 recv cmd SETSUSPENDMODE 0
01-05 10:15:35.913   915   915 E wpa_supplicant: wpa_driver_nl80211_driver_cmd: failed to issue private commands
01-05 10:15:35.913   915   915 D wpa_supplicant: CTRL-DEBUG: global_ctrl_sock-sendto: sock=8 sndbuf=163840 outq=0 send_len=5
01-05 10:15:35.913   464   484 E BatteryStatsService: no controller energy info supplied
01-05 10:15:35.918   464   484 E KernelWakelockReader: neither /proc/wakelocks nor /d/wakeup_sources exists
01-05 10:15:35.919   464   484 W BatteryStatsImpl: Couldn't get kernel wake lock stats
01-05 10:15:35.921   464   484 E BatteryStatsService: no controller energy info supplied
01-05 10:15:35.925   464   484 E KernelWakelockReader: neither /proc/wakelocks nor /d/wakeup_sources exists
01-05 10:15:35.925   464   484 W BatteryStatsImpl: Couldn't get kernel wake lock stats
01-05 10:15:36.002   464   464 E NetdConnector: NDC Command {14 bandwidth setglobalalert 2097152} took too long (563ms)
01-05 10:15:36.005   253   766 D CommandListener: Setting iface cfg
01-05 10:15:36.006   253   766 D CommandListener: Trying to bring up p2p0
01-05 10:15:36.006   464   784 I chatty  : uid=1000(system) WifiP2pService expire 3 lines
01-05 10:15:36.009   915   915 D wpa_supplicant: RX global ctrl_iface - hexdump(len=26): 53 45 54 20 70 65 72 73 69 73 74 65 6e 74 5f 72 65 63 6f 6e 6e 65 63 74 20 31
01-05 10:15:36.009   915   915 D wpa_supplicant: GLOBAL_CTRL_IFACE SET 'persistent_reconnect'='1'
01-05 10:15:36.009   915   915 D wpa_supplicant: p2p0: Control interface command 'SET persistent_reconnect 1'
01-05 10:15:36.009   915   915 D wpa_supplicant: CTRL_IFACE SET 'persistent_reconnect'='1'
01-05 10:15:36.009   915   915 D wpa_supplicant: persistent_reconnect=1
01-05 10:15:36.009   915   915 D wpa_supplicant: P2P: New SSID postfix: -Android_eb60
01-05 10:15:36.009   915   915 D wpa_supplicant: CTRL-DEBUG: global_ctrl_sock-sendto: sock=8 sndbuf=163840 outq=0 send_len=3
01-05 10:15:36.010   915   915 D wpa_supplicant: RX global ctrl_iface - hexdump(len=28): 53 45 54 20 64 65 76 69 63 65 5f 6e 61 6d 65 20 41 6e 64 72 6f 69 64 5f 65 62 36 30
01-05 10:15:36.010   915   915 D wpa_supplicant: GLOBAL_CTRL_IFACE SET 'device_name'='Android_eb60'
01-05 10:15:36.011   915   915 D wpa_supplicant: p2p0: Control interface command 'SET device_name Android_eb60'
01-05 10:15:36.011   915   915 D wpa_supplicant: CTRL_IFACE SET 'device_name'='Android_eb60'
01-05 10:15:36.011   915   915 D wpa_supplicant: device_name='Android_eb60'
01-05 10:15:36.011   915   915 D wpa_supplicant: CTRL-DEBUG: global_ctrl_sock-sendto: sock=8 sndbuf=163840 outq=0 send_len=3
01-05 10:15:36.011   915   915 D wpa_supplicant: RX global ctrl_iface - hexdump(len=34): 53 45 54 20 70 32 70 5f 73 73 69 64 5f 70 6f 73 74 66 69 78 20 2d 41 6e 64 72 6f 69 64 5f 65 62 ...
01-05 10:15:36.012   915   915 D wpa_supplicant: GLOBAL_CTRL_IFACE SET 'p2p_ssid_postfix'='-Android_eb60'
01-05 10:15:36.012   915   915 D wpa_supplicant: p2p0: Control interface command 'SET p2p_ssid_postfix -Android_eb60'
01-05 10:15:36.012   915   915 D wpa_supplicant: CTRL_IFACE SET 'p2p_ssid_postfix'='-Android_eb60'
01-05 10:15:36.012   915   915 D wpa_supplicant: p2p_ssid_postfix='-Android_eb60'
01-05 10:15:36.012   915   915 D wpa_supplicant: P2P: New SSID postfix: -Android_eb60
01-05 10:15:36.012   915   915 D wpa_supplicant: CTRL-DEBUG: global_ctrl_sock-sendto: sock=8 sndbuf=163840 outq=0 send_len=3
01-05 10:15:36.013   464   464 D NetworkPolicy: setRestrictBackgroundUL(): false
01-05 10:15:36.016   915   915 D wpa_supplicant: RX global ctrl_iface - hexdump(len=29): 53 45 54 20 64 65 76 69 63 65 5f 74 79 70 65 20 31 30 2d 30 30 35 30 46 32 30 34 2d 35
01-05 10:15:36.016   915   915 D wpa_supplicant: GLOBAL_CTRL_IFACE SET 'device_type'='10-0050F204-5'
01-05 10:15:36.016   915   915 D wpa_supplicant: p2p0: Control interface command 'SET device_type 10-0050F204-5'
01-05 10:15:36.016   915   915 D wpa_supplicant: CTRL_IFACE SET 'device_type'='10-0050F204-5'
01-05 10:15:36.016   915   915 D wpa_supplicant: CTRL-DEBUG: global_ctrl_sock-sendto: sock=8 sndbuf=163840 outq=0 send_len=3
01-05 10:15:36.017   915   915 D wpa_supplicant: RX global ctrl_iface - hexdump(len=62): 53 45 54 20 63 6f 6e 66 69 67 5f 6d 65 74 68 6f 64 73 20 76 69 72 74 75 61 6c 5f 70 75 73 68 5f ...
01-05 10:15:36.017   915   915 D wpa_supplicant: GLOBAL_CTRL_IFACE SET 'config_methods'='virtual_push_button physical_display keypad'
01-05 10:15:36.017   915   915 D wpa_supplicant: p2p0: Control interface command 'SET config_methods virtual_push_button physical_display keypad'
01-05 10:15:36.017   915   915 D wpa_supplicant: CTRL_IFACE SET 'config_methods'='virtual_push_button physical_display keypad'
01-05 10:15:36.017   915   915 D wpa_supplicant: config_methods='virtual_push_button physical_display keypad'
01-05 10:15:36.018   915   915 D wpa_supplicant: CTRL-DEBUG: global_ctrl_sock-sendto: sock=8 sndbuf=163840 outq=0 send_len=3
01-05 10:15:36.018   915   915 D wpa_supplicant: p2p0: Control interface command 'P2P_SET conc_pref sta'
01-05 10:15:36.019   915   915 D wpa_supplicant: Single channel concurrency preference: sta
01-05 10:15:36.019   915   915 D wpa_supplicant: CTRL-DEBUG: global_ctrl_sock-sendto: sock=8 sndbuf=163840 outq=0 send_len=3
01-05 10:15:36.019   915   915 D wpa_supplicant: RX global ctrl_iface - hexdump(len=6): 53 54 41 54 55 53
01-05 10:15:36.019   915   915 D wpa_supplicant: CTRL-DEBUG: global_ctrl_sock-sendto: sock=8 sndbuf=163840 outq=0 send_len=144
01-05 10:15:36.021   915   915 D wpa_supplicant: p2p0: Control interface command 'P2P_FLUSH'
01-05 10:15:36.021   915   915 D wpa_supplicant: P2P: Stopping find
01-05 10:15:36.021   915   915 D wpa_supplicant: P2P: Clear timeout (state=IDLE)
01-05 10:15:36.021   915   915 D wpa_supplicant: P2P: State IDLE -> IDLE
01-05 10:15:36.021   915   915 D wpa_supplicant: iface p2p0 set_ap_wps_p2p_ie, ignored
01-05 10:15:36.021   915   915 D wpa_supplicant: P2P: Disabling Extended Listen Timing
01-05 10:15:36.021   915   915 D wpa_supplicant: P2P: Stopping find
01-05 10:15:36.021   915   915 D wpa_supplicant: P2P: Clear timeout (state=IDLE)
01-05 10:15:36.021   915   915 D wpa_supplicant: P2P: State IDLE -> IDLE
01-05 10:15:36.022   915   915 D wpa_supplicant: iface p2p0 set_ap_wps_p2p_ie, ignored
01-05 10:15:36.022   915   915 D wpa_supplicant: CTRL-DEBUG: global_ctrl_sock-sendto: sock=8 sndbuf=163840 outq=0 send_len=3
01-05 10:15:36.023   915   915 D wpa_supplicant: p2p0: Control interface command 'P2P_SERVICE_FLUSH'
01-05 10:15:36.023   915   915 D wpa_supplicant: P2P: All ASP advertisements flushed
01-05 10:15:36.023   915   915 D wpa_supplicant: CTRL-DEBUG: global_ctrl_sock-sendto: sock=8 sndbuf=163840 outq=0 send_len=3
01-05 10:15:36.024   915   915 D wpa_supplicant: p2p0: Control interface command 'LIST_NETWORKS'
01-05 10:15:36.024   915   915 D wpa_supplicant: CTRL-DEBUG: global_ctrl_sock-sendto: sock=8 sndbuf=163840 outq=0 send_len=34
01-05 10:15:36.025   915   915 D wpa_supplicant: RX global ctrl_iface - hexdump(len=11): 53 41 56 45 5f 43 4f 4e 46 49 47
01-05 10:15:36.025   915   915 D wpa_supplicant: Writing configuration file '/data/misc/wifi/p2p_supplicant.conf.tmp'
01-05 10:15:36.043   915   915 D wpa_supplicant: Configuration file '/data/misc/wifi/p2p_supplicant.conf' written successfully
01-05 10:15:36.043   915   915 D wpa_supplicant: p2p0: CTRL_IFACE: SAVE_CONFIG - Configuration updated
01-05 10:15:36.043   915   915 D wpa_supplicant: Writing configuration file '/data/misc/wifi/wpa_supplicant.conf.tmp'
01-05 10:15:36.048   236   303 D agps    : [agps] WARNING: [CP] cp2_fd_1_req_sim_num_timeout
01-05 10:15:36.049   236   276 D agps    : [agps][n][CP] [MD_1] write  sim_info_req
01-05 10:15:36.054   236   276 D agps    : [agps][n][CP] [MD_1] read  sim_info_rsp  sim_number=2 md_type=0 (0=fdd, 1=tdd) ecid=0 otdoa=0 band_num=0
01-05 10:15:36.054   236   276 E agps    : [agps] ERR: [CP] band_num is not ready  retry=18
01-05 10:15:36.054   915   915 D wpa_supplicant: Configuration file '/data/misc/wifi/wpa_supplicant.conf' written successfully
01-05 10:15:36.055   915   915 D wpa_supplicant: wlan0: CTRL_IFACE: SAVE_CONFIG - Configuration updated
01-05 10:15:36.055   915   915 D wpa_supplicant: CTRL-DEBUG: global_ctrl_sock-sendto: sock=8 sndbuf=163840 outq=0 send_len=3
01-05 10:15:36.074   813   865 I ServiceManager: Waiting for service media.resource_manager...
01-05 10:15:36.744   915   915 D wpa_supplicant: EAPOL: disable timer tick
01-05 10:15:36.841   464   464 E NetdConnector: NDC Command {17 firewall enable_chain standby} took too long (538ms)
01-05 10:15:36.863   915   915 D wpa_supplicant: EAPOL: disable timer tick
01-05 10:15:36.973   464   783 I chatty  : uid=1000(system) NetworkPolicy expire 1 line
01-05 10:15:37.004   464   464 I SystemServiceManager: Starting phase 600
01-05 10:15:37.028   464   464 D GestureLauncherService: Gesture launcher mEmergencyNumber = 112 hits = 3
01-05 10:15:37.030   464   781 I chatty  : uid=1000(system) NetworkStats expire 1 line
01-05 10:15:37.031   464   464 D SensorNotificationService: Cannot obtain dynamic meta sensor, not supported.
01-05 10:15:37.069   464   479 I chatty  : uid=1000(system) android.bg expire 59 lines
01-05 10:15:37.069   240   240 D MNLD    : process: epoll_wait() received 1 events
01-05 10:15:37.069   240   240 D MNLD    : socket_handler: args from hal: 132
01-05 10:15:37.070   240   240 D MNLD    : socket_handler: MNL_AGPS_TYPE_SET_SERVER
01-05 10:15:37.070   240   240 D agps    : [MNL2AGPS] mnl2agps_set_server, hostname = supl.google.com, port = 7276
01-05 10:15:37.070   240   240 D MNLD    : process: socket_handler: ret = 0
01-05 10:15:37.070   236   276 D agps    : [agps][n][AGPS] [MNL] read  set_server  type=1 hostname=[supl.google.com] port=7276
01-05 10:15:37.075   813   865 E MediaCodec: Failed to get ResourceManagerService
01-05 10:15:37.075   813   865 I ServiceManager: Waiting for service media.player...
01-05 10:15:37.078   464   464 W LocationManagerService: no network location provider found
01-05 10:15:37.088   464   464 E LocationManagerService: no geocoder provider found
01-05 10:15:37.089   464   464 D LocationManagerService: FLP HAL not supported
01-05 10:15:37.095   464   464 D LocationManagerService: Unable to bind FLP Geofence proxy.
01-05 10:15:37.096   464   464 D LocationManagerService: Hardware Activity-Recognition not supported.
01-05 10:15:37.098   464   464 D LocationManagerService: Unable to bind ActivityRecognitionProxy.
01-05 10:15:37.103   240   240 D MNLD    : process: epoll_wait() received 1 events
01-05 10:15:37.103   240   240 D MNLD    : socket_handler: args from hal: 0
01-05 10:15:37.104   240   240 D MNLD    : mnl_write_attr: write '0' to /sys/class/gpsdrv/gps/pwrctl okay
01-05 10:15:37.104   240   240 D MNLD    : mnl_write_attr: write '1' to /sys/class/gpsdrv/gps/state okay
01-05 10:15:37.104   240   240 D agps    : [MNL2AGPS] mnl2agps_gps_init
01-05 10:15:37.104   240   240 D MNLD    : process: socket_handler: ret = 0
01-05 10:15:37.104   236   276 D agps    : [agps][n][AGPS] [MNL] read  gps_init
01-05 10:15:37.106   464   943 I chatty  : uid=1000(system) GPS NATIVE THRE expire 11 lines
01-05 10:15:37.112   240   240 D MNLD    : process: epoll_wait() received 1 events
01-05 10:15:37.112   240   240 D MNLD    : socket_handler: args from hal: 132
01-05 10:15:37.112   240   240 D MNLD    : socket_handler: MNL_AGPS_TYPE_SET_SERVER
01-05 10:15:37.112   240   240 D agps    : [MNL2AGPS] mnl2agps_set_server, hostname = supl.google.com, port = 7276
01-05 10:15:37.112   240   240 D MNLD    : process: socket_handler: ret = 0
01-05 10:15:37.112   236   276 D agps    : [agps][n][AGPS] [MNL] read  set_server  type=1 hostname=[supl.google.com] port=7276
01-05 10:15:37.113   464   945 I chatty  : uid=1000(system) android.bg expire 1 line
01-05 10:15:37.100   479   479 I android.bg: type=1400 audit(0.0:21): avc: denied { read } for name="u:object_r:wmt_prop:s0" dev="tmpfs" ino=28 scontext=u:r:system_server:s0 tcontext=u:object_r:wmt_prop:s0 tclass=file permissive=1
01-05 10:15:37.100   479   479 I android.bg: type=1400 audit(0.0:22): avc: denied { open } for path="/dev/__properties__/u:object_r:wmt_prop:s0" dev="tmpfs" ino=28 scontext=u:r:system_server:s0 tcontext=u:object_r:wmt_prop:s0 tclass=file permissive=1
01-05 10:15:37.100   479   479 I android.bg: type=1400 audit(0.0:23): avc: denied { getattr } for path="/dev/__properties__/u:object_r:wmt_prop:s0" dev="tmpfs" ino=28 scontext=u:r:system_server:s0 tcontext=u:object_r:wmt_prop:s0 tclass=file permissive=1
01-05 10:15:37.117   464   553 I chatty  : uid=1000(system) InputReader expire 2 lines
01-05 10:15:37.122   464   464 I MmsServiceBroker: Delay connecting to MmsService until an API is called
01-05 10:15:37.123   464   464 W CameraService_proxy: Could not notify mediaserver, camera service not available.
01-05 10:15:37.124   464   464 W VoiceInteractionManagerService: no available voice interaction services found for user 0
01-05 10:15:37.124   464   464 W VoiceInteractionManagerService: no available voice recognition services found for user 0
01-05 10:15:37.138   464   464 I ActivityManager: Start proc 946:com.android.phone/1001 for added application com.android.phone
01-05 10:15:37.139   464   464 I ActivityManager: START u0 {act=android.intent.action.MAIN cat=[android.intent.category.HOME] flg=0x10000100 cmp=com.android.settings/.FallbackHome} from uid 0 on display 0
01-05 10:15:37.249   464   464 I ActivityManager: Loaded persisted task ids for user 0
01-05 10:15:37.281   464   464 I ActivityManager: Start proc 960:com.android.settings/1000 for activity com.android.settings/.FallbackHome
01-05 10:15:37.284   464   481 I chatty  : uid=1000(system) android.ui expire 8 lines
01-05 10:15:37.285   464   464 I SystemServer: Enabled StrictMode for system server main thread.
01-05 10:15:37.316   464   464 D ZenLog  : set_zen_mode: off,readXml
01-05 10:15:37.324   946   946 W System  : ClassLoader referenced unknown path: /system/priv-app/TeleService/lib/arm
01-05 10:15:37.328   946   946 W asset   : Asset path /system/framework/org.cyanogenmod.platform-res.apk is neither a directory nor file (type=1).
01-05 10:15:37.328   946   946 E asset   : Failed to load CMSDK resources!
01-05 10:15:37.333   464   464 D ConditionProviders: Subscribing to condition://android/event?userId=-10000&calendar=&reply=1 with ComponentInfo{android/com.android.server.notification.EventConditionProvider}
01-05 10:15:37.333   464   464 D ZenLog  : subscribe: condition://android/event?userId=-10000&calendar=&reply=1,ok
01-05 10:15:37.334   464   464 D ConditionProviders: Subscribing to condition://android/schedule?days=6.7&start=23.30&end=10.0&exitAtAlarm=false with ComponentInfo{android/com.android.server.notification.ScheduleConditionProvider}
01-05 10:15:37.334   464   464 D ZenLog  : subscribe: condition://android/schedule?days=6.7&start=23.30&end=10.0&exitAtAlarm=false,ok
01-05 10:15:37.335   464   464 D ConditionProviders: Subscribing to condition://android/schedule?days=1.2.3.4.5&start=22.0&end=7.0&exitAtAlarm=false with ComponentInfo{android/com.android.server.notification.ScheduleConditionProvider}
01-05 10:15:37.335   464   464 D ZenLog  : subscribe: condition://android/schedule?days=1.2.3.4.5&start=22.0&end=7.0&exitAtAlarm=false,ok
01-05 10:15:37.336   813   813 V StatusBar: userId 0 is in the house
01-05 10:15:37.358   813   890 E ActivityThread: Failed to find provider info for com.android.contacts
01-05 10:15:37.385   464   788 I chatty  : uid=1000(system) WifiScanningSer expire 2 lines
01-05 10:15:37.385   464   464 D ZenLog  : set_zen_mode: off,cleanUpZenRules
01-05 10:15:37.387   464   789 I chatty  : uid=1000(system) WifiRttService expire 2 lines
01-05 10:15:37.403   228   768 D PermissionCache: checking android.permission.READ_FRAME_BUFFER for uid=1000 => granted (1724 us)
01-05 10:15:37.404   228   768 I [MALI][Gralloc]: usage: 0xb33, format: 1 stride: 480 vertical_stride: 854 size: 1639680
01-05 10:15:37.442   946   946 W System  : ClassLoader referenced unknown path: /system/priv-app/TelephonyProvider/lib/arm
01-05 10:15:37.443   946   946 D ApplicationLoaders: ignored Vulkan layer search path /system/priv-app/TelephonyProvider/lib/arm:/system/lib:/vendor/lib for namespace 0xb2dda090
01-05 10:15:37.444   946   946 W asset   : Asset path /system/framework/org.cyanogenmod.platform-res.apk is neither a directory nor file (type=1).
01-05 10:15:37.444   946   946 E asset   : Failed to load CMSDK resources!
01-05 10:15:37.450   960   960 W System  : ClassLoader referenced unknown path: /system/priv-app/Settings/lib/arm
01-05 10:15:37.455   960   960 W asset   : Asset path /system/framework/org.cyanogenmod.platform-res.apk is neither a directory nor file (type=1).
01-05 10:15:37.455   960   960 E asset   : Failed to load CMSDK resources!
01-05 10:15:37.590   946   946 D TelephonyProvider: dbh.onOpen: ok, queried table=siminfo
01-05 10:15:37.591   946   946 D TelephonyProvider: dbh.onOpen: ok, queried table=carriers
01-05 10:15:37.628   464   464 D BluetoothManagerService: Trying to bind to profile: 1, while Bluetooth was disabled
01-05 10:15:37.641   464   464 I Telecom : SystemStateProvider: Registering car mode receiver: android.content.IntentFilter@b1f7b74: TS.init@AAA
01-05 10:15:37.674   464   988 I Telecom : Telecom: Non-call EVENT: AUDIO_ROUTE, Entering state QuiescentEarpieceRoute
01-05 10:15:37.683   464   990 I Telecom : CallAudioModeStateMachine: Message received: null.: TS.init->CAMSM.pM_1@AAA_0
01-05 10:15:37.714   464   464 I Telecom : ViceNotificationImpl: ViceNotificationImpl: TS.init@AAA
01-05 10:15:37.720   946   946 W System  : ClassLoader referenced unknown path: /system/framework/qti-telephony-common.jar
01-05 10:15:37.725   946   946 W System.err: java.lang.ClassNotFoundException: com.qualcomm.qti.internal.telephony.QtiTelephonyComponentFactory
01-05 10:15:37.728   464   992 E ActivityThread: Failed to find provider info for call_log
01-05 10:15:37.732   464   464 D BluetoothManagerService: Trying to bind to profile: 1, while Bluetooth was disabled
01-05 10:15:37.733   464   464 I Telecom : BluetoothPhoneService: Ignoring IBluetoothDsdaService class not found exception : TS.init@AAA
01-05 10:15:37.746   946   946 W System.err: 	at java.lang.Class.classForName(Native Method)
01-05 10:15:37.746   946   946 W System.err: 	at java.lang.Class.forName(Class.java:400)
01-05 10:15:37.746   946   946 W System.err: 	at com.android.internal.telephony.TelephonyComponentFactory.getInstance(TelephonyComponentFactory.java:71)
01-05 10:15:37.746   946   946 W System.err: 	at com.android.internal.telephony.PhoneFactory.makeDefaultPhone(PhoneFactory.java:133)
01-05 10:15:37.746   946   946 W System.err: 	at com.android.internal.telephony.PhoneFactory.makeDefaultPhones(PhoneFactory.java:91)
01-05 10:15:37.746   946   946 W System.err: 	at com.android.phone.PhoneGlobals.onCreate(PhoneGlobals.java:282)
01-05 10:15:37.746   946   946 W System.err: 	at com.android.phone.PhoneApp.onCreate(PhoneApp.java:41)
01-05 10:15:37.746   946   946 W System.err: 	at android.app.Instrumentation.callApplicationOnCreate(Instrumentation.java:1025)
01-05 10:15:37.746   946   946 W System.err: 	at android.app.ActivityThread.handleBindApplication(ActivityThread.java:5498)
01-05 10:15:37.746   946   946 W System.err: 	at android.app.ActivityThread.-wrap2(ActivityThread.java)
01-05 10:15:37.746   946   946 W System.err: 	at android.app.ActivityThread$H.handleMessage(ActivityThread.java:1575)
01-05 10:15:37.746   946   946 W System.err: 	at android.os.Handler.dispatchMessage(Handler.java:102)
01-05 10:15:37.747   946   946 W System.err: 	at android.os.Looper.loop(Looper.java:154)
01-05 10:15:37.747   946   946 W System.err: 	at android.app.ActivityThread.main(ActivityThread.java:6236)
01-05 10:15:37.747   946   946 W System.err: 	at java.lang.reflect.Method.invoke(Native Method)
01-05 10:15:37.747   946   946 W System.err: 	at com.android.internal.os.ZygoteInit$MethodAndArgsCaller.run(ZygoteInit.java:891)
01-05 10:15:37.747   946   946 W System.err: 	at com.android.internal.os.ZygoteInit.main(ZygoteInit.java:781)
01-05 10:15:37.747   946   946 W System.err: Caused by: java.lang.ClassNotFoundException: Didn't find class "com.qualcomm.qti.internal.telephony.QtiTelephonyComponentFactory" on path: DexPathList[[],nativeLibraryDirectories=[/system/lib, /vendor/lib]]
01-05 10:15:37.747   946   946 W System.err: 	at dalvik.system.BaseDexClassLoader.findClass(BaseDexClassLoader.java:56)
01-05 10:15:37.747   946   946 W System.err: 	at java.lang.ClassLoader.loadClass(ClassLoader.java:380)
01-05 10:15:37.747   946   946 W System.err: 	at java.lang.ClassLoader.loadClass(ClassLoader.java:312)
01-05 10:15:37.748   946   946 W System.err: 	... 17 more
01-05 10:15:37.748   464   464 I Telecom : Class: TelecomSystem.INSTANCE being set
01-05 10:15:37.749   464   464 W ContextImpl: Calling a method in the system process without a qualified user: android.app.ContextImpl.startService:1357 android.content.ContextWrapper.startService:613 com.android.server.telecom.components.TelecomService.initializeTelecomSystem:196 com.android.server.telecom.components.TelecomService.onBind:64 android.app.ActivityThread.handleBindService:3258 
01-05 10:15:37.771   464   480 I chatty  : uid=1000(system) ActivityManager expire 9 lines
01-05 10:15:37.772   464   464 W ContextImpl: Calling a method in the system process without a qualified user: android.app.ContextImpl.startService:1357 com.android.server.content.SyncManager$13.run:658 android.os.Handler.handleCallback:751 android.os.Handler.dispatchMessage:95 android.os.Looper.loop:154 
01-05 10:15:37.776   228   768 I [MALI][Gralloc]: usage: 0x900, format: 1 stride: 480 vertical_stride: 854 size: 1639680
01-05 10:15:37.779   228   768 I [MALI][Gralloc]: usage: 0x900, format: 1 stride: 480 vertical_stride: 854 size: 1639680
01-05 10:15:37.780   228   269 I SurfaceFlinger: Boot is finished (42159 ms)
01-05 10:15:37.782   228   768 I [MALI][Gralloc]: usage: 0x900, format: 1 stride: 480 vertical_stride: 854 size: 1639680
01-05 10:15:37.787   960   991 I OpenGLRenderer: Initialized EGL, version 1.4
01-05 10:15:37.787   960   991 D OpenGLRenderer: Swap behavior 2
01-05 10:15:37.789   464   710 D CryptdConnector: SND -> {3 cryptfs getpw}
01-05 10:15:37.790   201   211 D VoldCryptCmdListener: cryptfs getpw
01-05 10:15:37.793   464   557 D CryptdConnector: RCV <- {200 3 -1}
01-05 10:15:37.794   464   710 D CryptdConnector: SND -> {4 cryptfs clearpw}
01-05 10:15:37.795   201   211 D VoldCryptCmdListener: cryptfs clearpw
01-05 10:15:37.795   464   557 D CryptdConnector: RCV <- {200 4 0}
01-05 10:15:37.807   464   476 I ActivityManager: Setting hasTopUi=true for pid=813
01-05 10:15:37.811   228   768 I [MALI][Gralloc]: usage: 0xf02, format: 1 stride: 480 vertical_stride: 854 size: 1639680
01-05 10:15:37.821   960   991 I [MALI][Gralloc]: open = 0xacda5c21
01-05 10:15:37.821   960   991 I [MALI][Gralloc]: close = 0xacda5c59
01-05 10:15:37.821   960   991 I [MALI][Gralloc]: alloc = 0xacda5cf1
01-05 10:15:37.821   960   991 I [MALI][Gralloc]: ref = 0xacda5df5
01-05 10:15:37.821   960   991 I [MALI][Gralloc]: unref = 0xacda5e69
01-05 10:15:37.821   960   991 I [MALI][Gralloc]: gralloc tlcMemOpen recount = 0
01-05 10:15:37.821   960   991 I [MALI][Gralloc]: gralloc call tlcMemOpen
01-05 10:15:37.821   960   991 I TLC_SECMEM: tlcMemOpen: opening secure memory driver
01-05 10:15:37.821   960   991 E TLC_SECMEM: tlcMemOpenInternal: open device file failed for R/W: 2 (No such file or directory)
01-05 10:15:37.821   960   991 E [MALI][Gralloc-ERROR]: void gralloc_private_TEEopen():1049 tlcMemOpen fail, ret = 16
01-05 10:15:37.868   464   490 I WindowManager: Screen frozen for +475ms due to AppWindowToken{52ce314 token=Token{bd8b926 ActivityRecord{b649481 u0 com.android.settings/.FallbackHome t1}}}
01-05 10:15:37.887   464   795 I chatty  : uid=1000(system) notification-sq expire 1 line
01-05 10:15:37.897   464   710 I chatty  : uid=1000(system) Binder:464_3 expire 11 lines
01-05 10:15:37.933   464   464 V WiredAccessoryManager: init()
01-05 10:15:37.950   813   813 D PhoneStatusBar: disable: < EXPAND ICONS* alerts SYSTEM_INFO* BACK HOME RECENT clock SEARCH quick_settings >
01-05 10:15:37.963   813   891 I CameraManagerGlobal: Connecting to camera service
01-05 10:15:37.964   813   891 E CameraManagerGlobal: Camera service is unavailable
01-05 10:15:37.984   813   813 D PhoneStatusBar: disable: < EXPAND ICONS alerts SYSTEM_INFO BACK HOME RECENT clock SEARCH quick_settings >
01-05 10:15:38.006   464   480 I VrManagerService: VR mode is disallowed
01-05 10:15:38.049   236   303 D agps    : [agps] WARNING: [CP] cp2_fd_1_req_sim_num_timeout
01-05 10:15:38.050   236   276 D agps    : [agps][n][CP] [MD_1] write  sim_info_req
01-05 10:15:38.054   236   276 D agps    : [agps][n][CP] [MD_1] read  sim_info_rsp  sim_number=2 md_type=0 (0=fdd, 1=tdd) ecid=0 otdoa=0 band_num=0
01-05 10:15:38.054   236   276 E agps    : [agps] ERR: [CP] band_num is not ready  retry=19
01-05 10:15:38.055   244   244 D AudioALSAStreamManager: setMicMute(), mMicMute: 0 => 0
01-05 10:15:38.055   244   244 D AudioALSAStreamManager: +SetInputMute(), 0
01-05 10:15:38.055   244   244 D AudioALSAStreamManager: -SetInputMute(), 0
01-05 10:15:38.076   813   865 I ServiceManager: Waiting for service media.player...
01-05 10:15:38.113   464   464 I EntropyMixer: Writing entropy...
01-05 10:15:38.130   228   768 I [MALI][Gralloc]: usage: 0xf02, format: 1 stride: 480 vertical_stride: 854 size: 1639680
01-05 10:15:38.183   464   796 E ActivityThread: Failed to find provider info for com.android.calendar
01-05 10:15:38.184   464   796 E ActivityThread: Failed to find provider info for com.android.calendar
01-05 10:15:38.187   464   464 I Telecom : WiredHeadsetManager: ACTION_HEADSET_PLUG event, plugged in: false, : WHC.oADA@AAE
01-05 10:15:38.235   464   480 I ActivityManager: Start proc 1039:com.android.cellbroadcastreceiver/u0a4 for broadcast com.android.cellbroadcastreceiver/.CellBroadcastReceiver
01-05 10:15:38.236   464   464 I ActivityManager: user 0 is still locked. Cannot load recents
01-05 10:15:38.258   813   833 I art     : Background sticky concurrent mark sweep GC freed 19689(843KB) AllocSpace objects, 0(0B) LOS objects, 0% free, 21MB/21MB, paused 42.630ms total 80.875ms
01-05 10:15:38.304   813   813 D PhoneStatusBar: disable: < expand* ICONS alerts SYSTEM_INFO back* HOME RECENT clock SEARCH quick_settings >
01-05 10:15:38.331   228   272 I [MALI][Gralloc]: usage: 0xf02, format: 1 stride: 480 vertical_stride: 854 size: 1639680
01-05 10:15:38.350   464   547 I chatty  : uid=1000(system) WindowManager expire 9 lines
01-05 10:15:38.362   464   475 I ActivityManager: user 0 is still locked. Cannot load recents
01-05 10:15:38.381   813   813 W KeyguardUpdateMonitor: invalid subId in handleSimStateChange()
01-05 10:15:38.384   813   813 W asset   : Asset path /system/framework/org.cyanogenmod.platform-res.apk is neither a directory nor file (type=1).
01-05 10:15:38.384   813   813 E asset   : Failed to load CMSDK resources!
01-05 10:15:38.764   228   768 I [MALI][Gralloc]: usage: 0xf02, format: 1 stride: 480 vertical_stride: 854 size: 1639680
01-05 10:15:38.780   228   272 I [MALI][Gralloc]: usage: 0xf02, format: 1 stride: 2336 vertical_stride: 1920 size: 17940480
01-05 10:15:38.780   464   547 W WindowManager: Keyguard drawn timeout. Setting mKeyguardDrawComplete
01-05 10:15:38.789   946   946 W SystemConfig: Got exception parsing permissions.
01-05 10:15:38.789   946   946 W SystemConfig: org.xmlpull.v1.XmlPullParserException: Unexpected start tag in /system/etc/permissions/media_codecs.xml: found MediaCodecs, expected 'permissions' or 'config'
01-05 10:15:38.789   946   946 W SystemConfig: 	at com.android.server.SystemConfig.readPermissionsFromXml(SystemConfig.java:289)
01-05 10:15:38.789   946   946 W SystemConfig: 	at com.android.server.SystemConfig.readPermissions(SystemConfig.java:254)
01-05 10:15:38.789   946   946 W SystemConfig: 	at com.android.server.SystemConfig.<init>(SystemConfig.java:203)
01-05 10:15:38.789   946   946 W SystemConfig: 	at com.android.server.SystemConfig.getInstance(SystemConfig.java:136)
01-05 10:15:38.789   946   946 W SystemConfig: 	at com.android.internal.telephony.CarrierAppUtils.disableCarrierAppsUntilPrivileged(CarrierAppUtils.java:78)
01-05 10:15:38.789   946   946 W SystemConfig: 	at com.android.internal.telephony.SubscriptionInfoUpdater.initializeCarrierApps(SubscriptionInfoUpdater.java:188)
01-05 10:15:38.789   946   946 W SystemConfig: 	at com.android.internal.telephony.SubscriptionInfoUpdater.<init>(SubscriptionInfoUpdater.java:146)
01-05 10:15:38.789   946   946 W SystemConfig: 	at com.android.internal.telephony.TelephonyComponentFactory.makeSubscriptionInfoUpdater(TelephonyComponentFactory.java:218)
01-05 10:15:38.789   946   946 W SystemConfig: 	at com.android.internal.telephony.PhoneFactory.makeDefaultPhone(PhoneFactory.java:229)
01-05 10:15:38.789   946   946 W SystemConfig: 	at com.android.internal.telephony.PhoneFactory.makeDefaultPhones(PhoneFactory.java:91)
01-05 10:15:38.789   946   946 W SystemConfig: 	at com.android.phone.PhoneGlobals.onCreate(PhoneGlobals.java:282)
01-05 10:15:38.789   946   946 W SystemConfig: 	at com.android.phone.PhoneApp.onCreate(PhoneApp.java:41)
01-05 10:15:38.789   946   946 W SystemConfig: 	at android.app.Instrumentation.callApplicationOnCreate(Instrumentation.java:1025)
01-05 10:15:38.789   946   946 W SystemConfig: 	at android.app.ActivityThread.handleBindApplication(ActivityThread.java:5498)
01-05 10:15:38.789   946   946 W SystemConfig: 	at android.app.ActivityThread.-wrap2(ActivityThread.java)
01-05 10:15:38.789   946   946 W SystemConfig: 	at android.app.ActivityThread$H.handleMessage(ActivityThread.java:1575)
01-05 10:15:38.789   946   946 W SystemConfig: 	at android.os.Handler.dispatchMessage(Handler.java:102)
01-05 10:15:38.789   946   946 W SystemConfig: 	at android.os.Looper.loop(Looper.java:154)
01-05 10:15:38.789   946   946 W SystemConfig: 	at android.app.ActivityThread.main(ActivityThread.java:6236)
01-05 10:15:38.789   946   946 W SystemConfig: 	at java.lang.reflect.Method.invoke(Native Method)
01-05 10:15:38.789   946   946 W SystemConfig: 	at com.android.internal.os.ZygoteInit$MethodAndArgsCaller.run(ZygoteInit.java:891)
01-05 10:15:38.789   946   946 W SystemConfig: 	at com.android.internal.os.ZygoteInit.main(ZygoteInit.java:781)
01-05 10:15:38.891   946   946 D PhoneSwitcherNetworkRequstListener: Registering NetworkFactory
01-05 10:15:38.910   464   479 E NetdConnector: NDC Command {28 firewall disable_chain standby} took too long (797ms)
01-05 10:15:38.911   464   966 I chatty  : uid=1000(system) Binder:464_4 expire 1 line
01-05 10:15:38.934  1039  1039 W System  : ClassLoader referenced unknown path: /system/priv-app/CellBroadcastReceiver/lib/arm
01-05 10:15:38.938  1039  1039 W asset   : Asset path /system/framework/org.cyanogenmod.platform-res.apk is neither a directory nor file (type=1).
01-05 10:15:38.939  1039  1039 E asset   : Failed to load CMSDK resources!
01-05 10:15:38.959   813   813 W KeyguardUpdateMonitor: invalid subId in handleSimStateChange()
