01-05 10:15:30.020   771   771 F DEBUG   :     #04 pc 0003bbc4  /system/bin/linker (__dl_abort+4)
01-05 10:15:30.020   771   771 F DEBUG   :     #05 pc 0003dceb  /system/bin/linker (__dl___libc_fatal+22)
01-05 10:15:30.020   771   771 F DEBUG   :     #06 pc 00009c4b  /system/bin/linker (__dl__ZL29__linker_init_post_relocationR19KernelArgumentBlockj+3146)
01-05 10:15:30.020   771   771 F DEBUG   :     #07 pc 00008f6b  /system/bin/linker (__dl___linker_init+358)
01-05 10:15:30.020   771   771 F DEBUG   :     #08 pc 000027c0  /system/bin/linker (_start+4)
01-05 10:15:30.029   770   770 F libc    : CANNOT LINK EXECUTABLE "/system/bin/mediaserver": cannot locate symbol "_ZNK7android14ICameraService22getInterfaceDescriptorEv" referenced by "/system/lib/libcameraservice.so"...
01-05 10:15:30.029   770   770 F libc    : Fatal signal 6 (SIGABRT), code -6 in tid 770 (mediaserver)
01-05 10:15:30.046   236   303 D agps    : [agps] WARNING: [CP] cp2_fd_1_req_sim_num_timeout
01-05 10:15:30.046   236   276 D agps    : [agps][n][CP] [MD_1] write  sim_info_req
01-05 10:15:30.052   236   276 D agps    : [agps][n][CP] [MD_1] read  sim_info_rsp  sim_number=2 md_type=0 (0=fdd, 1=tdd) ecid=0 otdoa=0 band_num=0
01-05 10:15:30.052   236   276 E agps    : [agps] ERR: [CP] band_num is not ready  retry=15
01-05 10:15:30.098   200   200 W         : debuggerd: resuming target 769
01-05 10:15:30.098   200   200 E         : debuggerd: failed to send signal 18 to target: No such process
01-05 10:15:30.099   200   200 W         : debuggerd: handling request: pid=770 uid=1013 gid=1005 tid=770
01-05 10:15:30.108   776   776 E         : debuggerd: Unable to connect to activity manager (connect failed: Connection refused)
01-05 10:15:30.159   776   776 F DEBUG   : *** *** *** *** *** *** *** *** *** *** *** *** *** *** *** ***
01-05 10:15:30.159   776   776 F DEBUG   : LineageOS Version: 'unknown'
01-05 10:15:30.159   776   776 F DEBUG   : Build fingerprint: 'Doogee/x5/x5:7.1.2/NJH47F/f9b4cff16b:userdebug/release-keys'
01-05 10:15:30.159   776   776 F DEBUG   : Revision: '0'
01-05 10:15:30.159   776   776 F DEBUG   : ABI: 'arm'
01-05 10:15:30.160   776   776 F DEBUG   : pid: 770, tid: 770, name: mediaserver  >>> /system/bin/mediaserver <<<
01-05 10:15:30.160   776   776 F DEBUG   : signal 6 (SIGABRT), code -6 (SI_TKILL), fault addr --------
01-05 10:15:30.160   776   776 F DEBUG   :     r0 00000000  r1 00000302  r2 00000006  r3 00000008
01-05 10:15:30.160   776   776 F DEBUG   :     r4 b6fa258c  r5 00000006  r6 b6fa2534  r7 0000010c
01-05 10:15:30.160   776   776 F DEBUG   :     r8 bef7a778  r9 00000003  sl bef7a7c0  fp b6f30010
01-05 10:15:30.160   776   776 F DEBUG   :     ip 00000000  sp bef7a710  lr b6f82e4f  pc b6f83868  cpsr 200f0010
01-05 10:15:30.174   776   776 F DEBUG   : 
01-05 10:15:30.174   776   776 F DEBUG   : backtrace:
01-05 10:15:30.174   776   776 F DEBUG   :     #00 pc 00046868  /system/bin/linker (__dl_tgkill+12)
01-05 10:15:30.174   776   776 F DEBUG   :     #01 pc 00045e4b  /system/bin/linker (__dl_pthread_kill+34)
01-05 10:15:30.175   776   776 F DEBUG   :     #02 pc 0003e1ef  /system/bin/linker (__dl_raise+10)
01-05 10:15:30.175   776   776 F DEBUG   :     #03 pc 0003ccab  /system/bin/linker (__dl___libc_android_abort+34)
01-05 10:15:30.175   776   776 F DEBUG   :     #04 pc 0003bbc4  /system/bin/linker (__dl_abort+4)
01-05 10:15:30.175   776   776 F DEBUG   :     #05 pc 0003dceb  /system/bin/linker (__dl___libc_fatal+22)
01-05 10:15:30.175   776   776 F DEBUG   :     #06 pc 00009c4b  /system/bin/linker (__dl__ZL29__linker_init_post_relocationR19KernelArgumentBlockj+3146)
01-05 10:15:30.175   776   776 F DEBUG   :     #07 pc 00008f6b  /system/bin/linker (__dl___linker_init+358)
01-05 10:15:30.175   776   776 F DEBUG   :     #08 pc 000027c0  /system/bin/linker (_start+4)
01-05 10:15:30.265   200   200 W         : debuggerd: resuming target 770
01-05 10:15:30.265   200   200 E         : debuggerd: failed to send signal 18 to target: No such process
01-05 10:15:31.301   464   560 I NetworkManagement: onDaemonConnected()
01-05 10:15:31.307   464   464 I SystemServiceManager: Starting com.android.server.TextServicesManagerService$Lifecycle
01-05 10:15:31.315   464   464 I chatty  : uid=1000 system_server expire 123 lines
01-05 10:15:31.328   464   464 I SystemServer: StartNetworkScoreService
01-05 10:15:31.334   464   464 I SystemServer: StartNetworkStatsService
01-05 10:15:31.348   464   464 I SystemServer: StartNetworkPolicyManagerService
01-05 10:15:31.360   464   464 I SystemServer: No Wi-Fi NAN Service (NAN support Not Present)
01-05 10:15:31.371   464   464 I SystemServiceManager: Starting com.android.server.wifi.p2p.WifiP2pService
01-05 10:15:31.421   464   464 I SystemServiceManager: Starting com.android.server.wifi.WifiService
01-05 10:15:31.490   464   787 I chatty  : uid=1000(system) IpManager.wlan0 expire 1 line
01-05 10:15:31.491   253   766 D CommandListener: Clearing all IP addresses on wlan0
01-05 10:15:31.693   464   786 I chatty  : uid=1000(system) WifiStateMachin expire 46 lines
01-05 10:15:31.715   464   464 I SystemServiceManager: Starting com.android.server.wifi.scanner.WifiScanningService
01-05 10:15:31.720   464   464 I SystemServiceManager: Starting com.android.server.wifi.RttService
01-05 10:15:31.725   464   464 I SystemServiceManager: Starting com.android.server.ethernet.EthernetService
01-05 10:15:31.730   464   464 I SystemServer: StartConnectivityService
01-05 10:15:31.749   464   464 D ConnectivityService: wifiOnly=false
01-05 10:15:31.750   464   464 E ConnectivityService: Error in networkAttributes - ignoring attempt to define type 49
01-05 10:15:31.750   464   464 E ConnectivityService: Error in networkAttributes - ignoring attempt to define type 34
01-05 10:15:31.750   464   464 E ConnectivityService: Error in networkAttributes - ignoring attempt to define type 35
01-05 10:15:31.750   464   464 E ConnectivityService: Error in networkAttributes - ignoring attempt to define type 36
01-05 10:15:31.751   464   464 E ConnectivityService: Error in networkAttributes - ignoring attempt to define type 37
01-05 10:15:31.751   464   464 E ConnectivityService: Error in networkAttributes - ignoring attempt to define type 38
01-05 10:15:31.751   464   464 E ConnectivityService: Error in networkAttributes - ignoring attempt to define type 40
01-05 10:15:31.751   464   464 E ConnectivityService: Error in networkAttributes - ignoring attempt to define type 41
01-05 10:15:31.768   464   464 I SystemServer: StartNsdService
01-05 10:15:31.774   464   464 I SystemServer: StartUpdateLockService
01-05 10:15:31.776   464   464 I SystemServiceManager: Starting com.android.server.RecoverySystemService
01-05 10:15:31.779   464   464 I SystemServiceManager: Starting com.android.server.notification.NotificationManagerService
01-05 10:15:31.814   464   464 D ZenLog  : config: readXml,ZenModeConfig[user=0,allowCalls=true,allowRepeatCallers=false,allowMessages=false,allowCallsFrom=contacts,allowMessagesFrom=contacts,allowReminders=true,allowEvents=true,allowWhenScreenOff=true,allowWhenScreenOn=true,automaticRules={484d2b674b4342cca9fd52d901207270=ZenRule[enabled=false,snoozing=false,name=Event,zenMode=ZEN_MODE_ALARMS,conditionId=condition://android/event?userId=-10000&calendar=&reply=1,condition=Condition[id=condition://android/event?userId=-10000&calendar=&reply=1,summary=...,line1=...,line2=...,icon=0,state=STATE_FALSE,flags=2],component=ComponentInfo{android/com.android.server.notification.EventConditionProvider},id=484d2b674b4342cca9fd52d901207270,creationTime=1515133691394,enabler=null], 4d68a51e2ed44c96bf743eb9fbd8857f=ZenRule[enabled=false,snoozing=false,name=Weekend,zenMode=ZEN_MODE_ALARMS,conditionId=condition://android/schedule?days=6.7&start=23.30&end=10.0&exitAtAlarm=false,condition=Condition[id=condition://android/schedule?days=6.7&start=23.30&end=10.0&exitAtAlarm=false,summary=...,line1=...,line2=...,icon=0,state=STATE_FALSE,flags=2],component=ComponentInfo{android/com.android.server.notification.ScheduleConditionProvider},id=4d68a51e2ed44c96bf743eb9fbd8857f,creationTime=1515133691393,enabler=null], 85ee6baf30054dfe81afdb5f24190643=ZenRule[enabled=false,snoozing=false,name=Weeknight,zenMode=ZEN_MODE_ALARMS,conditionId=condition://android/schedule?days=1.2.3.4.5&start=22.0&end=7.0&exitAtAlarm=false,condition=Condition[id=condition://android/schedule?days=1.2.3.4.5&start=22.0&end=7.0&exitAtAlarm=false,summary=...,line1=...,line2=...,icon=0,state=STATE_FALSE,flags=2],component=ComponentInfo{android/com.android.server.notification.ScheduleConditionProvider},id=85ee6baf30054dfe81afdb5f24190643,creationTime=1515133691393,enabler=null]},manualRule=null],Diff[automaticRule[22468e9956b446428cbae62d72068ba7]:delete,automaticRule[93b2590f295d47218ef0f5e031197929]:delete,automaticRule[484d2b674b4342cca9fd52d901207270]:insert,automaticRule[4d68a51e2ed44c96bf743eb9fbd8857f]:insert,automaticRule[78fb44731ea54336a180947889d32e02]:delete,automaticRule[85ee6baf30054dfe81afdb5f24190643]:insert]
01-05 10:15:31.831   464   464 D ZenLog  : set_zen_mode: off,init
01-05 10:15:31.840   464   464 I SystemServiceManager: Starting com.android.server.storage.DeviceStorageMonitorService
01-05 10:15:31.845   464   464 I SystemServer: StartLocationManagerService
01-05 10:15:31.850   464   464 I SystemServer: StartCountryDetectorService
01-05 10:15:31.853   464   464 I SystemServer: StartSearchManagerService
01-05 10:15:31.855   464   464 I SystemServiceManager: Starting com.android.server.search.SearchManagerService$Lifecycle
01-05 10:15:31.859   464   464 I SystemServiceManager: Starting com.android.server.DropBoxManagerService
01-05 10:15:31.862   464   464 I SystemServer: StartWallpaperManagerService
01-05 10:15:31.863   464   464 I SystemServiceManager: Starting com.android.server.wallpaper.WallpaperManagerService$Lifecycle
01-05 10:15:31.868   464   464 E WallpaperManagerService: Invalid wallpaper data
01-05 10:15:31.868   464   464 E WallpaperManagerService: Unable to apply new wallpaper
01-05 10:15:31.871   464   464 I SystemServer: StartAudioService
01-05 10:15:31.871   464   464 I SystemServiceManager: Starting com.android.server.audio.AudioService$Lifecycle
01-05 10:15:31.884   244   379 D PermissionCache: checking android.permission.MODIFY_AUDIO_SETTINGS for uid=1000 => granted (973 us)
01-05 10:15:31.893   244   373 D AudioALSAStreamOut: latency(), flags 2, return 85
01-05 10:15:31.893   244   376 D AudioALSAStreamOut: latency(), flags 4, return 10
01-05 10:15:31.893   244   373 E AudioALSAStreamOut: -getPresentationPosition(), no playback handler, *frames = 0, return
01-05 10:15:31.893   244   373 W AudioFlinger: no wake lock to update, system not ready yet
01-05 10:15:31.894   244   376 W AudioFlinger: no wake lock to update, system not ready yet
01-05 10:15:31.894   244   379 D AudioALSAStreamManager: setMicMute(), mMicMute: 0 => 0
01-05 10:15:31.894   244   379 D AudioALSAStreamManager: +SetInputMute(), 0
01-05 10:15:31.894   244   379 D AudioALSAStreamManager: -SetInputMute(), 0
01-05 10:15:31.904   244   373 E AudioALSAStreamOut: -getPresentationPosition(), no playback handler, *frames = 0, return
01-05 10:15:31.915   244   373 E AudioALSAStreamOut: -getPresentationPosition(), no playback handler, *frames = 0, return
01-05 10:15:31.926   244   373 E AudioALSAStreamOut: -getPresentationPosition(), no playback handler, *frames = 0, return
01-05 10:15:31.936   244   373 E AudioALSAStreamOut: -getPresentationPosition(), no playback handler, *frames = 0, return
01-05 10:15:31.939   464   464 I SystemServiceManager: Starting com.android.server.DockObserver
01-05 10:15:31.940   464   464 W DockObserver: This kernel does not have dock station support
01-05 10:15:31.941   464   464 I SystemServer: StartWiredAccessoryManager
01-05 10:15:31.943   464   464 W WiredAccessoryManager: This kernel does not have usb audio support
01-05 10:15:31.943   464   464 W WiredAccessoryManager: This kernel does not have HDMI audio support
01-05 10:15:31.944   464   464 I SystemServiceManager: Starting com.android.server.usb.UsbService$Lifecycle
01-05 10:15:31.947   244   373 E AudioALSAStreamOut: -getPresentationPosition(), no playback handler, *frames = 0, return
01-05 10:15:31.958   244   373 E AudioALSAStreamOut: -getPresentationPosition(), no playback handler, *frames = 0, return
01-05 10:15:31.968   464   464 I SystemServer: StartSerialService
01-05 10:15:31.969   244   373 E AudioALSAStreamOut: -getPresentationPosition(), no playback handler, *frames = 0, return
01-05 10:15:31.971   464   464 I SystemServiceManager: Starting com.android.server.twilight.TwilightService
01-05 10:15:31.972   464   464 I SystemServiceManager: Starting com.android.server.job.JobSchedulerService
01-05 10:15:31.979   244   373 E AudioALSAStreamOut: -getPresentationPosition(), no playback handler, *frames = 0, return
01-05 10:15:31.986   464   464 I SystemServiceManager: Starting com.android.server.soundtrigger.SoundTriggerService
01-05 10:15:31.988   464   464 I SystemServiceManager: Starting com.android.server.backup.BackupManagerService$Lifecycle
01-05 10:15:31.990   244   373 E AudioALSAStreamOut: -getPresentationPosition(), no playback handler, *frames = 0, return
01-05 10:15:31.992   464   464 I SystemServiceManager: Starting com.android.server.appwidget.AppWidgetService
01-05 10:15:32.001   244   373 E AudioALSAStreamOut: -getPresentationPosition(), no playback handler, *frames = 0, return
01-05 10:15:32.001   464   464 I SystemServiceManager: Starting com.android.server.voiceinteraction.VoiceInteractionManagerService
01-05 10:15:32.005   464   464 I SystemServer: Gesture Launcher Service
01-05 10:15:32.005   464   464 I SystemServiceManager: Starting com.android.server.GestureLauncherService
01-05 10:15:32.006   464   464 I SystemServiceManager: Starting com.android.server.SensorNotificationService
01-05 10:15:32.007   464   464 I SystemServiceManager: Starting com.android.server.ContextHubSystemService
01-05 10:15:32.009   464   464 I SystemServer: StartDiskStatsService
01-05 10:15:32.012   244   373 E AudioALSAStreamOut: -getPresentationPosition(), no playback handler, *frames = 0, return
01-05 10:15:32.015   464   464 I SystemServer: StartSamplingProfilerService
01-05 10:15:32.023   244   373 E AudioALSAStreamOut: -getPresentationPosition(), no playback handler, *frames = 0, return
01-05 10:15:32.028   464   464 I SystemServer: StartNetworkTimeUpdateService
01-05 10:15:32.031   464   464 I SystemServer: StartCommonTimeManagementService
01-05 10:15:32.033   244   373 E AudioALSAStreamOut: -getPresentationPosition(), no playback handler, *frames = 0, return
01-05 10:15:32.034   464   464 I SystemServer: CertBlacklister
01-05 10:15:32.036   464   464 I SystemServiceManager: Starting com.android.server.emergency.EmergencyAffordanceService
01-05 10:15:32.038   464   464 I SystemServiceManager: Starting com.android.server.dreams.DreamManagerService
01-05 10:15:32.043   464   464 I SystemServiceManager: Starting com.android.server.print.PrintManagerService
01-05 10:15:32.044   244   373 E AudioALSAStreamOut: -getPresentationPosition(), no playback handler, *frames = 0, return
01-05 10:15:32.047   236   303 D agps    : [agps] WARNING: [CP] cp2_fd_1_req_sim_num_timeout
01-05 10:15:32.047   236   276 D agps    : [agps][n][CP] [MD_1] write  sim_info_req
01-05 10:15:32.050   464   464 I SystemServiceManager: Starting com.android.server.restrictions.RestrictionsManagerService
01-05 10:15:32.053   236   276 D agps    : [agps][n][CP] [MD_1] read  sim_info_rsp  sim_number=2 md_type=0 (0=fdd, 1=tdd) ecid=0 otdoa=0 band_num=0
01-05 10:15:32.053   236   276 E agps    : [agps] ERR: [CP] band_num is not ready  retry=16
01-05 10:15:32.055   244   373 E AudioALSAStreamOut: -getPresentationPosition(), no playback handler, *frames = 0, return
01-05 10:15:32.055   464   464 I SystemServiceManager: Starting com.android.server.media.MediaSessionService
01-05 10:15:32.063   464   464 I SystemServer: StartMediaRouterService
01-05 10:15:32.066   244   373 E AudioALSAStreamOut: -getPresentationPosition(), no playback handler, *frames = 0, return
01-05 10:15:32.068   464   464 I SystemServiceManager: Starting com.android.server.trust.TrustManagerService
01-05 10:15:32.072   464   464 I SystemServiceManager: Starting com.android.server.fingerprint.FingerprintService
01-05 10:15:32.076   244   373 E AudioALSAStreamOut: -getPresentationPosition(), no playback handler, *frames = 0, return
01-05 10:15:32.078   464   464 W FingerprintService: fingerprint service not available
01-05 10:15:32.079   464   464 I SystemServer: StartBackgroundDexOptService
01-05 10:15:32.080   464   464 I SystemServiceManager: Starting com.android.server.pm.ShortcutService$Lifecycle
01-05 10:15:32.087   244   373 E AudioALSAStreamOut: -getPresentationPosition(), no playback handler, *frames = 0, return
01-05 10:15:32.091   464   464 I SystemServiceManager: Starting com.android.server.pm.LauncherAppsService
01-05 10:15:32.094   464   464 I SystemServiceManager: Starting com.android.server.media.projection.MediaProjectionManagerService
01-05 10:15:32.098   244   373 E AudioALSAStreamOut: -getPresentationPosition(), no playback handler, *frames = 0, return
01-05 10:15:32.109   244   373 E AudioALSAStreamOut: -getPresentationPosition(), no playback handler, *frames = 0, return
01-05 10:15:32.114   464   464 I SystemServiceManager: Starting com.android.server.MmsServiceBroker
01-05 10:15:32.119   244   373 E AudioALSAStreamOut: -getPresentationPosition(), no playback handler, *frames = 0, return
01-05 10:15:32.130   244   373 E AudioALSAStreamOut: -getPresentationPosition(), no playback handler, *frames = 0, return
01-05 10:15:32.141   244   373 E AudioALSAStreamOut: -getPresentationPosition(), no playback handler, *frames = 0, return
01-05 10:15:32.152   244   373 E AudioALSAStreamOut: -getPresentationPosition(), no playback handler, *frames = 0, return
01-05 10:15:32.163   244   373 E AudioALSAStreamOut: -getPresentationPosition(), no playback handler, *frames = 0, return
01-05 10:15:32.169   464   464 E LockSettingsStorage: Cannot read file java.io.FileNotFoundException: /data/system/gatekeeper.password.key: open failed: ENOENT (No such file or directory)
01-05 10:15:32.171   464   464 E LockSettingsStorage: Cannot read file java.io.FileNotFoundException: /data/system/password.key: open failed: ENOENT (No such file or directory)
01-05 10:15:32.172   464   464 E LockSettingsStorage: Cannot read file java.io.FileNotFoundException: /data/system/gatekeeper.pattern.key: open failed: ENOENT (No such file or directory)
01-05 10:15:32.173   464   464 E LockSettingsStorage: Cannot read file java.io.FileNotFoundException: /data/system/gatekeeper.gesture.key: open failed: ENOENT (No such file or directory)
01-05 10:15:32.173   244   373 E AudioALSAStreamOut: -getPresentationPosition(), no playback handler, *frames = 0, return
01-05 10:15:32.174   464   464 E LockSettingsStorage: Cannot read file java.io.FileNotFoundException: /data/system/gesture.key: open failed: ENOENT (No such file or directory)
01-05 10:15:32.174   464   464 I SystemServiceManager: Starting phase 480
01-05 10:15:32.182   464   464 I DevicePolicyManagerService: Set ro.device_owner property to false
01-05 10:15:32.184   244   373 E AudioALSAStreamOut: -getPresentationPosition(), no playback handler, *frames = 0, return
01-05 10:15:32.187   464   464 I SystemServiceManager: Starting phase 500
01-05 10:15:32.195   244   373 E AudioALSAStreamOut: -getPresentationPosition(), no playback handler, *frames = 0, return
01-05 10:15:32.206   244   373 E AudioALSAStreamOut: -getPresentationPosition(), no playback handler, *frames = 0, return
01-05 10:15:32.211   464   464 I WifiService: WifiService starting up with Wi-Fi enabled
01-05 10:15:32.215   464   464 D WifiService: setWifiEnabled: true pid=464, uid=1000
01-05 10:15:32.217   464   785 I chatty  : uid=1000(system) WifiService expire 2 lines
01-05 10:15:32.217   244   373 E AudioALSAStreamOut: -getPresentationPosition(), no playback handler, *frames = 0, return
01-05 10:15:32.227   244   373 E AudioALSAStreamOut: -getPresentationPosition(), no playback handler, *frames = 0, return
01-05 10:15:32.229   464   802 I chatty  : uid=1000(system) EthernetService expire 1 line
01-05 10:15:32.238   244   373 E AudioALSAStreamOut: -getPresentationPosition(), no playback handler, *frames = 0, return
01-05 10:15:32.242   464   464 D ZenLog  : config: cleanUpZenRules,ZenModeConfig[user=0,allowCalls=true,allowRepeatCallers=false,allowMessages=false,allowCallsFrom=contacts,allowMessagesFrom=contacts,allowReminders=true,allowEvents=true,allowWhenScreenOff=true,allowWhenScreenOn=true,automaticRules={484d2b674b4342cca9fd52d901207270=ZenRule[enabled=false,snoozing=false,name=Event,zenMode=ZEN_MODE_ALARMS,conditionId=condition://android/event?userId=-10000&calendar=&reply=1,condition=Condition[id=condition://android/event?userId=-10000&calendar=&reply=1,summary=...,line1=...,line2=...,icon=0,state=STATE_FALSE,flags=2],component=ComponentInfo{android/com.android.server.notification.EventConditionProvider},id=484d2b674b4342cca9fd52d901207270,creationTime=1515133691394,enabler=null], 4d68a51e2ed44c96bf743eb9fbd8857f=ZenRule[enabled=false,snoozing=false,name=Weekend,zenMode=ZEN_MODE_ALARMS,conditionId=condition://android/schedule?days=6.7&start=23.30&end=10.0&exitAtAlarm=false,condition=Condition[id=condition://android/schedule?days=6.7&start=23.30&end=10.0&exitAtAlarm=false,summary=...,line1=...,line2=...,icon=0,state=STATE_FALSE,flags=2],component=ComponentInfo{android/com.android.server.notification.ScheduleConditionProvider},id=4d68a51e2ed44c96bf743eb9fbd8857f,creationTime=1515133691393,enabler=null], 85ee6baf30054dfe81afdb5f24190643=ZenRule[enabled=false,snoozing=false,name=Weeknight,zenMode=ZEN_MODE_ALARMS,conditionId=condition://android/schedule?days=1.2.3.4.5&start=22.0&end=7.0&exitAtAlarm=false,condition=Condition[id=condition://android/schedule?days=1.2.3.4.5&start=22.0&end=7.0&exitAtAlarm=false,summary=...,line1=...,line2=...,icon=0,state=STATE_FALSE,flags=2],component=ComponentInfo{android/com.android.server.notification.ScheduleConditionProvider},id=85ee6baf30054dfe81afdb5f24190643,creationTime=1515133691393,enabler=null]},manualRule=null],Diff[]
01-05 10:15:32.244   464   464 D ZenLog  : set_zen_mode: off,onSystemReady
01-05 10:15:32.249   244   373 E AudioALSAStreamOut: -getPresentationPosition(), no playback handler, *frames = 0, return
01-05 10:15:32.251   244   379 D PermissionCache: checking android.permission.CAPTURE_AUDIO_HOTWORD for uid=1000 => granted (257 us)
01-05 10:15:32.251   464   464 W SoundTriggerHelper: listModules status=0, # of modules=0
01-05 10:15:32.260   244   373 E AudioALSAStreamOut: -getPresentationPosition(), no playback handler, *frames = 0, return
01-05 10:15:32.271   244   373 E AudioALSAStreamOut: -getPresentationPosition(), no playback handler, *frames = 0, return
01-05 10:15:32.281   244   373 E AudioALSAStreamOut: -getPresentationPosition(), no playback handler, *frames = 0, return
01-05 10:15:32.292   244   373 E AudioALSAStreamOut: -getPresentationPosition(), no playback handler, *frames = 0, return
01-05 10:15:32.301   464   492 W KeyguardServiceDelegate: onScreenTurningOn(): no keyguard service!
01-05 10:15:32.303   244   373 E AudioALSAStreamOut: -getPresentationPosition(), no playback handler, *frames = 0, return
01-05 10:15:32.306   464   464 V UserManagerService: Found /data/user_de/0 with serial number 0
01-05 10:15:32.307   464   464 V UserManagerService: Found /data/user/0 with serial number 0
01-05 10:15:32.307   464   464 V UserManagerService: Found /data/system_de/0 with serial number 0
01-05 10:15:32.307   464   464 V UserManagerService: Found /data/system_ce/0 with serial number 0
01-05 10:15:32.309   464   464 W PackageManager: [Decker] We keep /data/app/mcRegistry due to store fingerprints.
01-05 10:15:32.314   244   373 E AudioALSAStreamOut: -getPresentationPosition(), no playback handler, *frames = 0, return
01-05 10:15:32.318   464   497 I chatty  : uid=1000(system) PackageManager expire 21 lines
01-05 10:15:32.324   244   373 E AudioALSAStreamOut: -getPresentationPosition(), no playback handler, *frames = 0, return
01-05 10:15:32.335   228   272 I [MALI][Gralloc]: usage: 0x933, format: 1 stride: 480 vertical_stride: 854 size: 1639680
01-05 10:15:32.335   244   373 E AudioALSAStreamOut: -getPresentationPosition(), no playback handler, *frames = 0, return
01-05 10:15:32.340   464   464 I ActivityManager: System now ready
01-05 10:15:32.346   244   373 E AudioALSAStreamOut: -getPresentationPosition(), no playback handler, *frames = 0, return
01-05 10:15:32.349   464   464 I SystemServer: Making services ready
01-05 10:15:32.349   464   464 I SystemServiceManager: Starting phase 550
01-05 10:15:32.357   244   373 E AudioALSAStreamOut: -getPresentationPosition(), no playback handler, *frames = 0, return
01-05 10:15:32.367   244   373 E AudioALSAStreamOut: -getPresentationPosition(), no playback handler, *frames = 0, return
01-05 10:15:32.378   244   373 E AudioALSAStreamOut: -getPresentationPosition(), no playback handler, *frames = 0, return
01-05 10:15:32.389   244   373 E AudioALSAStreamOut: -getPresentationPosition(), no playback handler, *frames = 0, return
01-05 10:15:32.399   244   373 E AudioALSAStreamOut: -getPresentationPosition(), no playback handler, *frames = 0, return
01-05 10:15:32.410   244   373 E AudioALSAStreamOut: -getPresentationPosition(), no playback handler, *frames = 0, return
01-05 10:15:32.413   464   464 D BluetoothManagerService: Bluetooth boot completed
01-05 10:15:32.414   464   464 E InputMethodManagerService: Ignoring updateSystemUiLocked due to an invalid token. uid:1000 token:null
01-05 10:15:32.421   244   373 E AudioALSAStreamOut: -getPresentationPosition(), no playback handler, *frames = 0, return
01-05 10:15:32.432   244   373 E AudioALSAStreamOut: -getPresentationPosition(), no playback handler, *frames = 0, return
01-05 10:15:32.442   244   373 E AudioALSAStreamOut: -getPresentationPosition(), no playback handler, *frames = 0, return
01-05 10:15:32.453   244   373 E AudioALSAStreamOut: -getPresentationPosition(), no playback handler, *frames = 0, return
01-05 10:15:32.464   244   373 E AudioALSAStreamOut: -getPresentationPosition(), no playback handler, *frames = 0, return
01-05 10:15:32.475   244   373 E AudioALSAStreamOut: -getPresentationPosition(), no playback handler, *frames = 0, return
01-05 10:15:32.484   464   464 I ActivityManager: Start proc 805:com.android.inputmethod.latin/u0a55 for service com.android.inputmethod.latin/.LatinIME
01-05 10:15:32.485   464   464 V InputMethodManagerService: Adding window token: android.os.Binder@7be7279
01-05 10:15:32.486   244   373 E AudioALSAStreamOut: -getPresentationPosition(), no playback handler, *frames = 0, return
01-05 10:15:32.486   464   555 D MountService: Thinking about init, mSystemReady=true, mDaemonConnected=true
01-05 10:15:32.486   464   555 D MountService: Setting up emulation state, initlocked=false
01-05 10:15:32.487   464   555 D CryptdConnector: SND -> {2 cryptfs unlock_user_key 0 0 ! !}
01-05 10:15:32.487   464   464 E WallpaperManagerService: Invalid wallpaper data
01-05 10:15:32.487   464   464 E WallpaperManagerService: Unable to apply new wallpaper
01-05 10:15:32.487   201   211 D vold    : e4crypt_unlock_user_key 0 serial=0 token_present=0
01-05 10:15:32.488   464   557 D CryptdConnector: RCV <- {200 2 Command succeeded}
01-05 10:15:32.489   464   555 D MountService: Thinking about reset, mSystemReady=true, mDaemonConnected=true
01-05 10:15:32.489   464   555 D VoldConnector: SND -> {3 volume reset}
01-05 10:15:32.490   464   480 I ActivityManager: Force stopping com.android.providers.media appid=10007 user=-1: vold reset
01-05 10:15:32.491   464   556 D VoldConnector: RCV <- {651 emulated 7}
01-05 10:15:32.491   201   210 V vold    : /system/bin/sgdisk
01-05 10:15:32.491   201   210 V vold    :     --android-dump
01-05 10:15:32.491   201   210 V vold    :     /dev/block/vold/disk:179_128
01-05 10:15:32.491   464   556 D VoldConnector: RCV <- {659 emulated}
01-05 10:15:32.492   464   556 D VoldConnector: RCV <- {650 emulated 2 "" ""}
01-05 10:15:32.492   464   556 D VoldConnector: RCV <- {654 emulated emulated}
01-05 10:15:32.493   464   556 D VoldConnector: RCV <- {651 emulated 0}
01-05 10:15:32.493   464   556 D VoldConnector: RCV <- {651 public:179_129 7}
01-05 10:15:32.494   464   556 D VoldConnector: RCV <- {659 public:179_129}
01-05 10:15:32.494   464   488 V MountService: Found primary storage at VolumeInfo{emulated}:
01-05 10:15:32.494   464   488 V MountService:     type=EMULATED diskId=null partGuid=null mountFlags=0 mountUserId=-1 
01-05 10:15:32.494   464   488 V MountService:     state=UNMOUNTED 
01-05 10:15:32.494   464   488 V MountService:     fsType=null fsUuid=null fsLabel=null 
01-05 10:15:32.494   464   488 V MountService:     path=null internalPath=null 
01-05 10:15:32.495   464   556 D VoldConnector: RCV <- {649 disk:179_128}
01-05 10:15:32.496   464   556 D VoldConnector: RCV <- {640 disk:179_128 5}
01-05 10:15:32.496   244   373 E AudioALSAStreamOut: -getPresentationPosition(), no playback handler, *frames = 0, return
01-05 10:15:32.502   464   556 D VoldConnector: RCV <- {641 disk:179_128 15931539456}
01-05 10:15:32.503   464   556 D VoldConnector: RCV <- {642 disk:179_128 SanDisk}
01-05 10:15:32.503   464   556 D VoldConnector: RCV <- {644 disk:179_128 /sys//devices/mtk-msdc.0/11130000.msdc1/mmc_host/mmc1/mmc1:aaaa/block/mmcblk1}
01-05 10:15:32.507   244   373 E AudioALSAStreamOut: -getPresentationPosition(), no playback handler, *frames = 0, return
01-05 10:15:32.515   464   464 I ActivityManager: Start proc 813:com.android.systemui/u0a28 for service com.android.systemui/.ImageWallpaper
01-05 10:15:32.518   244   373 E AudioALSAStreamOut: -getPresentationPosition(), no playback handler, *frames = 0, return
01-05 10:15:32.518   244   244 D AudioALSAHardware: +setParameters(): A2dpSuspended=false
01-05 10:15:32.518   244   244 W AudioALSAHardware: setParameters(), still have param.size() = 1, remain param = "A2dpSuspended=false"
01-05 10:15:32.518   244   244 D AudioALSAHardware: -setParameters(): A2dpSuspended=false 
01-05 10:15:32.520   464   464 D UsbAlsaManager: Adding ALSA device AlsaDevice: [card: 0, device: 23, type: 1]
01-05 10:15:32.520   464   464 D UsbAlsaManager: Adding ALSA device AlsaDevice: [card: 0, device: 22, type: 1]
01-05 10:15:32.520   464   464 D UsbAlsaManager: Adding ALSA device AlsaDevice: [card: 0, device: 21, type: 1]
01-05 10:15:32.520   464   464 D UsbAlsaManager: Adding ALSA device AlsaDevice: [card: 0, device: 22, type: 2]
01-05 10:15:32.520   464   464 D UsbAlsaManager: Adding ALSA device AlsaDevice: [card: 0, device: 20, type: 1]
01-05 10:15:32.520   464   464 D UsbAlsaManager: Adding ALSA device AlsaDevice: [card: 0, device: 21, type: 2]
01-05 10:15:32.520   464   464 D UsbAlsaManager: Adding ALSA device AlsaDevice: [card: 0, device: 19, type: 1]
01-05 10:15:32.520   464   464 D UsbAlsaManager: Adding ALSA device AlsaDevice: [card: 0, device: 18, type: 1]
01-05 10:15:32.520   464   464 D UsbAlsaManager: Adding ALSA device AlsaDevice: [card: 0, device: 17, type: 1]
01-05 10:15:32.520   464   464 D UsbAlsaManager: Adding ALSA device AlsaDevice: [card: 0, device: 17, type: 2]
01-05 10:15:32.521   464   464 D UsbAlsaManager: Adding ALSA device AlsaDevice: [card: 0, device: 16, type: 2]
01-05 10:15:32.521   464   464 D UsbAlsaManager: Adding ALSA device AlsaDevice: [card: 0, device: 14, type: 1]
01-05 10:15:32.521   464   464 D UsbAlsaManager: Adding ALSA device AlsaDevice: [card: 0, device: 15, type: 2]
01-05 10:15:32.521   464   464 D UsbAlsaManager: Adding ALSA device AlsaDevice: [card: 0, device: 13, type: 2]
01-05 10:15:32.521   464   464 D UsbAlsaManager: Adding ALSA device AlsaDevice: [card: 0, device: 11, type: 1]
01-05 10:15:32.521   464   464 D UsbAlsaManager: Adding ALSA device AlsaDevice: [card: 0, device: 12, type: 2]
01-05 10:15:32.521   464   464 D UsbAlsaManager: Adding ALSA device AlsaDevice: [card: 0, device: 10, type: 1]
01-05 10:15:32.521   464   464 D UsbAlsaManager: Adding ALSA device AlsaDevice: [card: 0, device: 8, type: 1]
01-05 10:15:32.521   464   464 D UsbAlsaManager: Adding ALSA device AlsaDevice: [card: 0, device: 9, type: 2]
01-05 10:15:32.521   464   464 D UsbAlsaManager: Adding ALSA device AlsaDevice: [card: 0, device: 7, type: 1]
01-05 10:15:32.521   464   464 D UsbAlsaManager: Adding ALSA device AlsaDevice: [card: 0, device: 6, type: 1]
01-05 10:15:32.521   464   464 D UsbAlsaManager: Adding ALSA device AlsaDevice: [card: 0, device: 7, type: 2]
01-05 10:15:32.522   464   464 D UsbAlsaManager: Adding ALSA device AlsaDevice: [card: 0, device: 5, type: 1]
01-05 10:15:32.522   464   464 D UsbAlsaManager: Adding ALSA device AlsaDevice: [card: 0, device: 6, type: 2]
01-05 10:15:32.522   464   464 D UsbAlsaManager: Adding ALSA device AlsaDevice: [card: 0, device: 4, type: 1]
01-05 10:15:32.522   464   464 D UsbAlsaManager: Adding ALSA device AlsaDevice: [card: 0, device: 5, type: 2]
01-05 10:15:32.522   464   464 D UsbAlsaManager: Adding ALSA device AlsaDevice: [card: 0, device: 3, type: 1]
01-05 10:15:32.522   464   464 D UsbAlsaManager: Adding ALSA device AlsaDevice: [card: 0, device: 4, type: 2]
01-05 10:15:32.523   464   464 D UsbAlsaManager: Adding ALSA device AlsaDevice: [card: 0, device: 2, type: 1]
01-05 10:15:32.523   464   464 D UsbAlsaManager: Adding ALSA device AlsaDevice: [card: 0, device: 3, type: 2]
01-05 10:15:32.523   464   464 D UsbAlsaManager: Adding ALSA device AlsaDevice: [card: 0, device: 2, type: 2]
01-05 10:15:32.523   464   464 D UsbAlsaManager: Adding ALSA device AlsaDevice: [card: 0, device: 0, type: 1]
01-05 10:15:32.523   464   797 D BluetoothManagerService: Trying to bind to profile: 1, while Bluetooth was disabled
01-05 10:15:32.523   464   464 D UsbAlsaManager: Adding ALSA device AlsaDevice: [card: 0, device: 1, type: 2]
01-05 10:15:32.526   464   464 I SystemServer: WebViewFactory preparation
01-05 10:15:32.529   244   373 E AudioALSAStreamOut: -getPresentationPosition(), no playback handler, *frames = 0, return
01-05 10:15:32.533   244   379 I AudioFlinger: systemReady
01-05 10:15:32.539   244   373 E AudioALSAStreamOut: -getPresentationPosition(), no playback handler, *frames = 0, return
01-05 10:15:32.550   244   373 E AudioALSAStreamOut: -getPresentationPosition(), no playback handler, *frames = 0, return
01-05 10:15:32.561   244   373 E AudioALSAStreamOut: -getPresentationPosition(), no playback handler, *frames = 0, return
01-05 10:15:32.572   244   373 E AudioALSAStreamOut: -getPresentationPosition(), no playback handler, *frames = 0, return
01-05 10:15:32.582   244   373 E AudioALSAStreamOut: -getPresentationPosition(), no playback handler, *frames = 0, return
01-05 10:15:32.593   244   373 E AudioALSAStreamOut: -getPresentationPosition(), no playback handler, *frames = 0, return
01-05 10:15:32.596   464   464 I ActivityManager: Start proc 839:WebViewLoader-armeabi-v7a/1037 [android.webkit.WebViewFactory$RelroFileCreator] for 
01-05 10:15:32.604   464   464 D NetworkManagement: enabling bandwidth control
01-05 10:15:32.604   244   373 E AudioALSAStreamOut: -getPresentationPosition(), no playback handler, *frames = 0, return
01-05 10:15:32.615   244   373 E AudioALSAStreamOut: -getPresentationPosition(), no playback handler, *frames = 0, return
01-05 10:15:32.620   805   805 W asset   : Asset path /system/framework/org.cyanogenmod.platform-res.apk is neither a directory nor file (type=1).
01-05 10:15:32.620   805   805 E asset   : Failed to load CMSDK resources!
01-05 10:15:32.625   244   373 E AudioALSAStreamOut: -getPresentationPosition(), no playback handler, *frames = 0, return
01-05 10:15:32.632   813   813 W System  : ClassLoader referenced unknown path: /system/priv-app/SystemUI/lib/arm
01-05 10:15:32.636   244   373 E AudioALSAStreamOut: -getPresentationPosition(), no playback handler, *frames = 0, return
01-05 10:15:32.637   813   813 W asset   : Asset path /system/framework/org.cyanogenmod.platform-res.apk is neither a directory nor file (type=1).
01-05 10:15:32.637   813   813 E asset   : Failed to load CMSDK resources!
01-05 10:15:32.641   464   836 I chatty  : uid=1000 system_server expire 17 lines
01-05 10:15:32.647   244   373 E AudioALSAStreamOut: -getPresentationPosition(), no playback handler, *frames = 0, return
01-05 10:15:32.658   244   373 E AudioALSAStreamOut: -getPresentationPosition(), no playback handler, *frames = 0, return
01-05 10:15:32.660   839   839 V WebViewFactory: RelroFileCreator (64bit = false),  32-bit lib: /system/app/webview/webview.apk!/lib/armeabi-v7a/libwebviewchromium.so, 64-bit lib: 
01-05 10:15:32.669   244   373 E AudioALSAStreamOut: -getPresentationPosition(), no playback handler, *frames = 0, return
01-05 10:15:32.679   244   373 E AudioALSAStreamOut: -getPresentationPosition(), no playback handler, *frames = 0, return
01-05 10:15:32.690   244   373 E AudioALSAStreamOut: -getPresentationPosition(), no playback handler, *frames = 0, return
01-05 10:15:32.701   244   373 E AudioALSAStreamOut: -getPresentationPosition(), no playback handler, *frames = 0, return
01-05 10:15:32.712   244   373 E AudioALSAStreamOut: -getPresentationPosition(), no playback handler, *frames = 0, return
01-05 10:15:32.722   244   373 E AudioALSAStreamOut: -getPresentationPosition(), no playback handler, *frames = 0, return
01-05 10:15:32.733   244   373 E AudioALSAStreamOut: -getPresentationPosition(), no playback handler, *frames = 0, return
01-05 10:15:32.744   244   373 E AudioALSAStreamOut: -getPresentationPosition(), no playback handler, *frames = 0, return
01-05 10:15:32.755   244   373 E AudioALSAStreamOut: -getPresentationPosition(), no playback handler, *frames = 0, return
01-05 10:15:32.755   227   227 E SELinux : avc:  denied  { find } for service=theme pid=813 uid=10028 scontext=u:r:platform_app:s0:c512,c768 tcontext=u:object_r:theme_service:s0 tclass=service_manager permissive=1
01-05 10:15:32.765   244   373 E AudioALSAStreamOut: -getPresentationPosition(), no playback handler, *frames = 0, return
01-05 10:15:32.776   244   373 E AudioALSAStreamOut: -getPresentationPosition(), no playback handler, *frames = 0, return
01-05 10:15:32.787   244   373 E AudioALSAStreamOut: -getPresentationPosition(), no playback handler, *frames = 0, return
01-05 10:15:32.787   813   813 V SystemUIService: Starting SystemUI services for user 0.
01-05 10:15:32.798   244   373 E AudioALSAStreamOut: -getPresentationPosition(), no playback handler, *frames = 0, return
01-05 10:15:32.809   244   373 E AudioALSAStreamOut: -getPresentationPosition(), no playback handler, *frames = 0, return
01-05 10:15:32.819   244   373 E AudioALSAStreamOut: -getPresentationPosition(), no playback handler, *frames = 0, return
01-05 10:15:32.830   244   373 E AudioALSAStreamOut: -getPresentationPosition(), no playback handler, *frames = 0, return
01-05 10:15:32.841   244   373 E AudioALSAStreamOut: -getPresentationPosition(), no playback handler, *frames = 0, return
01-05 10:15:32.847   813   813 V MediaRouter: Adding route: RouteInfo{ name=Phone, description=null, status=null, category=RouteCategory{ name=null types=ROUTE_TYPE_LIVE_AUDIO ROUTE_TYPE_LIVE_VIDEO  groupable=false }, supportedTypes=ROUTE_TYPE_LIVE_AUDIO ROUTE_TYPE_LIVE_VIDEO , presentationDisplay=null }
01-05 10:15:32.852   244   373 E AudioALSAStreamOut: -getPresentationPosition(), no playback handler, *frames = 0, return
01-05 10:15:32.856   813   813 V MediaRouter: Updating audio routes: AudioRoutesInfo{ type=SPEAKER }
01-05 10:15:32.859   813   813 V MediaRouter: Selecting route: RouteInfo{ name=Phone, description=null, status=null, category=RouteCategory{ name=null types=ROUTE_TYPE_LIVE_AUDIO ROUTE_TYPE_LIVE_VIDEO  groupable=false }, supportedTypes=ROUTE_TYPE_LIVE_AUDIO ROUTE_TYPE_LIVE_VIDEO , presentationDisplay=null }
01-05 10:15:32.863   244   373 E AudioALSAStreamOut: -getPresentationPosition(), no playback handler, *frames = 0, return
01-05 10:15:32.873   244   373 E AudioALSAStreamOut: -getPresentationPosition(), no playback handler, *frames = 0, return
01-05 10:15:32.879   839   839 I art     : System.exit called, status: 0
01-05 10:15:32.879   839   839 I AndroidRuntime: VM exiting with result code 0, cleanup skipped.
01-05 10:15:32.884   244   373 E AudioALSAStreamOut: -getPresentationPosition(), no playback handler, *frames = 0, return
01-05 10:15:32.895   244   373 E AudioALSAStreamOut: -getPresentationPosition(), no playback handler, *frames = 0, return
01-05 10:15:32.901   201   210 V vold    : DISK mbr
01-05 10:15:32.901   201   210 V vold    : 
01-05 10:15:32.901   201   210 V vold    : PART 1 c
01-05 10:15:32.901   201   210 V vold    : 
01-05 10:15:32.904   464   556 D VoldConnector: RCV <- {650 public:179_129 0 "disk:179_128" ""}
01-05 10:15:32.904   464   556 D VoldConnector: RCV <- {654 public:179_129 sdcard1}
01-05 10:15:32.905   464   556 D VoldConnector: RCV <- {651 public:179_129 0}
01-05 10:15:32.906   464   556 D VoldConnector: RCV <- {643 disk:179_128}
01-05 10:15:32.906   244   373 E AudioALSAStreamOut: -getPresentationPosition(), no playback handler, *frames = 0, return
01-05 10:15:32.906   464   556 D VoldConnector: RCV <- {200 3 Command succeeded}
01-05 10:15:32.907   464   555 D VoldConnector: SND -> {4 volume user_added 0 0}
01-05 10:15:32.907   464   556 D VoldConnector: RCV <- {200 4 Command succeeded}
01-05 10:15:32.910   464   555 D VoldConnector: SND -> {5 volume mount emulated 3 -1}
01-05 10:15:32.913   201   210 V vold    : Waiting for FUSE to spin up...
01-05 10:15:32.913   464   556 D VoldConnector: RCV <- {651 emulated 1}
01-05 10:15:32.914   464   556 D VoldConnector: RCV <- {656 emulated /data/media}
01-05 10:15:32.914   464   556 D VoldConnector: RCV <- {655 emulated /storage/emulated}
01-05 10:15:32.917   244   373 E AudioALSAStreamOut: -getPresentationPosition(), no playback handler, *frames = 0, return
01-05 10:15:32.927   244   373 E AudioALSAStreamOut: -getPresentationPosition(), no playback handler, *frames = 0, return
01-05 10:15:32.938   244   373 E AudioALSAStreamOut: -getPresentationPosition(), no playback handler, *frames = 0, return
01-05 10:15:32.949   244   373 E AudioALSAStreamOut: -getPresentationPosition(), no playback handler, *frames = 0, return
01-05 10:15:32.960   244   373 E AudioALSAStreamOut: -getPresentationPosition(), no playback handler, *frames = 0, return
01-05 10:15:32.969   201   210 V vold    : Waiting for FUSE to spin up...
01-05 10:15:32.971   244   373 E AudioALSAStreamOut: -getPresentationPosition(), no playback handler, *frames = 0, return
01-05 10:15:32.981   244   373 E AudioALSAStreamOut: -getPresentationPosition(), no playback handler, *frames = 0, return
01-05 10:15:32.992   244   373 E AudioALSAStreamOut: -getPresentationPosition(), no playback handler, *frames = 0, return
01-05 10:15:33.003   244   373 E AudioALSAStreamOut: -getPresentationPosition(), no playback handler, *frames = 0, return
01-05 10:15:33.014   244   373 E AudioALSAStreamOut: -getPresentationPosition(), no playback handler, *frames = 0, return
01-05 10:15:33.014   805   805 I LatinIME: Hardware accelerated drawing: true
01-05 10:15:33.019   201   210 V vold    : Waiting for FUSE to spin up...
01-05 10:15:33.024   244   373 E AudioALSAStreamOut: -getPresentationPosition(), no playback handler, *frames = 0, return
01-05 10:15:33.032   813   865 E WVMExtractor: Failed to open libwvm.so: dlopen failed: cannot locate symbol "EVP_PKEY_new_mac_key" referenced by "/system/lib/libdrmmtkutil.so"...
01-05 10:15:33.035   244   373 E AudioALSAStreamOut: -getPresentationPosition(), no playback handler, *frames = 0, return
01-05 10:15:33.046   244   373 E AudioALSAStreamOut: -getPresentationPosition(), no playback handler, *frames = 0, return
01-05 10:15:33.057   244   373 E AudioALSAStreamOut: -getPresentationPosition(), no playback handler, *frames = 0, return
01-05 10:15:33.067   244   373 E AudioALSAStreamOut: -getPresentationPosition(), no playback handler, *frames = 0, return
01-05 10:15:33.069   201   210 V vold    : Waiting for FUSE to spin up...
01-05 10:15:33.073   813   865 I ServiceManager: Waiting for service media.resource_manager...
01-05 10:15:33.078   244   373 E AudioALSAStreamOut: -getPresentationPosition(), no playback handler, *frames = 0, return
01-05 10:15:33.079   862   862 W sdcard  : Device explicitly disabled sdcardfs
01-05 10:15:33.089   244   373 E AudioALSAStreamOut: -getPresentationPosition(), no playback handler, *frames = 0, return
01-05 10:15:33.100   244   373 E AudioALSAStreamOut: -getPresentationPosition(), no playback handler, *frames = 0, return
01-05 10:15:33.111   244   373 E AudioALSAStreamOut: -getPresentationPosition(), no playback handler, *frames = 0, return
01-05 10:15:33.120   464   556 D VoldConnector: RCV <- {651 emulated 2}
01-05 10:15:33.121   464   556 D VoldConnector: RCV <- {200 5 Command succeeded}
01-05 10:15:33.121   244   373 E AudioALSAStreamOut: -getPresentationPosition(), no playback handler, *frames = 0, return
01-05 10:15:33.122   464   555 D VoldConnector: SND -> {6 volume mount public:179_129 2 0}
01-05 10:15:33.122   201   210 V vold    : /system/bin/blkid
01-05 10:15:33.123   464   556 D VoldConnector: RCV <- {651 public:179_129 1}
01-05 10:15:33.123   201   210 V vold    :     -c
01-05 10:15:33.123   201   210 V vold    :     /dev/null
01-05 10:15:33.123   201   210 V vold    :     -s
01-05 10:15:33.123   201   210 V vold    :     TYPE
01-05 10:15:33.123   201   210 V vold    :     -s
01-05 10:15:33.123   201   210 V vold    :     UUID
01-05 10:15:33.123   201   210 V vold    :     -s
01-05 10:15:33.123   201   210 V vold    :     LABEL
01-05 10:15:33.123   201   210 V vold    :     /dev/block/vold/public:179_129
01-05 10:15:33.133   244   373 E AudioALSAStreamOut: -getPresentationPosition(), no playback handler, *frames = 0, return
01-05 10:15:33.143   244   373 E AudioALSAStreamOut: -getPresentationPosition(), no playback handler, *frames = 0, return
01-05 10:15:33.154   244   373 E AudioALSAStreamOut: -getPresentationPosition(), no playback handler, *frames = 0, return
01-05 10:15:33.165   244   373 E AudioALSAStreamOut: -getPresentationPosition(), no playback handler, *frames = 0, return
01-05 10:15:33.176   244   373 E AudioALSAStreamOut: -getPresentationPosition(), no playback handler, *frames = 0, return
01-05 10:15:33.186   244   373 E AudioALSAStreamOut: -getPresentationPosition(), no playback handler, *frames = 0, return
01-05 10:15:33.197   244   373 E AudioALSAStreamOut: -getPresentationPosition(), no playback handler, *frames = 0, return
01-05 10:15:33.208   244   373 E AudioALSAStreamOut: -getPresentationPosition(), no playback handler, *frames = 0, return
01-05 10:15:33.219   244   373 E AudioALSAStreamOut: -getPresentationPosition(), no playback handler, *frames = 0, return
01-05 10:15:33.230   244   373 E AudioALSAStreamOut: -getPresentationPosition(), no playback handler, *frames = 0, return
01-05 10:15:33.240   244   373 E AudioALSAStreamOut: -getPresentationPosition(), no playback handler, *frames = 0, return
01-05 10:15:33.251   244   373 E AudioALSAStreamOut: -getPresentationPosition(), no playback handler, *frames = 0, return
01-05 10:15:33.260   813   813 I vol.Events: writeEvent collection_started
01-05 10:15:33.262   244   373 E AudioALSAStreamOut: -getPresentationPosition(), no playback handler, *frames = 0, return
01-05 10:15:33.273   244   373 E AudioALSAStreamOut: -getPresentationPosition(), no playback handler, *frames = 0, return
01-05 10:15:33.276   805   805 W InputAttributes: No editor info for this field. Bug?
01-05 10:15:33.278   813   876 I vol.Events: writeEvent external_ringer_mode_changed normal
01-05 10:15:33.279   813   876 I vol.Events: writeEvent internal_ringer_mode_changed normal
01-05 10:15:33.283   244   373 E AudioALSAStreamOut: -getPresentationPosition(), no playback handler, *frames = 0, return
01-05 10:15:33.295   244   373 E AudioALSAStreamOut: -getPresentationPosition(), no playback handler, *frames = 0, return
01-05 10:15:33.301   464   547 W WindowManager: Keyguard drawn timeout. Setting mKeyguardDrawComplete
01-05 10:15:33.306   244   373 E AudioALSAStreamOut: -getPresentationPosition(), no playback handler, *frames = 0, return
01-05 10:15:33.316   244   373 E AudioALSAStreamOut: -getPresentationPosition(), no playback handler, *frames = 0, return
01-05 10:15:33.327   244   373 E AudioALSAStreamOut: -getPresentationPosition(), no playback handler, *frames = 0, return
01-05 10:15:33.336   805   878 I LatinIME:LogUtils: Dictionary info: dictionary = userunigram.en_US ; version = 1515136533 ; date = ?
01-05 10:15:33.337   805   878 E ActivityThread: Failed to find provider info for user_dictionary
01-05 10:15:33.338   244   373 E AudioALSAStreamOut: -getPresentationPosition(), no playback handler, *frames = 0, return
01-05 10:15:33.340   805   878 I LatinIME:LogUtils: Dictionary info: dictionary = UserHistoryDictionary.en_US ; version = 1515136533 ; date = ?
01-05 10:15:33.349   244   373 E AudioALSAStreamOut: -getPresentationPosition(), no playback handler, *frames = 0, return
01-05 10:15:33.359   244   373 E AudioALSAStreamOut: -getPresentationPosition(), no playback handler, *frames = 0, return
01-05 10:15:33.370   244   373 E AudioALSAStreamOut: -getPresentationPosition(), no playback handler, *frames = 0, return
01-05 10:15:33.381   244   373 E AudioALSAStreamOut: -getPresentationPosition(), no playback handler, *frames = 0, return
01-05 10:15:33.392   244   373 E AudioALSAStreamOut: -getPresentationPosition(), no playback handler, *frames = 0, return
