01-05 10:14:57.426   233   355 D NVRAM   : NVM_ProtectUserData:Set Check Num Success
01-05 10:14:57.426   233   356 D NVRAM   : NVM_CloseFileDesc ProtectDataFile Success!!
01-05 10:14:57.426   233   355 D NVRAM   : NVM_CloseFileDesc ProtectDataFile Success!!
01-05 10:14:57.426   233   356 D NVRAM   : no need to enc/dnc
01-05 10:14:57.426   233   355 D NVRAM   : no need to enc/dnc
01-05 10:14:57.426   233   233 D NVRAM   : NVRAM daemon sleep !
01-05 10:14:57.730   243   243 D AndroidRuntime: >>>>>> START com.android.internal.os.ZygoteInit uid 0 <<<<<<
01-05 10:14:57.757   243   243 D AndroidRuntime: CheckJNI is OFF
01-05 10:14:57.759   243   243 E cutils-trace: Error opening trace file: No such file or directory (2)
01-05 10:14:57.767   243   243 I art     : option[0]=-Xzygote
01-05 10:14:57.767   243   243 I art     : option[1]=-Xstacktracefile:/data/anr/traces.txt
01-05 10:14:57.767   243   243 I art     : option[2]=exit
01-05 10:14:57.767   243   243 I art     : option[3]=vfprintf
01-05 10:14:57.767   243   243 I art     : option[4]=sensitiveThread
01-05 10:14:57.767   243   243 I art     : option[5]=-verbose:gc
01-05 10:14:57.767   243   243 I art     : option[6]=-Xms8m
01-05 10:14:57.767   243   243 I art     : option[7]=-Xmx512m
01-05 10:14:57.767   243   243 I art     : option[8]=-XX:HeapGrowthLimit=128m
01-05 10:14:57.767   243   243 I art     : option[9]=-XX:HeapMinFree=512k
01-05 10:14:57.767   243   243 I art     : option[10]=-XX:HeapMaxFree=8m
01-05 10:14:57.767   243   243 I art     : option[11]=-XX:HeapTargetUtilization=0.75
01-05 10:14:57.767   243   243 I art     : option[12]=-Xusejit:true
01-05 10:14:57.767   243   243 I art     : option[13]=-Xjitsaveprofilinginfo
01-05 10:14:57.767   243   243 I art     : option[14]=-agentlib:jdwp=transport=dt_android_adb,suspend=n,server=y
01-05 10:14:57.767   243   243 I art     : option[15]=-Xlockprofthreshold:500
01-05 10:14:57.767   243   243 I art     : option[16]=-Ximage-compiler-option
01-05 10:14:57.767   243   243 I art     : option[17]=--runtime-arg
01-05 10:14:57.767   243   243 I art     : option[18]=-Ximage-compiler-option
01-05 10:14:57.768   243   243 I art     : option[19]=-Xms64m
01-05 10:14:57.768   243   243 I art     : option[20]=-Ximage-compiler-option
01-05 10:14:57.768   243   243 I art     : option[21]=--runtime-arg
01-05 10:14:57.768   243   243 I art     : option[22]=-Ximage-compiler-option
01-05 10:14:57.768   243   243 I art     : option[23]=-Xmx64m
01-05 10:14:57.768   243   243 I art     : option[24]=-Ximage-compiler-option
01-05 10:14:57.768   243   243 I art     : option[25]=--image-classes=/system/etc/preloaded-classes
01-05 10:14:57.768   243   243 I art     : option[26]=-Ximage-compiler-option
01-05 10:14:57.768   243   243 I art     : option[27]=--compiled-classes=/system/etc/compiled-classes
01-05 10:14:57.768   243   243 I art     : option[28]=-Xcompiler-option
01-05 10:14:57.768   243   243 I art     : option[29]=--runtime-arg
01-05 10:14:57.768   243   243 I art     : option[30]=-Xcompiler-option
01-05 10:14:57.768   243   243 I art     : option[31]=-Xms64m
01-05 10:14:57.768   243   243 I art     : option[32]=-Xcompiler-option
01-05 10:14:57.768   243   243 I art     : option[33]=--runtime-arg
01-05 10:14:57.768   243   243 I art     : option[34]=-Xcompiler-option
01-05 10:14:57.768   243   243 I art     : option[35]=-Xmx512m
01-05 10:14:57.768   243   243 I art     : option[36]=-Ximage-compiler-option
01-05 10:14:57.768   243   243 I art     : option[37]=--instruction-set-variant=cortex-a7
01-05 10:14:57.768   243   243 I art     : option[38]=-Xcompiler-option
01-05 10:14:57.768   243   243 I art     : option[39]=--instruction-set-variant=cortex-a7
01-05 10:14:57.768   243   243 I art     : option[40]=-Ximage-compiler-option
01-05 10:14:57.769   243   243 I art     : option[41]=--instruction-set-features=default
01-05 10:14:57.769   243   243 I art     : option[42]=-Xcompiler-option
01-05 10:14:57.769   243   243 I art     : option[43]=--instruction-set-features=default
01-05 10:14:57.769   243   243 I art     : option[44]=-Duser.locale=en-US
01-05 10:14:57.769   243   243 I art     : option[45]=--cpu-abilist=armeabi-v7a,armeabi
01-05 10:14:57.771   321   366 W asset   : Asset path /system/framework/org.cyanogenmod.platform-res.apk is neither a directory nor file (type=1).
01-05 10:14:57.771   321   366 E asset   : Failed to load CMSDK resources!
01-05 10:14:57.776   321   366 E cutils-trace: Error opening trace file: No such file or directory (2)
01-05 10:14:57.781   321   366 D libEGL  : loaded /system/lib/egl/libGLES_mali.so
01-05 10:14:57.784   228   228 I [MALI][Gralloc]: usage: 0x1e02, format: 5 stride: 480 vertical_stride: 854 size: 1639680
01-05 10:14:57.784   228   228 I [MALI][Gralloc]: xxx alloc ION_FB_HEAP
01-05 10:14:57.844   240   240 D mnl_linux: mtk_gps_sys_init: nvram_init_val Ready
01-05 10:14:57.844   240   240 D mnl_linux: mtk_gps_sys_init: Get nvram restore ready retry cc=4
01-05 10:14:57.844   240   240 D NVRAM   : NVM_GetFileDesc ++
01-05 10:14:57.845   240   240 D NVRAM   : length of g_NVRAM_BACKUP_DEVICE=59
01-05 10:14:57.845   240   240 D NVRAM   : nvram_layout_callback will run!!!
01-05 10:14:57.845   240   240 D NVRAM   : nvram_platform_log_block: 2
01-05 10:14:57.845   240   240 D NVRAM   : nvram_platform_resv_block: 2
01-05 10:14:57.845   240   240 D NVRAM   : nvram_platform_DM_block: 1
01-05 10:14:57.845   240   240 D NVRAM   : nvram_platform_layout_version: 0
01-05 10:14:57.845   240   240 D NVRAM   : nvram_platform_header_offset: 0
01-05 10:14:57.845   240   240 D NVRAM   : g_i4CFG_File_Count: 49
01-05 10:14:57.845   240   240 D NVRAM   : NVM_Init Max Lid: 73
01-05 10:14:57.846   240   240 D NVRAM   : [NVRAM]: info nvram_gpt_flag =1
01-05 10:14:57.846   240   240 D NVRAM   : NVM_GetCfgFileTable : file_lid = 50
01-05 10:14:57.846   240   240 D NVRAM   : NVM_GetCfgFileTable done
01-05 10:14:57.846   240   240 D NVRAM   : Open /data/nvram/APCFG/APRDEB/GPS,LID:50
01-05 10:14:57.846   240   240 D NVRAM   : NVM_CmpFileVerNo 50  
01-05 10:14:57.846   240   240 D NVRAM   : NVM_GetCfgFileTable : file_lid = 50
01-05 10:14:57.846   240   240 D NVRAM   : Check if FILE_VER exists before openning it!
01-05 10:14:57.846   240   240 D NVRAM   : NVM_CheckVerFile: 1
01-05 10:14:57.846   240   240 D NVRAM   : New version info file
01-05 10:14:57.846   240   240 D NVRAM   : Load File Version: 000, NvRam File Version: 000
01-05 10:14:57.846   240   240 D NVRAM   : no need to enc/dnc
01-05 10:14:57.847   240   240 D NVRAM   : NVM_CheckFileSize : 50 ++
01-05 10:14:57.847   240   240 D NVRAM   : iCustomBeginLID = 49
01-05 10:14:57.847   240   240 D NVRAM   : NVM_CheckVerFile: 1
01-05 10:14:57.847   240   240 D NVRAM   : NVM_GetCfgFileTable : file_lid = 50
01-05 10:14:57.847   240   240 D NVRAM   : NVM_CheckFileSize:stat_size:54,size in table:52
01-05 10:14:57.847   240   240 D NVRAM   : NVM_ProtectUserData
01-05 10:14:57.847   240   240 D NVRAM   : NVM_ProtectUserData:Check File
01-05 10:14:57.879   224   224 D ccci_mdinit(2): service.nvram_init=Ready, 4
01-05 10:14:57.879   224   224 E ccci_mdinit(2): Gotten ret=0,nvram_init=Ready!
01-05 10:14:57.879   224   224 D ccci_mdinit(2): unencrypted!!
01-05 10:14:57.879   224   224 D ccci_mdinit(2): set md status:mtk.md2.status=init_done 
01-05 10:14:57.880   224   224 D ccci_mdinit(2): boot modem2
01-05 10:14:57.881   223   223 D ccci_mdinit(1): service.nvram_init=Ready, 4
01-05 10:14:57.881   223   223 E ccci_mdinit(1): Gotten ret=0,nvram_init=Ready!
01-05 10:14:57.881   223   223 D ccci_mdinit(1): unencrypted!!
01-05 10:14:57.881   223   223 D ccci_mdinit(1): set md status:mtk.md1.status=init_done 
01-05 10:14:57.882   223   223 D ccci_mdinit(1): boot modem1
01-05 10:14:57.882   223   223 D ccci_mdinit(1): /dev/ccci_monitor is opend(0).
01-05 10:14:57.882   223   223 D ccci_mdinit(1): looking for /custom/etc/firmware/modem_1_2g_n.img...
01-05 10:14:57.882   223   223 D ccci_mdinit(1): looking for /etc/firmware/modem_1_2g_n.img...
01-05 10:14:57.883   223   223 D ccci_mdinit(1): err -1
01-05 10:14:57.883   223   223 D ccci_mdinit(1): looking for /custom/etc/firmware/modem_1_3g_n.img...
01-05 10:14:57.883   223   223 D ccci_mdinit(1): looking for /etc/firmware/modem_1_3g_n.img...
01-05 10:14:57.883   240   240 D NVRAM   : NVM_CheckFile: File is correct!
01-05 10:14:57.883   240   240 D NVRAM   : NVM_ProtectUserData:Check Success
01-05 10:14:57.883   223   223 D ccci_mdinit(1): err -1
01-05 10:14:57.883   223   223 D ccci_mdinit(1): looking for /custom/etc/firmware/modem_1_wg_n.img...
01-05 10:14:57.883   240   240 D NVRAM   : NVM_GetFileDesc ProtectDataFile Check Success!!
01-05 10:14:57.883   223   223 D ccci_mdinit(1): looking for /etc/firmware/modem_1_wg_n.img...
01-05 10:14:57.883   240   240 D NVRAM   : NVM_GetFileDesc --
01-05 10:14:57.883   223   223 D ccci_mdinit(1): find modem_1_wg_n.img
01-05 10:14:57.883   223   223 D ccci_mdinit(1): looking for /custom/etc/firmware/modem_1_tg_n.img...
01-05 10:14:57.883   240   240 D NVRAM   : no need to enc/dnc
01-05 10:14:57.883   240   240 D NVRAM   : NVM_CloseFileDesc: Open by Readonly, no need to check when close
01-05 10:14:57.883   223   223 D ccci_mdinit(1): looking for /etc/firmware/modem_1_tg_n.img...
01-05 10:14:57.883   240   240 D mnl_linux: mtk_gps_sys_init: GPS NVRam (52 * 1) : 
01-05 10:14:57.883   223   223 D ccci_mdinit(1): err -1
01-05 10:14:57.883   240   240 D mnl_linux: mtk_gps_sys_init: dsp_dev(/dev/stpgps) : /dev/stpgps
01-05 10:14:57.883   223   223 D ccci_mdinit(1): looking for /custom/etc/firmware/modem_1_lwg_n.img...
01-05 10:14:57.883   240   240 D mnl_linux: mtk_gps_sys_init: gps_tcxo_hz : 26000000
01-05 10:14:57.883   223   223 D ccci_mdinit(1): looking for /etc/firmware/modem_1_lwg_n.img...
01-05 10:14:57.883   240   240 D mnl_linux: mtk_gps_sys_init: gps_tcxo_ppb : 0
01-05 10:14:57.883   240   240 D mnl_linux: mtk_gps_sys_init: gps_tcxo_type : 254
01-05 10:14:57.883   223   223 D ccci_mdinit(1): err -1
01-05 10:14:57.883   240   240 D mnl_linux: mtk_gps_sys_init: gps_lna_mode : 0
01-05 10:14:57.883   223   223 D ccci_mdinit(1): looking for /custom/etc/firmware/modem_1_ltg_n.img...
01-05 10:14:57.883   240   240 E MNLD    : read_NVRAM: not 3332 UART port
01-05 10:14:57.883   240   240 D MNLD    : chip_detector: exit chip_detector
01-05 10:14:57.883   223   223 D ccci_mdinit(1): looking for /etc/firmware/modem_1_ltg_n.img...
01-05 10:14:57.883   240   240 D MNLD    : main: main2
01-05 10:14:57.883   223   223 D ccci_mdinit(1): err -1
01-05 10:14:57.883   240   240 D MNLD    : main: main3
01-05 10:14:57.884   223   223 D ccci_mdinit(1): looking for /custom/etc/firmware/modem_1_sglte_n.img...
01-05 10:14:57.884   240   240 D MNLD    : epoll_init: Print:epoll_add success
01-05 10:14:57.884   223   223 D ccci_mdinit(1): looking for /etc/firmware/modem_1_sglte_n.img...
01-05 10:14:57.884   240   240 D MNLD    : main: new connection
01-05 10:14:57.884   223   223 D ccci_mdinit(1): err -1
01-05 10:14:57.884   223   223 D ccci_mdinit(1): md_img_exist 3 0 0 0
01-05 10:14:57.884   223   223 D ccci_mdinit(1): Begin to set md type!
01-05 10:14:57.884   223   223 D NVRAM   : NVM_GetFileDesc ++
01-05 10:14:57.885   223   223 D NVRAM   : length of g_NVRAM_BACKUP_DEVICE=59
01-05 10:14:57.885   223   223 D NVRAM   : nvram_layout_callback will run!!!
01-05 10:14:57.885   223   223 D NVRAM   : nvram_platform_log_block: 2
01-05 10:14:57.885   223   223 D NVRAM   : nvram_platform_resv_block: 2
01-05 10:14:57.885   223   223 D NVRAM   : nvram_platform_DM_block: 1
01-05 10:14:57.885   223   223 D NVRAM   : nvram_platform_layout_version: 0
01-05 10:14:57.885   223   223 D NVRAM   : nvram_platform_header_offset: 0
01-05 10:14:57.885   223   223 D NVRAM   : g_i4CFG_File_Count: 49
01-05 10:14:57.885   223   223 D NVRAM   : NVM_Init Max Lid: 73
01-05 10:14:57.886   223   223 D NVRAM   : [NVRAM]: info nvram_gpt_flag =1
01-05 10:14:57.886   223   223 D NVRAM   : NVM_GetCfgFileTable : file_lid = 19
01-05 10:14:57.886   223   223 D NVRAM   : NVM_GetCfgFileTable done
01-05 10:14:57.886   223   223 D NVRAM   : Open /data/nvram/APCFG/APRDCL/MD_Type,LID:19
01-05 10:14:57.886   223   223 D NVRAM   : NVM_CmpFileVerNo 19  
01-05 10:14:57.886   223   223 D NVRAM   : NVM_GetCfgFileTable : file_lid = 19
01-05 10:14:57.886   223   223 D NVRAM   : Check if FILE_VER exists before openning it!
01-05 10:14:57.886   223   223 D NVRAM   : NVM_CheckVerFile: 1
01-05 10:14:57.886   223   223 D NVRAM   : New version info file
01-05 10:14:57.886   223   223 D NVRAM   : Load File Version: 000, NvRam File Version: 000
01-05 10:14:57.886   223   223 D NVRAM   : no need to enc/dnc
01-05 10:14:57.886   223   223 D NVRAM   : NVM_CheckFileSize : 19 ++
01-05 10:14:57.886   223   223 D NVRAM   : iCustomBeginLID = 49
01-05 10:14:57.886   223   223 D NVRAM   : NVM_CheckVerFile: 1
01-05 10:14:57.886   223   223 D NVRAM   : NVM_GetCfgFileTable : file_lid = 19
01-05 10:14:57.886   223   223 D NVRAM   : NVM_CheckFileSize:stat_size:6,size in table:4
01-05 10:14:57.887   223   223 D NVRAM   : NVM_ProtectUserData
01-05 10:14:57.887   223   223 D NVRAM   : NVM_ProtectUserData:Check File
01-05 10:14:57.888   223   223 D NVRAM   : NVM_CheckFile: File is correct!
01-05 10:14:57.888   223   223 D NVRAM   : NVM_ProtectUserData:Check Success
01-05 10:14:57.888   223   223 D NVRAM   : NVM_GetFileDesc ProtectDataFile Check Success!!
01-05 10:14:57.888   223   223 D NVRAM   : NVM_GetFileDesc --
01-05 10:14:57.888   223   223 D NVRAM   : NVM_CheckFileSize : 19 ++
01-05 10:14:57.888   223   223 D NVRAM   : iCustomBeginLID = 49
01-05 10:14:57.888   223   223 D NVRAM   : NVM_CheckVerFile: 1
01-05 10:14:57.888   223   223 D NVRAM   : NVM_GetCfgFileTable : file_lid = 19
01-05 10:14:57.888   223   223 D NVRAM   : NVM_CheckFileSize:stat_size:6,size in table:4
01-05 10:14:57.888   223   223 D NVRAM   : NVM_ProtectUserData
01-05 10:14:57.888   223   223 D NVRAM   : NVM_ProtectUserData:Set Check Num
01-05 10:14:57.888   223   223 D NVRAM   : NVM_SetCheckNo: CheckNo:0
01-05 10:14:57.888   223   223 D NVRAM   : NVM_SetCheckNo: CheckFlag:0
01-05 10:14:57.903   223   223 D NVRAM   : NVM_SetCheckNo: CheckNo generate successfully!
01-05 10:14:57.903   223   223 D NVRAM   : NVM_ProtectUserData:Set Check Num Success
01-05 10:14:57.903   223   223 D NVRAM   : NVM_CloseFileDesc ProtectDataFile Success!!
01-05 10:14:57.904   223   223 D NVRAM   : no need to enc/dnc
01-05 10:14:57.904   223   223 D ccci_mdinit(1): get md1 type in nvram(0)
01-05 10:14:57.904   223   223 D ccci_mdinit(1): Error: Fail to get modem type from nvram!
01-05 10:14:57.904   223   223 D ccci_mdinit(1): Current muxd: gsm0710muxd, rild:ril-daemon-mtk
01-05 10:14:57.904   223   223 D NVRAM   : NVM_GetLIDByName /data/nvram/APCFG/APRDCL/MD_SBP 
01-05 10:14:57.904   223   223 D NVRAM   : gFileNameArray =b6451000
01-05 10:14:57.904   223   223 D NVRAM   : deal with cfgfile =/data/nvram/APCFG/APRDCL/FILE_VER,0
01-05 10:14:57.904   223   223 D NVRAM   : deal with cfgfile =/data/nvram/APCFG/APRDEB/BT_Addr,1
01-05 10:14:57.904   223   223 D NVRAM   : deal with cfgfile =/data/nvram/APCFG/APRDCL/AUXADC,2
01-05 10:14:57.904   223   223 D NVRAM   : deal with cfgfile =/data/nvram/media/CAMERA_Para,3
01-05 10:14:57.904   223   223 D NVRAM   : deal with cfgfile =/data/nvram/media/CAMERA_3A,4
01-05 10:14:57.904   223   223 D NVRAM   : deal with cfgfile =/data/nvram/media/CAMERA_SHADING,5
01-05 10:14:57.904   223   223 D NVRAM   : deal with cfgfile =/data/nvram/media/CAMERA_DEFECT,6
01-05 10:14:57.904   223   223 D NVRAM   : deal with cfgfile =/data/nvram/media/CAMERA_SENSOR,7
01-05 10:14:57.904   223   223 D NVRAM   : deal with cfgfile =/data/nvram/media/CAMERA_LENS,8
01-05 10:14:57.904   223   223 D NVRAM   : deal with cfgfile =/data/nvram/APCFG/APRDCL/UART,9
01-05 10:14:57.904   223   223 D NVRAM   : deal with cfgfile =/data/nvram/APCFG/APRDCL/FACTORY,10
01-05 10:14:57.904   223   223 D NVRAM   : deal with cfgfile =/data/nvram/APCFG/APRDCL/BWCS,11
01-05 10:14:57.904   223   223 D NVRAM   : deal with cfgfile =/data/nvram/APCFG/APRDCL/HWMON_ACC,12
01-05 10:14:57.904   223   223 D NVRAM   : deal with cfgfile =/data/nvram/APCFG/APRDCL/HWMON_GYRO,13
01-05 10:14:57.904   223   223 D NVRAM   : deal with cfgfile =/data/nvram/APCFG/APRDEB/OMADM_USB,14
01-05 10:14:57.904   223   223 D NVRAM   : deal with cfgfile =/data/nvram/media/Voice_Recognize_Param,15
01-05 10:14:57.904   223   223 D NVRAM   : deal with cfgfile =/data/nvram/media/Audio_AudEnh_Control_Opt,16
01-05 10:14:57.905   223   223 D NVRAM   : deal with cfgfile =/data/nvram/media/Audio_VOIP_Param,17
01-05 10:14:57.905   223   223 D NVRAM   : deal with cfgfile =/data/nvram/APCFG/APRDCL/HWMON_PS,18
01-05 10:14:57.905   223   223 D NVRAM   : deal with cfgfile =/data/nvram/APCFG/APRDCL/MD_Type,19
01-05 10:14:57.905   223   223 D NVRAM   : deal with cfgfile =/data/nvram/APCFG/APRDCL/EXT_MD_Type,20
01-05 10:14:57.905   223   223 D NVRAM   : deal with cfgfile =/data/nvram/APCFG/APRDCL/SDIO,21
01-05 10:14:57.905   223   223 D NVRAM   : deal with cfgfile =/data/nvram/media/CAMERA_VERSION,22
01-05 10:14:57.905   223   223 D NVRAM   : deal with cfgfile =/data/nvram/media/CAMERA_FEATURE,23
01-05 10:14:57.905   223   223 D NVRAM   : deal with cfgfile =/data/nvram/media/CAMERA_GEOMETRY,24
01-05 10:14:57.905   223   223 D NVRAM   : deal with cfgfile =/data/nvram/APCFG/APRDCL/MD_SBP,25
01-05 10:14:57.905   223   223 D NVRAM   : deal with cfgfile =/data/nvram/media/CAMERA_SHADING2,26
01-05 10:14:57.905   223   223 D NVRAM   : deal with cfgfile =/data/nvram/media/CAMERA_SHADING3,27
01-05 10:14:57.905   223   223 D NVRAM   : deal with cfgfile =/data/nvram/media/CAMERA_SHADING4,28
01-05 10:14:57.905   223   223 D NVRAM   : deal with cfgfile =/data/nvram/media/CAMERA_SHADING5,29
01-05 10:14:57.905   223   223 D NVRAM   : deal with cfgfile =/data/nvram/media/CAMERA_SHADING6,30
01-05 10:14:57.905   223   223 D NVRAM   : deal with cfgfile =/data/nvram/media/CAMERA_SHADING7,31
01-05 10:14:57.905   223   223 D NVRAM   : deal with cfgfile =/data/nvram/media/CAMERA_SHADING8,32
01-05 10:14:57.905   223   223 D NVRAM   : deal with cfgfile =/data/nvram/media/CAMERA_SHADING9,33
01-05 10:14:57.905   223   223 D NVRAM   : deal with cfgfile =/data/nvram/media/CAMERA_SHADING10,34
01-05 10:14:57.905   223   223 D NVRAM   : deal with cfgfile =/data/nvram/media/CAMERA_SHADING11,35
01-05 10:14:57.905   223   223 D NVRAM   : deal with cfgfile =/data/nvram/media/CAMERA_SHADING12,36
01-05 10:14:57.905   223   223 D NVRAM   : deal with cfgfile =/data/nvram/media/CAMERA_PLINE,37
01-05 10:14:57.905   223   223 D NVRAM   : deal with cfgfile =/data/nvram/media/CAMERA_PLINE2,38
01-05 10:14:57.905   223   223 D NVRAM   : deal with cfgfile =/data/nvram/media/CAMERA_PLINE3,39
01-05 10:14:57.905   223   223 D NVRAM   : deal with cfgfile =/data/nvram/media/CAMERA_PLINE4,40
01-05 10:14:57.906   223   223 D NVRAM   : deal with cfgfile =/data/nvram/media/CAMERA_PLINE5,41
01-05 10:14:57.906   223   223 D NVRAM   : deal with cfgfile =/data/nvram/media/CAMERA_PLINE6,42
01-05 10:14:57.906   223   223 D NVRAM   : deal with cfgfile =/data/nvram/media/CAMERA_PLINE7,43
01-05 10:14:57.906   223   223 D NVRAM   : deal with cfgfile =/data/nvram/media/CAMERA_PLINE8,44
01-05 10:14:57.906   223   223 D NVRAM   : deal with cfgfile =/data/nvram/media/CAMERA_PLINE9,45
01-05 10:14:57.906   223   223 D NVRAM   : deal with cfgfile =/data/nvram/media/CAMERA_PLINE10,46
01-05 10:14:57.906   223   223 D NVRAM   : deal with cfgfile =/data/nvram/media/CAMERA_PLINE11,47
01-05 10:14:57.906   223   223 D NVRAM   : deal with cfgfile =/data/nvram/media/CAMERA_PLINE12,48
01-05 10:14:57.906   223   223 D NVRAM   : deal with cfgcustfile =/data/nvram/media/Audio_Sph,49
01-05 10:14:57.906   223   223 D NVRAM   : deal with cfgcustfile =/data/nvram/APCFG/APRDEB/GPS,50
01-05 10:14:57.906   223   223 D NVRAM   : deal with cfgcustfile =/data/nvram/media/Audio_CompFlt,51
01-05 10:14:57.906   223   223 D NVRAM   : deal with cfgcustfile =/data/nvram/media/Audio_Effect,52
01-05 10:14:57.906   223   223 D NVRAM   : deal with cfgcustfile =/data/nvram/APCFG/APRDEB/WIFI,53
01-05 10:14:57.906   223   223 D NVRAM   : deal with cfgcustfile =/data/nvram/APCFG/APRDEB/WIFI_CUSTOM,54
01-05 10:14:57.906   223   223 D NVRAM   : deal with cfgcustfile =/data/nvram/media/Audio_Sph_Med,55
01-05 10:14:57.906   223   223 D NVRAM   : deal with cfgcustfile =/data/nvram/media/Audio_Vol_custom,56
01-05 10:14:57.906   223   223 D NVRAM   : deal with cfgcustfile =/data/nvram/media/Sph_Dual_Mic,57
01-05 10:14:57.906   223   223 D NVRAM   : deal with cfgcustfile =/data/nvram/media/Audio_Wb_Sph,58
01-05 10:14:57.906   223   223 D NVRAM   : deal with cfgcustfile =/data/nvram/APCFG/APRDEB/PRODUCT_INFO,59
01-05 10:14:57.906   223   223 D NVRAM   : deal with cfgcustfile =/data/nvram/media/Headphone_CompFlt,60
01-05 10:14:57.906   223   223 D NVRAM   : deal with cfgcustfile =/data/nvram/media/Audio_gain_table,61
01-05 10:14:57.906   223   223 D NVRAM   : deal with cfgcustfile =/data/nvram/media/Audio_ver1_Vol_custom,62
01-05 10:14:57.906   223   223 D NVRAM   : deal with cfgcustfile =/data/nvram/media/Audio_Hd_Record_Param,63
01-05 10:14:57.906   223   223 D NVRAM   : deal with cfgcustfile =/data/nvram/media/Audio_Hd_Record_Scene_Table,64
01-05 10:14:57.906   223   223 D NVRAM   : deal with cfgcustfile =/data/nvram/media/Audio_Buffer_DC_Calibration_Param,65
01-05 10:14:57.906   223   223 D NVRAM   : deal with cfgcustfile =/data/nvram/media/VibSpk_CompFlt,66
01-05 10:14:57.907   223   223 D NVRAM   : deal with cfgcustfile =/data/nvram/media/MusicDRC_CompFlt,67
01-05 10:14:57.907   223   223 D NVRAM   : deal with cfgcustfile =/data/nvram/media/RingToneDRC_CompFlt,68
01-05 10:14:57.907   223   223 D NVRAM   : deal with cfgcustfile =/data/nvram/media/Audio_MAGI_CONFERENCE,69
01-05 10:14:57.907   223   223 D NVRAM   : deal with cfgcustfile =/data/nvram/media/Audio_HAC_Param,70
01-05 10:14:57.907   223   223 D NVRAM   : deal with cfgcustfile =/data/nvram/APCFG/APRDEB/Custom_FMT,71
01-05 10:14:57.907   223   223 D NVRAM   : deal with cfgcustfile =/data/nvram/APCFG/APRDEB/Custom_FMT_1,72
01-05 10:14:57.907   223   223 D NVRAM   : NVRAM: NVM_GetLIDByName Lid =25 
01-05 10:14:57.907   223   223 D ccci_mdinit(1): get sbp lid:25
01-05 10:14:57.907   223   223 D ccci_mdinit(1): get_nvram_ef_data fid:25, size:24, pdata:0xb6414af8
01-05 10:14:57.907   223   223 D NVRAM   : NVM_GetFileDesc ++
01-05 10:14:57.907   223   223 D NVRAM   : NVM_GetCfgFileTable : file_lid = 25
01-05 10:14:57.907   223   223 D NVRAM   : NVM_GetCfgFileTable done
01-05 10:14:57.907   223   223 D NVRAM   : Open /data/nvram/APCFG/APRDCL/MD_SBP,LID:25
01-05 10:14:57.907   223   223 D NVRAM   : NVM_CmpFileVerNo 25  
01-05 10:14:57.907   223   223 D NVRAM   : NVM_GetCfgFileTable : file_lid = 25
01-05 10:14:57.907   223   223 D NVRAM   : Check if FILE_VER exists before openning it!
01-05 10:14:57.907   223   223 D NVRAM   : NVM_CheckVerFile: 1
01-05 10:14:57.908   223   223 D NVRAM   : New version info file
01-05 10:14:57.908   223   223 D NVRAM   : Load File Version: 001, NvRam File Version: 001
01-05 10:14:57.908   223   223 D NVRAM   : no need to enc/dnc
01-05 10:14:57.908   223   223 D NVRAM   : NVM_CheckFileSize : 25 ++
01-05 10:14:57.908   223   223 D NVRAM   : iCustomBeginLID = 49
01-05 10:14:57.908   223   223 D NVRAM   : NVM_CheckVerFile: 1
01-05 10:14:57.908   223   223 D NVRAM   : NVM_GetCfgFileTable : file_lid = 25
01-05 10:14:57.908   223   223 D NVRAM   : NVM_CheckFileSize:stat_size:26,size in table:24
01-05 10:14:57.908   223   223 D NVRAM   : NVM_ProtectUserData
01-05 10:14:57.908   223   223 D NVRAM   : NVM_ProtectUserData:Check File
01-05 10:14:57.913   223   223 D NVRAM   : NVM_CheckFile: File is correct!
01-05 10:14:57.913   223   223 D NVRAM   : NVM_ProtectUserData:Check Success
01-05 10:14:57.913   223   223 D NVRAM   : NVM_GetFileDesc ProtectDataFile Check Success!!
01-05 10:14:57.913   223   223 D NVRAM   : NVM_GetFileDesc --
01-05 10:14:57.914   223   223 D NVRAM   : NVM_CheckFileSize : 25 ++
01-05 10:14:57.914   223   223 D NVRAM   : iCustomBeginLID = 49
01-05 10:14:57.914   223   223 D NVRAM   : NVM_CheckVerFile: 1
01-05 10:14:57.914   223   223 D NVRAM   : NVM_GetCfgFileTable : file_lid = 25
01-05 10:14:57.914   223   223 D NVRAM   : NVM_CheckFileSize:stat_size:26,size in table:24
01-05 10:14:57.914   223   223 D NVRAM   : NVM_ProtectUserData
01-05 10:14:57.914   223   223 D NVRAM   : NVM_ProtectUserData:Set Check Num
01-05 10:14:57.914   223   223 D NVRAM   : NVM_SetCheckNo: CheckNo:3
01-05 10:14:57.914   223   223 D NVRAM   : NVM_SetCheckNo: CheckFlag:0
01-05 10:14:57.935   223   223 D NVRAM   : NVM_SetCheckNo: CheckNo generate successfully!
01-05 10:14:57.935   223   223 D NVRAM   : NVM_ProtectUserData:Set Check Num Success
01-05 10:14:57.935   223   223 D NVRAM   : NVM_CloseFileDesc ProtectDataFile Success!!
01-05 10:14:57.935   223   223 D NVRAM   : no need to enc/dnc
01-05 10:14:57.935   223   223 D ccci_mdinit(1): get_cip_sbp_setting, file /custom/etc/firmware/CIP_MD_SBP NOT exists!
01-05 10:14:57.935   223   223 D ccci_mdinit(1): get SBP Config Value from kernel failed!!ret:-1, sbp_default:0
01-05 10:14:57.935   223   223 D ccci_mdinit(1): Error!! sbp_code is 0 needn't send to modem!
01-05 10:14:57.936   223   223 D ccci_mdinit(1): Using default setting
01-05 10:14:57.936   223   223 D ccci_mdinit(1): cal_boot_setting,CCCI_IOC_GET_CFG_SETTING failed,errno=1.
01-05 10:14:57.936   223   223 D ccci_mdinit(1): Begin to set sim mode!
01-05 10:14:57.937   223   223 D ccci_mdinit(1): Open mtk_ssw fail!
01-05 10:14:57.937   223   223 D ccci_mdinit(1): Using ssw default(0x0)!
01-05 10:14:57.937   223   223 D ccci_mdinit(1): ccci_setting_dump:Update kernel ccci cfg
01-05 10:14:57.937   223   223 D ccci_mdinit(1): SIM_mode:0x0
01-05 10:14:57.937   223   223 D ccci_mdinit(1): slot1_mode:0xffffffff
01-05 10:14:57.937   223   223 D ccci_mdinit(1): slot2_mode:0xffffffff
01-05 10:14:57.937   223   223 D ccci_mdinit(0): time_srv_init++
01-05 10:14:57.937   223   223 E ccci_mdinit(0): Open ipc port 2 fail
01-05 10:14:57.937   223   223 E ccci_mdinit(0): Open md_log_config file failed, errno=2!
01-05 10:14:57.937   223   223 E ccci_mdinit(0): set md boot data:2
01-05 10:14:57.983   228   269 I [MALI][Gralloc]: usage: 0xf02, format: 1 stride: 480 vertical_stride: 854 size: 1639680
01-05 10:14:57.990   321   366 I [MALI][Gralloc]: open = 0xb6e0bc21
01-05 10:14:57.990   321   366 I [MALI][Gralloc]: close = 0xb6e0bc59
01-05 10:14:57.990   321   366 I [MALI][Gralloc]: alloc = 0xb6e0bcf1
01-05 10:14:57.990   321   366 I [MALI][Gralloc]: ref = 0xb6e0bdf5
01-05 10:14:57.990   321   366 I [MALI][Gralloc]: unref = 0xb6e0be69
01-05 10:14:57.990   321   366 I [MALI][Gralloc]: gralloc tlcMemOpen recount = 0
01-05 10:14:57.990   321   366 I [MALI][Gralloc]: gralloc call tlcMemOpen
01-05 10:14:57.990   321   366 I TLC_SECMEM: tlcMemOpen: opening secure memory driver
01-05 10:14:57.990   321   366 E TLC_SECMEM: tlcMemOpenInternal: open device file failed for R/W: 2 (No such file or directory)
01-05 10:14:57.990   321   366 E [MALI][Gralloc-ERROR]: void gralloc_private_TEEopen():1049 tlcMemOpen fail, ret = 16
01-05 10:14:58.036   236   303 D agps    : [agps] WARNING: [CP] cp2_fd_1_req_sim_num_timeout
01-05 10:14:58.036   236   276 D agps    : [agps][n][CP] [MD_1] write  sim_info_req
01-05 10:14:58.036   236   276 E agps    : [agps] ERR: [Utility] safe_write reason=[No such device]19
01-05 10:14:58.056   244   373 I chatty  : uid=1041(audioserver) AudioOut_D expire 158 lines
01-05 10:14:58.086   244   337 I chatty  : uid=1041(audioserver) ApmAudio expire 5 lines
01-05 10:14:58.112   244   376 I chatty  : uid=1041(audioserver) AudioOut_15 expire 61 lines
01-05 10:14:58.120   244   377 I chatty  : uid=1041(audioserver) /system/bin/audioserver expire 1 line
01-05 10:14:58.124   223   223 D ccci_mdinit(1): deamon begin to run!
01-05 10:14:58.124   223   223 D ccci_mdinit(1): MD is release version
01-05 10:14:58.136   244   378 I chatty  : uid=1041(audioserver) /system/bin/audioserver expire 1 line
01-05 10:14:58.152   223   223 D ccci_mdinit(1): buff.data[0] = 0xFFFFFFFF, data[1] = 0xFAF50002, channel = F0000000, reserved = 0x00000000
01-05 10:14:58.152   223   223 D ccci_mdinit(1): set md status:mtk.md1.status=bootup 
01-05 10:14:58.153   223   223 D ccci_mdinit(1): modem boot up, set runtime data
01-05 10:14:58.247   223   223 D ccci_mdinit(1): buff.data[0] = 0xFFFFFFFF, data[1] = 0xFAF50001, channel = F0000000, reserved = 0x00000000
01-05 10:14:58.249   223   223 D ccci_mdinit(1): set md status:mtk.md1.status=ready 
01-05 10:14:58.249   223   223 D ccci_mdinit(1): modem ready
01-05 10:14:58.250   223   223 D ccci_mdinit(1): start all ccci up layer services
01-05 10:14:58.250   223   223 D ccci_mdinit(1): start mdlogger
01-05 10:14:58.250   223   223 I ccci_mdinit(1): start_service init.svc.mdlogger, but returned 0, maybe has no this property
01-05 10:14:58.250   223   223 I ccci_mdinit(1): wait_for_property() name:init.svc.mdlogger, desired_value:running, waitmsec:0, loop:1
01-05 10:14:58.250   223   223 I ccci_mdinit(1): wait_for_property() no property of :init.svc.mdlogger, loop:0
01-05 10:14:58.250   223   223 E ccci_mdinit(1): wait_for_property() failed!name:init.svc.mdlogger, desired_value:running, waitmsec:0, value:
01-05 10:14:58.250   223   223 D ccci_mdinit(1): Current muxd: gsm0710muxd, rild:ril-daemon-mtk
01-05 10:14:58.251   223   223 I ccci_mdinit(1): start_service init.svc.gsm0710muxd, but returned 0, maybe has no this property
01-05 10:14:58.251   223   223 I ccci_mdinit(1): wait_for_property() name:init.svc.gsm0710muxd, desired_value:running, waitmsec:2000, loop:20
01-05 10:14:58.251   223   223 I ccci_mdinit(1): wait_for_property() no property of :init.svc.gsm0710muxd, loop:19
01-05 10:14:58.286   243   243 D ICU     : No timezone override file found: /data/misc/zoneinfo/current/icu/icu_tzdata.dat
01-05 10:14:58.352   223   223 I ccci_mdinit(1): wait_for_property() ready for name:init.svc.gsm0710muxd, loop:18
01-05 10:14:58.352   223   223 D ccci_mdinit(1): BC queue free space 7
01-05 10:14:58.352   223   223 D ccci_mdinit(1): Store sbp file start... metamode:0,md_sbp_lid:25
01-05 10:14:58.352   223   223 D ccci_mdinit(1): Store md sbp code! ret:0, needstore:0x0, sbp1:0, flag1:1, sbp2:0, flag2:1, times:0
01-05 10:14:58.352   223   223 D ccci_mdinit(1): Store sbp file End.
01-05 10:14:58.507   228   269 I [MALI][Gralloc]: usage: 0xf02, format: 1 stride: 480 vertical_stride: 854 size: 1639680
01-05 10:14:58.519   244   368 I chatty  : uid=1041(audioserver) CCCIReadThread expire 12 lines
01-05 10:14:58.519   244   387 I chatty  : uid=1041(audioserver) /system/bin/audioserver expire 105 lines
01-05 10:14:58.631   243   243 I Radio-JNI: register_android_hardware_Radio DONE
01-05 10:14:58.652   243   243 I SamplingProfilerIntegration: Profiling disabled.
01-05 10:14:58.655   243   243 D Zygote  : begin preload
01-05 10:14:58.655   243   243 I Zygote  : Installing ICU cache reference pinning...
01-05 10:14:58.655   243   243 I Zygote  : Preloading ICU data...
01-05 10:14:58.753   243   243 I Zygote  : Preloading classes...
01-05 10:14:58.757   243   243 W Zygote  : Class not found for preloading: [Landroid.view.Display$ColorTransform;
01-05 10:14:58.992   244   373 I chatty  : uid=1041(audioserver) AudioOut_D expire 9 lines
01-05 10:14:59.089   244   373 E AudioALSAStreamOut: -getPresentationPosition(), no playback handler, *frames = 0, return
01-05 10:14:59.099   244   373 E AudioALSAStreamOut: -getPresentationPosition(), no playback handler, *frames = 0, return
01-05 10:14:59.110   244   373 E AudioALSAStreamOut: -getPresentationPosition(), no playback handler, *frames = 0, return
01-05 10:14:59.121   244   373 E AudioALSAStreamOut: -getPresentationPosition(), no playback handler, *frames = 0, return
01-05 10:14:59.132   244   373 E AudioALSAStreamOut: -getPresentationPosition(), no playback handler, *frames = 0, return
01-05 10:14:59.142   244   373 E AudioALSAStreamOut: -getPresentationPosition(), no playback handler, *frames = 0, return
01-05 10:14:59.153   244   373 E AudioALSAStreamOut: -getPresentationPosition(), no playback handler, *frames = 0, return
01-05 10:14:59.164   244   373 E AudioALSAStreamOut: -getPresentationPosition(), no playback handler, *frames = 0, return
01-05 10:14:59.175   244   373 E AudioALSAStreamOut: -getPresentationPosition(), no playback handler, *frames = 0, return
01-05 10:14:59.186   244   373 E AudioALSAStreamOut: -getPresentationPosition(), no playback handler, *frames = 0, return
01-05 10:14:59.196   244   373 E AudioALSAStreamOut: -getPresentationPosition(), no playback handler, *frames = 0, return
01-05 10:14:59.207   244   373 E AudioALSAStreamOut: -getPresentationPosition(), no playback handler, *frames = 0, return
01-05 10:14:59.218   244   373 E AudioALSAStreamOut: -getPresentationPosition(), no playback handler, *frames = 0, return
01-05 10:14:59.221   243   243 E Typeface: Error mapping font file /system/fonts/DroidSansFallback.ttf
01-05 10:14:59.229   244   373 E AudioALSAStreamOut: -getPresentationPosition(), no playback handler, *frames = 0, return
01-05 10:14:59.240   244   373 E AudioALSAStreamOut: -getPresentationPosition(), no playback handler, *frames = 0, return
01-05 10:14:59.250   244   373 E AudioALSAStreamOut: -getPresentationPosition(), no playback handler, *frames = 0, return
01-05 10:14:59.261   244   373 E AudioALSAStreamOut: -getPresentationPosition(), no playback handler, *frames = 0, return
01-05 10:14:59.272   244   373 E AudioALSAStreamOut: -getPresentationPosition(), no playback handler, *frames = 0, return
01-05 10:14:59.283   244   373 E AudioALSAStreamOut: -getPresentationPosition(), no playback handler, *frames = 0, return
01-05 10:14:59.294   244   373 E AudioALSAStreamOut: -getPresentationPosition(), no playback handler, *frames = 0, return
01-05 10:14:59.304   244   373 E AudioALSAStreamOut: -getPresentationPosition(), no playback handler, *frames = 0, return
01-05 10:14:59.315   244   373 E AudioALSAStreamOut: -getPresentationPosition(), no playback handler, *frames = 0, return
01-05 10:14:59.326   244   373 E AudioALSAStreamOut: -getPresentationPosition(), no playback handler, *frames = 0, return
01-05 10:14:59.337   244   373 E AudioALSAStreamOut: -getPresentationPosition(), no playback handler, *frames = 0, return
01-05 10:14:59.348   244   373 E AudioALSAStreamOut: -getPresentationPosition(), no playback handler, *frames = 0, return
01-05 10:14:59.358   244   373 E AudioALSAStreamOut: -getPresentationPosition(), no playback handler, *frames = 0, return
01-05 10:14:59.369   244   373 E AudioALSAStreamOut: -getPresentationPosition(), no playback handler, *frames = 0, return
01-05 10:14:59.380   244   373 E AudioALSAStreamOut: -getPresentationPosition(), no playback handler, *frames = 0, return
01-05 10:14:59.391   244   373 E AudioALSAStreamOut: -getPresentationPosition(), no playback handler, *frames = 0, return
01-05 10:14:59.402   244   373 E AudioALSAStreamOut: -getPresentationPosition(), no playback handler, *frames = 0, return
01-05 10:14:59.412   244   373 E AudioALSAStreamOut: -getPresentationPosition(), no playback handler, *frames = 0, return
01-05 10:14:59.423   244   373 E AudioALSAStreamOut: -getPresentationPosition(), no playback handler, *frames = 0, return
01-05 10:14:59.434   244   373 E AudioALSAStreamOut: -getPresentationPosition(), no playback handler, *frames = 0, return
01-05 10:14:59.445   244   373 E AudioALSAStreamOut: -getPresentationPosition(), no playback handler, *frames = 0, return
01-05 10:14:59.455   244   373 E AudioALSAStreamOut: -getPresentationPosition(), no playback handler, *frames = 0, return
01-05 10:14:59.466   244   373 E AudioALSAStreamOut: -getPresentationPosition(), no playback handler, *frames = 0, return
01-05 10:14:59.477   244   373 E AudioALSAStreamOut: -getPresentationPosition(), no playback handler, *frames = 0, return
01-05 10:14:59.488   244   373 E AudioALSAStreamOut: -getPresentationPosition(), no playback handler, *frames = 0, return
01-05 10:14:59.499   244   373 E AudioALSAStreamOut: -getPresentationPosition(), no playback handler, *frames = 0, return
01-05 10:14:59.509   244   373 E AudioALSAStreamOut: -getPresentationPosition(), no playback handler, *frames = 0, return
01-05 10:14:59.520   244   373 E AudioALSAStreamOut: -getPresentationPosition(), no playback handler, *frames = 0, return
01-05 10:14:59.531   244   373 E AudioALSAStreamOut: -getPresentationPosition(), no playback handler, *frames = 0, return
01-05 10:14:59.542   244   373 E AudioALSAStreamOut: -getPresentationPosition(), no playback handler, *frames = 0, return
01-05 10:14:59.552   244   373 E AudioALSAStreamOut: -getPresentationPosition(), no playback handler, *frames = 0, return
01-05 10:14:59.563   244   373 E AudioALSAStreamOut: -getPresentationPosition(), no playback handler, *frames = 0, return
01-05 10:14:59.574   244   373 E AudioALSAStreamOut: -getPresentationPosition(), no playback handler, *frames = 0, return
01-05 10:14:59.585   244   373 E AudioALSAStreamOut: -getPresentationPosition(), no playback handler, *frames = 0, return
01-05 10:14:59.595   244   373 E AudioALSAStreamOut: -getPresentationPosition(), no playback handler, *frames = 0, return
01-05 10:14:59.606   244   373 E AudioALSAStreamOut: -getPresentationPosition(), no playback handler, *frames = 0, return
01-05 10:14:59.617   244   373 E AudioALSAStreamOut: -getPresentationPosition(), no playback handler, *frames = 0, return
01-05 10:14:59.628   244   373 E AudioALSAStreamOut: -getPresentationPosition(), no playback handler, *frames = 0, return
01-05 10:14:59.639   244   373 E AudioALSAStreamOut: -getPresentationPosition(), no playback handler, *frames = 0, return
01-05 10:14:59.644   243   243 I art     : Thread[1,tid=243,Native,Thread*=0xb4185400,peer=0x12c070d0,"main"] recursive attempt to load library "/system/lib/libmedia_jni.so"
01-05 10:14:59.646   243   243 D MtpDeviceJNI: register_android_mtp_MtpDevice
01-05 10:14:59.647   243   243 I art     : Thread[1,tid=243,Native,Thread*=0xb4185400,peer=0x12c070d0,"main"] recursive attempt to load library "/system/lib/libmedia_jni.so"
01-05 10:14:59.647   243   243 I art     : Thread[1,tid=243,Native,Thread*=0xb4185400,peer=0x12c070d0,"main"] recursive attempt to load library "/system/lib/libmedia_jni.so"
01-05 10:14:59.649   244   373 E AudioALSAStreamOut: -getPresentationPosition(), no playback handler, *frames = 0, return
01-05 10:14:59.660   244   373 E AudioALSAStreamOut: -getPresentationPosition(), no playback handler, *frames = 0, return
01-05 10:14:59.671   244   373 E AudioALSAStreamOut: -getPresentationPosition(), no playback handler, *frames = 0, return
01-05 10:14:59.682   244   373 E AudioALSAStreamOut: -getPresentationPosition(), no playback handler, *frames = 0, return
01-05 10:14:59.693   244   373 E AudioALSAStreamOut: -getPresentationPosition(), no playback handler, *frames = 0, return
01-05 10:14:59.703   244   373 E AudioALSAStreamOut: -getPresentationPosition(), no playback handler, *frames = 0, return
01-05 10:14:59.714   244   373 E AudioALSAStreamOut: -getPresentationPosition(), no playback handler, *frames = 0, return
01-05 10:14:59.725   244   373 E AudioALSAStreamOut: -getPresentationPosition(), no playback handler, *frames = 0, return
01-05 10:14:59.727   243   386 I art     : Background concurrent mark sweep GC freed 19202(4MB) AllocSpace objects, 135(2MB) LOS objects, 40% free, 1481KB/2MB, paused 410us total 114.007ms
01-05 10:14:59.736   244   373 E AudioALSAStreamOut: -getPresentationPosition(), no playback handler, *frames = 0, return
01-05 10:14:59.737   243   243 E FFMPEGSoftCodec: Failed to load FFMPEG plugin: (null)
01-05 10:14:59.747   244   373 E AudioALSAStreamOut: -getPresentationPosition(), no playback handler, *frames = 0, return
01-05 10:14:59.757   244   373 E AudioALSAStreamOut: -getPresentationPosition(), no playback handler, *frames = 0, return
01-05 10:14:59.768   244   373 E AudioALSAStreamOut: -getPresentationPosition(), no playback handler, *frames = 0, return
01-05 10:14:59.779   244   373 E AudioALSAStreamOut: -getPresentationPosition(), no playback handler, *frames = 0, return
01-05 10:14:59.790   244   373 E AudioALSAStreamOut: -getPresentationPosition(), no playback handler, *frames = 0, return
01-05 10:14:59.801   244   373 E AudioALSAStreamOut: -getPresentationPosition(), no playback handler, *frames = 0, return
01-05 10:14:59.811   244   373 E AudioALSAStreamOut: -getPresentationPosition(), no playback handler, *frames = 0, return
01-05 10:14:59.821   243   243 W asset   : Asset path /system/framework/org.cyanogenmod.platform-res.apk is neither a directory nor file (type=1).
01-05 10:14:59.821   243   243 E asset   : Failed to load CMSDK resources!
01-05 10:14:59.822   244   373 E AudioALSAStreamOut: -getPresentationPosition(), no playback handler, *frames = 0, return
01-05 10:14:59.833   244   373 E AudioALSAStreamOut: -getPresentationPosition(), no playback handler, *frames = 0, return
01-05 10:14:59.844   244   373 E AudioALSAStreamOut: -getPresentationPosition(), no playback handler, *frames = 0, return
01-05 10:14:59.854   244   373 E AudioALSAStreamOut: -getPresentationPosition(), no playback handler, *frames = 0, return
01-05 10:14:59.865   244   373 E AudioALSAStreamOut: -getPresentationPosition(), no playback handler, *frames = 0, return
01-05 10:14:59.876   244   373 E AudioALSAStreamOut: -getPresentationPosition(), no playback handler, *frames = 0, return
01-05 10:14:59.887   244   373 E AudioALSAStreamOut: -getPresentationPosition(), no playback handler, *frames = 0, return
01-05 10:14:59.898   244   373 E AudioALSAStreamOut: -getPresentationPosition(), no playback handler, *frames = 0, return
01-05 10:14:59.908   244   373 E AudioALSAStreamOut: -getPresentationPosition(), no playback handler, *frames = 0, return
01-05 10:14:59.919   244   373 E AudioALSAStreamOut: -getPresentationPosition(), no playback handler, *frames = 0, return
01-05 10:14:59.930   244   373 E AudioALSAStreamOut: -getPresentationPosition(), no playback handler, *frames = 0, return
01-05 10:14:59.940   244   373 E AudioALSAStreamOut: -getPresentationPosition(), no playback handler, *frames = 0, return
01-05 10:14:59.951   244   373 E AudioALSAStreamOut: -getPresentationPosition(), no playback handler, *frames = 0, return
01-05 10:14:59.962   244   373 E AudioALSAStreamOut: -getPresentationPosition(), no playback handler, *frames = 0, return
01-05 10:14:59.973   244   373 E AudioALSAStreamOut: -getPresentationPosition(), no playback handler, *frames = 0, return
01-05 10:14:59.984   244   373 E AudioALSAStreamOut: -getPresentationPosition(), no playback handler, *frames = 0, return
01-05 10:14:59.994   244   373 E AudioALSAStreamOut: -getPresentationPosition(), no playback handler, *frames = 0, return
01-05 10:15:00.005   244   373 E AudioALSAStreamOut: -getPresentationPosition(), no playback handler, *frames = 0, return
01-05 10:15:00.015   243   243 W Zygote  : Class not found for preloading: android.view.Display$ColorTransform
01-05 10:15:00.015   243   243 W Zygote  : Class not found for preloading: android.view.Display$ColorTransform$1
01-05 10:15:00.016   244   373 E AudioALSAStreamOut: -getPresentationPosition(), no playback handler, *frames = 0, return
01-05 10:15:00.027   244   373 E AudioALSAStreamOut: -getPresentationPosition(), no playback handler, *frames = 0, return
01-05 10:15:00.037   236   303 D agps    : [agps] WARNING: [CP] cp2_fd_1_req_sim_num_timeout
01-05 10:15:00.037   236   276 D agps    : [agps][n][CP] [MD_1] write  sim_info_req
01-05 10:15:00.038   244   373 E AudioALSAStreamOut: -getPresentationPosition(), no playback handler, *frames = 0, return
01-05 10:15:00.038   236   276 D agps    : [agps][n][CP] [MD_1] read  sim_info_rsp  sim_number=2 md_type=0 (0=fdd, 1=tdd) ecid=0 otdoa=0 band_num=0
01-05 10:15:00.038   236   276 E agps    : [agps] ERR: [CP] band_num is not ready  retry=0
01-05 10:15:00.048   244   373 E AudioALSAStreamOut: -getPresentationPosition(), no playback handler, *frames = 0, return
01-05 10:15:00.059   244   373 E AudioALSAStreamOut: -getPresentationPosition(), no playback handler, *frames = 0, return
01-05 10:15:00.070   244   373 E AudioALSAStreamOut: -getPresentationPosition(), no playback handler, *frames = 0, return
01-05 10:15:00.081   244   373 E AudioALSAStreamOut: -getPresentationPosition(), no playback handler, *frames = 0, return
01-05 10:15:00.091   244   373 E AudioALSAStreamOut: -getPresentationPosition(), no playback handler, *frames = 0, return
01-05 10:15:00.102   244   373 E AudioALSAStreamOut: -getPresentationPosition(), no playback handler, *frames = 0, return
01-05 10:15:00.109   243   243 W System  : ClassLoader referenced unknown path: /system/framework/tcmclient.jar
01-05 10:15:00.113   244   373 E AudioALSAStreamOut: -getPresentationPosition(), no playback handler, *frames = 0, return
01-05 10:15:00.124   244   373 E AudioALSAStreamOut: -getPresentationPosition(), no playback handler, *frames = 0, return
01-05 10:15:00.134   244   373 E AudioALSAStreamOut: -getPresentationPosition(), no playback handler, *frames = 0, return
01-05 10:15:00.145   244   373 E AudioALSAStreamOut: -getPresentationPosition(), no playback handler, *frames = 0, return
01-05 10:15:00.156   244   373 E AudioALSAStreamOut: -getPresentationPosition(), no playback handler, *frames = 0, return
01-05 10:15:00.167   244   373 E AudioALSAStreamOut: -getPresentationPosition(), no playback handler, *frames = 0, return
01-05 10:15:00.178   244   373 E AudioALSAStreamOut: -getPresentationPosition(), no playback handler, *frames = 0, return
01-05 10:15:00.188   244   373 E AudioALSAStreamOut: -getPresentationPosition(), no playback handler, *frames = 0, return
01-05 10:15:00.199   244   373 E AudioALSAStreamOut: -getPresentationPosition(), no playback handler, *frames = 0, return
01-05 10:15:00.210   244   373 E AudioALSAStreamOut: -getPresentationPosition(), no playback handler, *frames = 0, return
01-05 10:15:00.221   244   373 E AudioALSAStreamOut: -getPresentationPosition(), no playback handler, *frames = 0, return
01-05 10:15:00.231   244   373 E AudioALSAStreamOut: -getPresentationPosition(), no playback handler, *frames = 0, return
01-05 10:15:00.242   244   373 E AudioALSAStreamOut: -getPresentationPosition(), no playback handler, *frames = 0, return
01-05 10:15:00.253   244   373 E AudioALSAStreamOut: -getPresentationPosition(), no playback handler, *frames = 0, return
01-05 10:15:00.264   244   373 E AudioALSAStreamOut: -getPresentationPosition(), no playback handler, *frames = 0, return
01-05 10:15:00.275   244   373 E AudioALSAStreamOut: -getPresentationPosition(), no playback handler, *frames = 0, return
01-05 10:15:00.285   244   373 E AudioALSAStreamOut: -getPresentationPosition(), no playback handler, *frames = 0, return
01-05 10:15:00.296   244   373 E AudioALSAStreamOut: -getPresentationPosition(), no playback handler, *frames = 0, return
01-05 10:15:00.299   243   243 I System  : Loaded time zone names for "" in 101ms (96ms in ICU)
01-05 10:15:00.307   244   373 E AudioALSAStreamOut: -getPresentationPosition(), no playback handler, *frames = 0, return
01-05 10:15:00.318   244   373 E AudioALSAStreamOut: -getPresentationPosition(), no playback handler, *frames = 0, return
01-05 10:15:00.328   244   373 E AudioALSAStreamOut: -getPresentationPosition(), no playback handler, *frames = 0, return
01-05 10:15:00.339   244   373 E AudioALSAStreamOut: -getPresentationPosition(), no playback handler, *frames = 0, return
01-05 10:15:00.348   243   243 I System  : Loaded time zone names for "en_US" in 48ms (43ms in ICU)
01-05 10:15:00.350   244   373 E AudioALSAStreamOut: -getPresentationPosition(), no playback handler, *frames = 0, return
01-05 10:15:00.361   244   373 E AudioALSAStreamOut: -getPresentationPosition(), no playback handler, *frames = 0, return
01-05 10:15:00.371   244   373 E AudioALSAStreamOut: -getPresentationPosition(), no playback handler, *frames = 0, return
01-05 10:15:00.382   244   373 E AudioALSAStreamOut: -getPresentationPosition(), no playback handler, *frames = 0, return
01-05 10:15:00.393   244   373 E AudioALSAStreamOut: -getPresentationPosition(), no playback handler, *frames = 0, return
01-05 10:15:00.404   244   373 E AudioALSAStreamOut: -getPresentationPosition(), no playback handler, *frames = 0, return
01-05 10:15:00.415   244   373 E AudioALSAStreamOut: -getPresentationPosition(), no playback handler, *frames = 0, return
01-05 10:15:00.420   243   243 I Zygote  : ...preloaded 4158 classes in 1667ms.
01-05 10:15:00.420   243   243 I art     : VMRuntime.preloadDexCaches starting
01-05 10:15:00.425   244   373 E AudioALSAStreamOut: -getPresentationPosition(), no playback handler, *frames = 0, return
01-05 10:15:00.436   244   373 E AudioALSAStreamOut: -getPresentationPosition(), no playback handler, *frames = 0, return
01-05 10:15:00.447   244   373 E AudioALSAStreamOut: -getPresentationPosition(), no playback handler, *frames = 0, return
01-05 10:15:00.455   403   403 F libc    : CANNOT LINK EXECUTABLE "/system/bin/cameraserver": cannot locate symbol "_ZNK7android14ICameraService22getInterfaceDescriptorEv" referenced by "/system/lib/libcameraservice.so"...
01-05 10:15:00.455   403   403 F libc    : Fatal signal 6 (SIGABRT), code -6 in tid 403 (cameraserver)
01-05 10:15:00.457   200   200 W         : debuggerd: handling request: pid=403 uid=1047 gid=1005 tid=403
01-05 10:15:00.458   244   373 E AudioALSAStreamOut: -getPresentationPosition(), no playback handler, *frames = 0, return
01-05 10:15:00.469   244   373 E AudioALSAStreamOut: -getPresentationPosition(), no playback handler, *frames = 0, return
