01-05 10:15:00.477   406   406 E         : debuggerd: Unable to connect to activity manager (connect failed: Connection refused)
01-05 10:15:00.478   406   406 F DEBUG   : *** *** *** *** *** *** *** *** *** *** *** *** *** *** *** ***
01-05 10:15:00.479   406   406 F DEBUG   : LineageOS Version: 'unknown'
01-05 10:15:00.479   244   373 E AudioALSAStreamOut: -getPresentationPosition(), no playback handler, *frames = 0, return
01-05 10:15:00.481   406   406 F DEBUG   : Build fingerprint: 'unknown'
01-05 10:15:00.481   406   406 F DEBUG   : Revision: '0'
01-05 10:15:00.481   406   406 F DEBUG   : ABI: 'arm'
01-05 10:15:00.482   406   406 F DEBUG   : pid: 403, tid: 403, name: cameraserver  >>> /system/bin/cameraserver <<<
01-05 10:15:00.482   406   406 F DEBUG   : signal 6 (SIGABRT), code -6 (SI_TKILL), fault addr --------
01-05 10:15:00.482   406   406 F DEBUG   :     r0 00000000  r1 00000193  r2 00000006  r3 00000008
01-05 10:15:00.482   406   406 F DEBUG   :     r4 b6fe658c  r5 00000006  r6 b6fe6534  r7 0000010c
01-05 10:15:00.482   406   406 F DEBUG   :     r8 beec0790  r9 00000003  sl beec07c0  fp b6f73010
01-05 10:15:00.482   406   406 F DEBUG   :     ip 00000000  sp beec0728  lr b6fc6e4f  pc b6fc7868  cpsr 200f0010
01-05 10:15:00.490   244   373 E AudioALSAStreamOut: -getPresentationPosition(), no playback handler, *frames = 0, return
01-05 10:15:00.501   244   373 E AudioALSAStreamOut: -getPresentationPosition(), no playback handler, *frames = 0, return
01-05 10:15:00.512   244   373 E AudioALSAStreamOut: -getPresentationPosition(), no playback handler, *frames = 0, return
01-05 10:15:00.515   404   404 F libc    : CANNOT LINK EXECUTABLE "/system/bin/mediaserver": cannot locate symbol "_ZNK7android14ICameraService22getInterfaceDescriptorEv" referenced by "/system/lib/libcameraservice.so"...
01-05 10:15:00.515   404   404 F libc    : Fatal signal 6 (SIGABRT), code -6 in tid 404 (mediaserver)
01-05 10:15:00.520   406   406 F DEBUG   : 
01-05 10:15:00.520   406   406 F DEBUG   : backtrace:
01-05 10:15:00.520   406   406 F DEBUG   :     #00 pc 00046868  /system/bin/linker (__dl_tgkill+12)
01-05 10:15:00.520   406   406 F DEBUG   :     #01 pc 00045e4b  /system/bin/linker (__dl_pthread_kill+34)
01-05 10:15:00.520   406   406 F DEBUG   :     #02 pc 0003e1ef  /system/bin/linker (__dl_raise+10)
01-05 10:15:00.520   406   406 F DEBUG   :     #03 pc 0003ccab  /system/bin/linker (__dl___libc_android_abort+34)
01-05 10:15:00.520   406   406 F DEBUG   :     #04 pc 0003bbc4  /system/bin/linker (__dl_abort+4)
01-05 10:15:00.520   406   406 F DEBUG   :     #05 pc 0003dceb  /system/bin/linker (__dl___libc_fatal+22)
01-05 10:15:00.520   406   406 F DEBUG   :     #06 pc 00009c4b  /system/bin/linker (__dl__ZL29__linker_init_post_relocationR19KernelArgumentBlockj+3146)
01-05 10:15:00.520   406   406 F DEBUG   :     #07 pc 00008f6b  /system/bin/linker (__dl___linker_init+358)
01-05 10:15:00.521   406   406 F DEBUG   :     #08 pc 000027c0  /system/bin/linker (_start+4)
01-05 10:15:00.522   244   373 E AudioALSAStreamOut: -getPresentationPosition(), no playback handler, *frames = 0, return
01-05 10:15:00.533   244   373 E AudioALSAStreamOut: -getPresentationPosition(), no playback handler, *frames = 0, return
01-05 10:15:00.544   244   373 E AudioALSAStreamOut: -getPresentationPosition(), no playback handler, *frames = 0, return
01-05 10:15:00.555   244   373 E AudioALSAStreamOut: -getPresentationPosition(), no playback handler, *frames = 0, return
01-05 10:15:00.565   244   373 E AudioALSAStreamOut: -getPresentationPosition(), no playback handler, *frames = 0, return
01-05 10:15:00.576   244   373 E AudioALSAStreamOut: -getPresentationPosition(), no playback handler, *frames = 0, return
01-05 10:15:00.587   244   373 E AudioALSAStreamOut: -getPresentationPosition(), no playback handler, *frames = 0, return
01-05 10:15:00.598   244   373 E AudioALSAStreamOut: -getPresentationPosition(), no playback handler, *frames = 0, return
01-05 10:15:00.609   244   373 E AudioALSAStreamOut: -getPresentationPosition(), no playback handler, *frames = 0, return
01-05 10:15:00.619   244   373 E AudioALSAStreamOut: -getPresentationPosition(), no playback handler, *frames = 0, return
01-05 10:15:00.630   244   373 E AudioALSAStreamOut: -getPresentationPosition(), no playback handler, *frames = 0, return
01-05 10:15:00.638   200   200 W         : debuggerd: resuming target 403
01-05 10:15:00.639   200   200 E         : debuggerd: failed to send signal 18 to target: No such process
01-05 10:15:00.639   200   200 W         : debuggerd: handling request: pid=404 uid=1013 gid=1005 tid=404
01-05 10:15:00.641   244   373 E AudioALSAStreamOut: -getPresentationPosition(), no playback handler, *frames = 0, return
01-05 10:15:00.650   427   427 E         : debuggerd: Unable to connect to activity manager (connect failed: Connection refused)
01-05 10:15:00.652   244   373 E AudioALSAStreamOut: -getPresentationPosition(), no playback handler, *frames = 0, return
01-05 10:15:00.657   243   243 I art     : VMRuntime.preloadDexCaches strings total=289753 before=37297 after=37297
01-05 10:15:00.657   243   243 I art     : VMRuntime.preloadDexCaches types total=24023 before=8081 after=8116
01-05 10:15:00.657   243   243 I art     : VMRuntime.preloadDexCaches fields total=112559 before=41300 after=41531
01-05 10:15:00.657   243   243 I art     : VMRuntime.preloadDexCaches methods total=195944 before=81227 after=81822
01-05 10:15:00.658   243   243 I art     : VMRuntime.preloadDexCaches finished
01-05 10:15:00.659   243   243 I Zygote  : Preload resources disabled, skipped.
01-05 10:15:00.663   244   373 E AudioALSAStreamOut: -getPresentationPosition(), no playback handler, *frames = 0, return
01-05 10:15:00.665   243   243 D libEGL  : loaded /system/lib/egl/libGLES_mali.so
01-05 10:15:00.673   244   373 E AudioALSAStreamOut: -getPresentationPosition(), no playback handler, *frames = 0, return
01-05 10:15:00.684   244   373 E AudioALSAStreamOut: -getPresentationPosition(), no playback handler, *frames = 0, return
01-05 10:15:00.695   244   373 E AudioALSAStreamOut: -getPresentationPosition(), no playback handler, *frames = 0, return
01-05 10:15:00.701   427   427 F DEBUG   : *** *** *** *** *** *** *** *** *** *** *** *** *** *** *** ***
01-05 10:15:00.701   427   427 F DEBUG   : LineageOS Version: 'unknown'
01-05 10:15:00.701   427   427 F DEBUG   : Build fingerprint: 'unknown'
01-05 10:15:00.701   427   427 F DEBUG   : Revision: '0'
01-05 10:15:00.701   427   427 F DEBUG   : ABI: 'arm'
01-05 10:15:00.702   427   427 F DEBUG   : pid: 404, tid: 404, name: mediaserver  >>> /system/bin/mediaserver <<<
01-05 10:15:00.702   427   427 F DEBUG   : signal 6 (SIGABRT), code -6 (SI_TKILL), fault addr --------
01-05 10:15:00.702   427   427 F DEBUG   :     r0 00000000  r1 00000194  r2 00000006  r3 00000008
01-05 10:15:00.702   427   427 F DEBUG   :     r4 b6f7f58c  r5 00000006  r6 b6f7f534  r7 0000010c
01-05 10:15:00.702   427   427 F DEBUG   :     r8 be96a778  r9 00000003  sl be96a7c0  fp b6f0d010
01-05 10:15:00.702   427   427 F DEBUG   :     ip 00000000  sp be96a710  lr b6f5fe4f  pc b6f60868  cpsr 200f0010
01-05 10:15:00.706   244   373 E AudioALSAStreamOut: -getPresentationPosition(), no playback handler, *frames = 0, return
01-05 10:15:00.716   244   373 E AudioALSAStreamOut: -getPresentationPosition(), no playback handler, *frames = 0, return
01-05 10:15:00.727   244   373 E AudioALSAStreamOut: -getPresentationPosition(), no playback handler, *frames = 0, return
01-05 10:15:00.727   427   427 F DEBUG   : 
01-05 10:15:00.727   427   427 F DEBUG   : backtrace:
01-05 10:15:00.727   427   427 F DEBUG   :     #00 pc 00046868  /system/bin/linker (__dl_tgkill+12)
01-05 10:15:00.728   427   427 F DEBUG   :     #01 pc 00045e4b  /system/bin/linker (__dl_pthread_kill+34)
01-05 10:15:00.728   427   427 F DEBUG   :     #02 pc 0003e1ef  /system/bin/linker (__dl_raise+10)
01-05 10:15:00.728   427   427 F DEBUG   :     #03 pc 0003ccab  /system/bin/linker (__dl___libc_android_abort+34)
01-05 10:15:00.728   427   427 F DEBUG   :     #04 pc 0003bbc4  /system/bin/linker (__dl_abort+4)
01-05 10:15:00.728   427   427 F DEBUG   :     #05 pc 0003dceb  /system/bin/linker (__dl___libc_fatal+22)
01-05 10:15:00.728   427   427 F DEBUG   :     #06 pc 00009c4b  /system/bin/linker (__dl__ZL29__linker_init_post_relocationR19KernelArgumentBlockj+3146)
01-05 10:15:00.728   427   427 F DEBUG   :     #07 pc 00008f6b  /system/bin/linker (__dl___linker_init+358)
01-05 10:15:00.728   427   427 F DEBUG   :     #08 pc 000027c0  /system/bin/linker (_start+4)
01-05 10:15:00.738   244   373 E AudioALSAStreamOut: -getPresentationPosition(), no playback handler, *frames = 0, return
01-05 10:15:00.749   244   373 E AudioALSAStreamOut: -getPresentationPosition(), no playback handler, *frames = 0, return
01-05 10:15:00.760   244   373 E AudioALSAStreamOut: -getPresentationPosition(), no playback handler, *frames = 0, return
01-05 10:15:00.770   244   373 E AudioALSAStreamOut: -getPresentationPosition(), no playback handler, *frames = 0, return
01-05 10:15:00.781   244   373 E AudioALSAStreamOut: -getPresentationPosition(), no playback handler, *frames = 0, return
01-05 10:15:00.788   421   421 I chatty  : uid=1001(radio) /system/bin/mtkrild expire 8 lines
01-05 10:15:00.792   244   373 E AudioALSAStreamOut: -getPresentationPosition(), no playback handler, *frames = 0, return
01-05 10:15:00.803   421   429 I chatty  : uid=1001(radio) /system/bin/mtkrild expire 2 lines
01-05 10:15:00.803   244   373 E AudioALSAStreamOut: -getPresentationPosition(), no playback handler, *frames = 0, return
01-05 10:15:00.803   421   421 I chatty  : uid=1001(radio) /system/bin/mtkrild expire 1 line
01-05 10:15:00.813   244   373 E AudioALSAStreamOut: -getPresentationPosition(), no playback handler, *frames = 0, return
01-05 10:15:00.824   244   373 E AudioALSAStreamOut: -getPresentationPosition(), no playback handler, *frames = 0, return
01-05 10:15:00.835   244   373 E AudioALSAStreamOut: -getPresentationPosition(), no playback handler, *frames = 0, return
01-05 10:15:00.846   244   373 E AudioALSAStreamOut: -getPresentationPosition(), no playback handler, *frames = 0, return
01-05 10:15:00.854   200   200 W         : debuggerd: resuming target 404
01-05 10:15:00.856   244   373 E AudioALSAStreamOut: -getPresentationPosition(), no playback handler, *frames = 0, return
01-05 10:15:00.867   244   373 E AudioALSAStreamOut: -getPresentationPosition(), no playback handler, *frames = 0, return
01-05 10:15:00.878   244   373 E AudioALSAStreamOut: -getPresentationPosition(), no playback handler, *frames = 0, return
01-05 10:15:00.881   243   243 I Zygote  : Preloading shared libraries...
01-05 10:15:00.889   244   373 E AudioALSAStreamOut: -getPresentationPosition(), no playback handler, *frames = 0, return
01-05 10:15:00.900   244   373 E AudioALSAStreamOut: -getPresentationPosition(), no playback handler, *frames = 0, return
01-05 10:15:00.910   244   373 E AudioALSAStreamOut: -getPresentationPosition(), no playback handler, *frames = 0, return
01-05 10:15:00.918   243   243 I Zygote  : Uninstalled ICU cache reference pinning...
01-05 10:15:00.921   244   373 E AudioALSAStreamOut: -getPresentationPosition(), no playback handler, *frames = 0, return
01-05 10:15:00.927   243   243 I Zygote  : Installed AndroidKeyStoreProvider in 9ms.
01-05 10:15:00.932   244   373 E AudioALSAStreamOut: -getPresentationPosition(), no playback handler, *frames = 0, return
01-05 10:15:00.943   244   373 E AudioALSAStreamOut: -getPresentationPosition(), no playback handler, *frames = 0, return
01-05 10:15:00.951   243   243 I Zygote  : Warmed up JCA providers in 24ms.
01-05 10:15:00.951   243   243 D Zygote  : end preload
01-05 10:15:00.951   243   243 I art     : Waiting for a blocking GC Explicit
01-05 10:15:00.954   244   373 E AudioALSAStreamOut: -getPresentationPosition(), no playback handler, *frames = 0, return
01-05 10:15:00.964   244   373 E AudioALSAStreamOut: -getPresentationPosition(), no playback handler, *frames = 0, return
01-05 10:15:00.965   243   243 I art     : WaitForGcToComplete blocked for 13.600ms for cause Explicit
01-05 10:15:00.965   243   243 I art     : Starting a blocking GC Explicit
01-05 10:15:00.975   244   373 E AudioALSAStreamOut: -getPresentationPosition(), no playback handler, *frames = 0, return
01-05 10:15:00.981   243   243 I art     : Explicit concurrent mark sweep GC freed 477(12KB) AllocSpace objects, 0(0B) LOS objects, 40% free, 1861KB/3MB, paused 294us total 15.680ms
01-05 10:15:00.982   243   243 I art     : Starting a blocking GC Explicit
01-05 10:15:00.986   244   373 E AudioALSAStreamOut: -getPresentationPosition(), no playback handler, *frames = 0, return
01-05 10:15:00.997   244   373 E AudioALSAStreamOut: -getPresentationPosition(), no playback handler, *frames = 0, return
01-05 10:15:00.997   243   243 I art     : Explicit concurrent mark sweep GC freed 5(128B) AllocSpace objects, 0(0B) LOS objects, 40% free, 1861KB/3MB, paused 273us total 15.029ms
01-05 10:15:01.007   244   373 E AudioALSAStreamOut: -getPresentationPosition(), no playback handler, *frames = 0, return
01-05 10:15:01.018   244   373 E AudioALSAStreamOut: -getPresentationPosition(), no playback handler, *frames = 0, return
01-05 10:15:01.029   244   373 E AudioALSAStreamOut: -getPresentationPosition(), no playback handler, *frames = 0, return
01-05 10:15:01.040   244   373 E AudioALSAStreamOut: -getPresentationPosition(), no playback handler, *frames = 0, return
01-05 10:15:01.050   244   373 E AudioALSAStreamOut: -getPresentationPosition(), no playback handler, *frames = 0, return
01-05 10:15:01.061   244   373 E AudioALSAStreamOut: -getPresentationPosition(), no playback handler, *frames = 0, return
01-05 10:15:01.062   244   373 W BatteryNotifier: batterystats service unavailable!
01-05 10:15:01.113   243   386 I art     : Starting a blocking GC HeapTrim
01-05 10:15:01.116   243   243 I art     : Starting a blocking GC Background
01-05 10:15:01.121   244   376 W BatteryNotifier: batterystats service unavailable!
01-05 10:15:01.175   243   243 I Zygote  : System server process 464 has been created
01-05 10:15:01.177   243   243 I Zygote  : Accepting command socket connections
01-05 10:15:01.193   464   464 I InstallerConnection: connecting...
01-05 10:15:01.195   247   247 I         : new connection
01-05 10:15:01.220   464   464 I InstallerConnection: disconnecting...
01-05 10:15:01.221   247   247 E         : eof
01-05 10:15:01.221   247   247 E         : failed to read size
01-05 10:15:01.221   247   247 I         : closing connection
01-05 10:15:01.280   464   464 I SystemServer: Entered the Android system server!
01-05 10:15:01.461   464   464 I SystemServiceManager: Starting com.android.server.pm.Installer
01-05 10:15:01.466   464   464 I Installer: Waiting for installd to be ready.
01-05 10:15:01.466   464   464 I InstallerConnection: connecting...
01-05 10:15:01.467   247   247 I         : new connection
01-05 10:15:01.467   464   464 I SystemServiceManager: Starting com.android.server.am.ActivityManagerService$Lifecycle
01-05 10:15:01.513   464   464 I ActivityManager: Memory class: 128
01-05 10:15:01.524   464   480 I ServiceThread: Enabled StrictMode logging for ActivityManager looper.
01-05 10:15:01.527   464   481 I ServiceThread: Enabled StrictMode logging for android.ui looper.
01-05 10:15:01.573   464   464 D BatteryStatsImpl: Reading daily items from /data/system/batterystats-daily.xml
01-05 10:15:01.716   464   464 I chatty  : uid=1000 system_server expire 47 lines
01-05 10:15:01.849   464   464 W ProcessCpuTracker: Skipping unknown process pid 485
01-05 10:15:01.860   464   464 I IntentFirewall: Read new rules (A:0 B:0 S:0)
01-05 10:15:01.871   464   490 I ServiceThread: Enabled StrictMode logging for android.display looper.
01-05 10:15:01.881   464   464 D AppOps  : AppOpsService published
01-05 10:15:01.882   464   464 I SystemServiceManager: Starting com.android.server.power.PowerManagerService
01-05 10:15:01.888   464   492 I ServiceThread: Enabled StrictMode logging for PowerManagerService looper.
01-05 10:15:01.900   464   464 I SystemServiceManager: Starting com.android.server.lights.LightsService
01-05 10:15:01.907   464   464 I SystemServiceManager: Starting com.android.server.display.DisplayManagerService
01-05 10:15:01.916   464   464 I SystemServiceManager: Starting phase 100
01-05 10:15:01.928   228   269 E SurfaceFlinger: getDefaultDisplay: id=2 is not a valid default display id
01-05 10:15:01.931   464   490 I DisplayManagerService: Display device added: DisplayDeviceInfo{"Built-in Screen": uniqueId="local:0", 480 x 854, modeId 1, defaultModeId 1, supportedModes [{id=1, width=480, height=854, fps=52.83}], colorMode 0, supportedColorModes [0], HdrCapabilities android.view.Display$HdrCapabilities@a69d6308, density 200, 200.0 x 200.0 dpi, appVsyncOff 1000000, presDeadline 18928638, touch INTERNAL, rotation 0, type BUILT_IN, state UNKNOWN, FLAG_DEFAULT_DISPLAY, FLAG_ROTATES_WITH_CONTENT, FLAG_SECURE, FLAG_SUPPORTS_PROTECTED_BUFFERS}
01-05 10:15:01.932   228   228 D SurfaceFlinger: Set power mode=2, type=0 flinger=0xb6550000
01-05 10:15:01.932   228   228 D SurfaceFlinger: Screen type=0 is already mode=2
01-05 10:15:01.933   464   490 I chatty  : uid=1000(system) android.display expire 12 lines
01-05 10:15:01.934   464   464 I SystemServer: StartPackageManagerService
01-05 10:15:01.934   464   490 I DisplayManagerService: Display device changed state: "Built-in Screen", ON
01-05 10:15:02.037   236   303 D agps    : [agps] WARNING: [CP] cp2_fd_1_req_sim_num_timeout
01-05 10:15:02.038   236   276 D agps    : [agps][n][CP] [MD_1] write  sim_info_req
01-05 10:15:02.038   236   276 D agps    : [agps][n][CP] [MD_1] read  sim_info_rsp  sim_number=2 md_type=0 (0=fdd, 1=tdd) ecid=0 otdoa=0 band_num=0
01-05 10:15:02.038   236   276 E agps    : [agps] ERR: [CP] band_num is not ready  retry=1
01-05 10:15:02.155   464   464 W SystemConfig: Got exception parsing permissions.
01-05 10:15:02.155   464   464 W SystemConfig: org.xmlpull.v1.XmlPullParserException: Unexpected start tag in /system/etc/permissions/media_codecs.xml: found MediaCodecs, expected 'permissions' or 'config'
01-05 10:15:02.155   464   464 W SystemConfig: 	at com.android.server.SystemConfig.readPermissionsFromXml(SystemConfig.java:289)
01-05 10:15:02.155   464   464 W SystemConfig: 	at com.android.server.SystemConfig.readPermissions(SystemConfig.java:254)
01-05 10:15:02.155   464   464 W SystemConfig: 	at com.android.server.SystemConfig.<init>(SystemConfig.java:203)
01-05 10:15:02.155   464   464 W SystemConfig: 	at com.android.server.SystemConfig.getInstance(SystemConfig.java:136)
01-05 10:15:02.155   464   464 W SystemConfig: 	at com.android.server.pm.PackageManagerService.<init>(PackageManagerService.java:2140)
01-05 10:15:02.155   464   464 W SystemConfig: 	at com.android.server.pm.PackageManagerService.main(PackageManagerService.java:1998)
01-05 10:15:02.155   464   464 W SystemConfig: 	at com.android.server.SystemServer.startBootstrapServices(SystemServer.java:472)
01-05 10:15:02.155   464   464 W SystemConfig: 	at com.android.server.SystemServer.run(SystemServer.java:346)
01-05 10:15:02.155   464   464 W SystemConfig: 	at com.android.server.SystemServer.main(SystemServer.java:230)
01-05 10:15:02.155   464   464 W SystemConfig: 	at java.lang.reflect.Method.invoke(Native Method)
01-05 10:15:02.155   464   464 W SystemConfig: 	at com.android.internal.os.ZygoteInit$MethodAndArgsCaller.run(ZygoteInit.java:891)
01-05 10:15:02.155   464   464 W SystemConfig: 	at com.android.internal.os.ZygoteInit.main(ZygoteInit.java:781)
01-05 10:15:02.208   464   464 D SELinuxMMAC: Using policy file /system/etc/security/mac_permissions.xml
01-05 10:15:02.330   222   222 I chatty  : uid=1001(radio) /system/bin/ccci_fsd expire 1 line
01-05 10:15:02.445   464   464 W PackageManager: Library not found: /system/framework/org.cyanogenmod.platform.jar
01-05 10:15:02.446   464   464 W PackageManager: Library not found: /system/framework/com.google.widevine.software.drm.jar
01-05 10:15:02.446   464   464 W PackageManager: Library not found: /system/framework/com.google.android.media.effects.jar
01-05 10:15:02.458   464   464 W PackageManager: Library not found: /system/framework/org.cyanogenmod.hardware.jar
01-05 10:15:02.459   464   464 W PackageManager: Library not found: /system/framework/org.simalliance.openmobileapi.jar
01-05 10:15:02.465   464   464 W PackageManager: Library not found: /system/framework/com.google.android.dialer.support.jar
01-05 10:15:02.466   464   464 W PackageManager: Library not found: /system/framework/com.google.android.maps.jar
01-05 10:15:02.466   464   464 W PackageManager: Library not found: /system/framework/org.apache.http.legacy.jar
01-05 10:15:02.467   464   464 W PackageManager: Library not found: /system/framework/com.android.nfc_extras.jar
01-05 10:15:02.482   464   500 I chatty  : uid=1000(system) packagescan-1 expire 61 lines
01-05 10:15:02.567   464   500 W PackageManager: Permission android.permission.PREVENT_POWER_KEY from package android in an unknown group android.permission-group.HARDWARE_CONTROLS
01-05 10:15:02.573   464   502 I chatty  : uid=1000(system) packagescan-2 expire 52 lines
01-05 10:15:02.576   464   504 I chatty  : uid=1000(system) packagescan-4 expire 52 lines
01-05 10:15:02.577   464   503 I chatty  : uid=1000(system) packagescan-3 expire 53 lines
01-05 10:15:02.581   464   505 I chatty  : uid=1000(system) packagescan-5 expire 60 lines
01-05 10:15:02.596   464   506 I chatty  : uid=1000(system) packagescan-6 expire 48 lines
01-05 10:15:02.750   442   442 I mtkrild : type=1400 audit(0.0:19): avc: denied { read write } for name="mmcblk0p5" dev="tmpfs" ino=7151 scontext=u:r:ril-daemon-mtk:s0 tcontext=u:object_r:block_device:s0 tclass=blk_file permissive=1
01-05 10:15:02.750   442   442 I mtkrild : type=1400 audit(0.0:20): avc: denied { open } for path="/dev/block/mmcblk0p5" dev="tmpfs" ino=7151 scontext=u:r:ril-daemon-mtk:s0 tcontext=u:object_r:block_device:s0 tclass=blk_file permissive=1
01-05 10:15:02.885   464   502 W PackageParser: No actions in intent filter at /system/priv-app/Contacts/Contacts.apk Binary XML file line #431
01-05 10:15:02.929   464   506 W PackageParser: No actions in intent filter at /system/priv-app/Dialer/Dialer.apk Binary XML file line #195
01-05 10:15:03.333   464   474 I chatty  : uid=1000(system) HeapTaskDaemon expire 6 lines
01-05 10:15:03.516   464   503 W PackageParser: Ignoring duplicate uses-permissions/uses-permissions-sdk-m: android.permission.USE_CREDENTIALS in package: com.android.settings at: Binary XML file line #56
01-05 10:15:03.517   464   503 W PackageParser: Ignoring duplicate uses-permissions/uses-permissions-sdk-m: android.permission.READ_SYNC_SETTINGS in package: com.android.settings at: Binary XML file line #61
01-05 10:15:03.517   464   503 W PackageParser: Ignoring duplicate uses-permissions/uses-permissions-sdk-m: android.permission.WRITE_SYNC_SETTINGS in package: com.android.settings at: Binary XML file line #62
01-05 10:15:03.843   464   502 W PackageManager: Failed to parse /system/priv-app/CMAudioService: Missing base APK in /system/priv-app/CMAudioService
01-05 10:15:03.853   464   505 W PackageManager: Failed to parse /system/priv-app/FMRadio: Missing base APK in /system/priv-app/FMRadio
01-05 10:15:03.853   464   503 W PackageManager: Failed to parse /system/priv-app/Eleven: Missing base APK in /system/priv-app/Eleven
01-05 10:15:03.898   464   504 W PackageParser: Ignoring duplicate uses-permissions/uses-permissions-sdk-m: android.permission.ACCESS_NETWORK_STATE in package: com.atomicos.ota at: Binary XML file line #11
01-05 10:15:03.977   464   505 W PackageManager: Non-privileged app; cap priority to 0; package: com.android.cts.ctsshim activity: com.android.cts.ctsshim.InstallPriority origPrio: 100
01-05 10:15:03.977   464   505 W PackageManager: Non-privileged app; cap priority to 0; package: com.android.cts.ctsshim activity: com.android.cts.ctsshim.InstallPriority origPrio: 100
01-05 10:15:03.977   464   505 W PackageManager: Non-privileged app; cap priority to 0; package: com.android.cts.ctsshim activity: com.android.cts.ctsshim.InstallPriority origPrio: 100
01-05 10:15:03.977   464   505 W PackageManager: Non-privileged app; cap priority to 0; package: com.android.cts.ctsshim activity: com.android.cts.ctsshim.InstallPriority origPrio: 100
01-05 10:15:03.977   464   505 W PackageManager: Non-privileged app; cap priority to 0; package: com.android.cts.ctsshim activity: com.android.cts.ctsshim.InstallPriority origPrio: 100
01-05 10:15:04.008   224   224 E ccci_mdinit(2): open /dev/ccci2_monitor fail: 2
01-05 10:15:04.010   464   500 W PackageManager: Non-privileged app; cap priority to 0; package: com.android.calendar activity: com.android.calendar.GoogleCalendarUriIntentFilter origPrio: 50
01-05 10:15:04.038   236   303 D agps    : [agps] WARNING: [CP] cp2_fd_1_req_sim_num_timeout
01-05 10:15:04.038   236   276 D agps    : [agps][n][CP] [MD_1] write  sim_info_req
01-05 10:15:04.040   236   276 D agps    : [agps][n][CP] [MD_1] read  sim_info_rsp  sim_number=2 md_type=0 (0=fdd, 1=tdd) ecid=0 otdoa=0 band_num=0
01-05 10:15:04.040   236   276 E agps    : [agps] ERR: [CP] band_num is not ready  retry=2
01-05 10:15:04.064   464   506 W PackageParser: No actions in intent filter at /system/app/Bluetooth/Bluetooth.apk Binary XML file line #226
01-05 10:15:04.069   464   502 W PackageParser: Unknown element under <manifest>: meta-data at /system/app/DarknessHub/DarknessHub.apk Binary XML file line #38
01-05 10:15:04.083   464   502 W PackageParser: No actions in intent filter at /system/app/DarknessHub/DarknessHub.apk Binary XML file line #61
01-05 10:15:04.095   464   505 W PackageParser: Ignoring duplicate uses-permissions/uses-permissions-sdk-m: android.permission.WRITE_SETTINGS in package: com.android.deskclock at: Binary XML file line #44
01-05 10:15:04.150   464   503 W PackageParser: Ignoring duplicate uses-permissions/uses-permissions-sdk-m: android.permission.INTERNET in package: com.mediatek.engineermode at: Binary XML file line #23
01-05 10:15:04.151   464   503 W PackageParser: Ignoring duplicate uses-permissions/uses-permissions-sdk-m: android.permission.WRITE_SETTINGS in package: com.mediatek.engineermode at: Binary XML file line #29
01-05 10:15:04.151   464   503 W PackageParser: Ignoring duplicate uses-permissions/uses-permissions-sdk-m: android.permission.BLUETOOTH in package: com.mediatek.engineermode at: Binary XML file line #35
01-05 10:15:04.154   464   503 W PackageParser: Ignoring duplicate uses-permissions/uses-permissions-sdk-m: android.permission.BLUETOOTH_ADMIN in package: com.mediatek.engineermode at: Binary XML file line #36
01-05 10:15:04.154   464   503 W PackageParser: Ignoring duplicate uses-permissions/uses-permissions-sdk-m: android.permission.HARDWARE_TEST in package: com.mediatek.engineermode at: Binary XML file line #39
01-05 10:15:04.154   464   503 W PackageParser: Ignoring duplicate uses-permissions/uses-permissions-sdk-m: android.permission.CALL_PHONE in package: com.mediatek.engineermode at: Binary XML file line #40
01-05 10:15:04.156   464   503 W PackageParser: Ignoring duplicate uses-permissions/uses-permissions-sdk-m: android.permission.ACCESS_WIFI_STATE in package: com.mediatek.engineermode at: Binary XML file line #48
01-05 10:15:04.156   464   503 W PackageParser: Ignoring duplicate uses-permissions/uses-permissions-sdk-m: android.permission.CHANGE_WIFI_STATE in package: com.mediatek.engineermode at: Binary XML file line #49
01-05 10:15:04.156   464   503 W PackageParser: Ignoring duplicate uses-permissions/uses-permissions-sdk-m: android.permission.INTERNET in package: com.mediatek.engineermode at: Binary XML file line #50
01-05 10:15:04.162   464   503 W PackageParser: Ignoring duplicate uses-permissions/uses-permissions-sdk-m: android.permission.READ_PHONE_STATE in package: com.mediatek.engineermode at: Binary XML file line #70
01-05 10:15:04.225   464   506 W PackageManager: Permission com.android.launcher3.permission.READ_SETTINGS from package com.android.launcher3 in an unknown group android.permission-group.SYSTEM_TOOLS
01-05 10:15:04.226   464   506 W PackageManager: Permission com.android.launcher3.permission.WRITE_SETTINGS from package com.android.launcher3 in an unknown group android.permission-group.SYSTEM_TOOLS
01-05 10:15:04.226   464   506 W PackageManager: Permission com.android.launcher.permission.INSTALL_SHORTCUT from package com.android.launcher3 in an unknown group android.permission-group.SYSTEM_TOOLS
01-05 10:15:04.337   464   502 W PackageManager: Non-privileged app; cap priority to 0; package: com.mixplorer activity: com.mixplorer.activities.BrowseActivity origPrio: 500
01-05 10:15:04.341   464   502 W PackageManager: Failed to parse /system/app/mcRegistry: Missing base APK in /system/app/mcRegistry
01-05 10:15:04.368   464   500 W PackageManager: Failed to parse /system/app/Terminal: Missing base APK in /system/app/Terminal
01-05 10:15:04.370   464   500 W PackageManager: Failed to parse /system/app/PicoTts: Missing base APK in /system/app/PicoTts
01-05 10:15:04.456   464   500 W PackageManager: Failed to parse /data/app/mcRegistry: Missing base APK in /data/app/mcRegistry
01-05 10:15:04.496   464   503 W PackageParser: Unknown element under <manifest>: meta-data at /data/app/ru.andr7e.deviceinfohw-1/base.apk Binary XML file line #27
01-05 10:15:04.517   464   464 W PackageManager: Protected action; cap priority to 0; package: com.android.cts.priv.ctsshim activity: com.android.cts.priv.ctsshim.InstallPriority origPrio: 100
01-05 10:15:04.517   464   464 W PackageManager: Protected action; cap priority to 0; package: com.android.cts.priv.ctsshim activity: com.android.cts.priv.ctsshim.InstallPriority origPrio: 100
01-05 10:15:04.517   464   464 W PackageManager: Protected action; cap priority to 0; package: com.android.cts.priv.ctsshim activity: com.android.cts.priv.ctsshim.InstallPriority origPrio: 100
01-05 10:15:04.518   464   464 W PackageManager: Protected action; cap priority to 0; package: com.android.cts.priv.ctsshim activity: com.android.cts.priv.ctsshim.InstallPriority origPrio: 100
01-05 10:15:04.518   464   464 W PackageManager: Protected action; cap priority to 0; package: com.android.packageinstaller activity: com.android.packageinstaller.PackageInstallerActivity origPrio: 1
01-05 10:15:04.518   464   464 W PackageManager: Package com.mixplorer desires unavailable shared library com.sec.android.app.multiwindow; ignoring!
01-05 10:15:04.518   464   464 I PackageManager: Adjusting ABI for com.android.providers.downloads.ui to armeabi-v7a (requirer=com.android.mtp, scannedPackage=null)
01-05 10:15:04.520   464   464 I PackageManager: Adjusting ABI for com.android.providers.downloads to armeabi-v7a (requirer=com.android.mtp, scannedPackage=null)
01-05 10:15:04.520   464   464 I PackageManager: Adjusting ABI for com.android.providers.media to armeabi-v7a (requirer=com.android.mtp, scannedPackage=null)
01-05 10:15:04.521   464   464 I PackageManager: Adjusting ABI for com.android.providers.settings to armeabi-v7a (requirer=android, scannedPackage=null)
01-05 10:15:04.522   464   464 I PackageManager: Adjusting ABI for com.android.wallpaperbackup to armeabi-v7a (requirer=android, scannedPackage=null)
01-05 10:15:04.523   464   464 I PackageManager: Adjusting ABI for com.android.settings to armeabi-v7a (requirer=android, scannedPackage=null)
01-05 10:15:04.524   464   464 I PackageManager: Adjusting ABI for projekt.interfacer to armeabi-v7a (requirer=android, scannedPackage=null)
01-05 10:15:04.525   464   464 I PackageManager: Adjusting ABI for com.android.keychain to armeabi-v7a (requirer=android, scannedPackage=null)
01-05 10:15:04.526   464   464 I PackageManager: Adjusting ABI for com.android.inputdevices to armeabi-v7a (requirer=android, scannedPackage=null)
01-05 10:15:04.527   464   464 I PackageManager: Adjusting ABI for com.android.location.fused to armeabi-v7a (requirer=android, scannedPackage=null)
01-05 10:15:04.527   464   464 I PackageManager: Adjusting ABI for com.android.server.telecom to armeabi-v7a (requirer=android, scannedPackage=null)
01-05 10:15:04.538   464   464 I PackageManager: Time to scan packages: 2.094 seconds
01-05 10:15:04.539   464   464 W PackageManager: Not granting permission android.permission.INTERACT_ACROSS_USERS_FULL to package org.cyanogenmod.snap (protectionLevel=258 flags=0x3858bc44)
01-05 10:15:04.539   464   464 W PackageManager: Not granting permission android.permission.SET_ORIENTATION to package org.cyanogenmod.snap (protectionLevel=2 flags=0x3858bc44)
01-05 10:15:04.539   464   464 W PackageManager: Not granting permission android.permission.ACCESS_COARSE_LOCATION to package org.cyanogenmod.snap because it was previously installed without
01-05 10:15:04.539   464   464 W PackageManager: Not granting permission android.permission.ACCESS_FINE_LOCATION to package org.cyanogenmod.snap because it was previously installed without
01-05 10:15:04.539   464   464 W PackageManager: Not granting permission android.permission.CAMERA to package org.cyanogenmod.snap because it was previously installed without
01-05 10:15:04.539   464   464 W PackageManager: Not granting permission android.permission.RECORD_AUDIO to package org.cyanogenmod.snap because it was previously installed without
01-05 10:15:04.539   464   464 W PackageManager: Not granting permission android.permission.WRITE_EXTERNAL_STORAGE to package org.cyanogenmod.snap because it was previously installed without
01-05 10:15:04.539   464   464 W PackageManager: Not granting permission android.permission.WRITE_MEDIA_STORAGE to package org.cyanogenmod.snap (protectionLevel=18 flags=0x3858bc44)
01-05 10:15:04.539   464   464 W PackageManager: Not granting permission android.permission.MOUNT_UNMOUNT_FILESYSTEMS to package org.cyanogenmod.snap (protectionLevel=18 flags=0x3858bc44)
01-05 10:15:04.539   464   464 W PackageManager: Not granting permission android.permission.PREVENT_POWER_KEY to package org.cyanogenmod.snap (protectionLevel=18 flags=0x3858bc44)
01-05 10:15:04.539   464   464 W PackageManager: Not granting permission android.permission.READ_EXTERNAL_STORAGE to package org.cyanogenmod.snap because it was previously installed without
01-05 10:15:04.540   464   464 W PackageManager: Unknown permission com.google.android.googleapps.permission.GOOGLE_AUTH in package com.android.providers.calendar
01-05 10:15:04.540   464   464 W PackageManager: Unknown permission com.google.android.googleapps.permission.GOOGLE_AUTH.cl in package com.android.providers.calendar
01-05 10:15:04.540   464   464 W PackageManager: Unknown permission com.android.vending.CHECK_LICENSE in package com.about.td
01-05 10:15:04.540   464   464 W PackageManager: Unknown permission com.google.android.c2dm.permission.RECEIVE in package com.about.td
01-05 10:15:04.541   464   464 W PackageManager: Unknown permission android.permission.READ_SETTINGS in package com.mediatek.engineermode
01-05 10:15:04.541   464   464 W PackageManager: Unknown permission com.google.android.gm.permission.WRITE_GMAIL in package com.mediatek.engineermode
01-05 10:15:04.541   464   464 W PackageManager: Unknown permission com.google.android.gm.permission.READ_GMAIL in package com.mediatek.engineermode
01-05 10:15:04.541   464   464 W PackageManager: Unknown permission com.google.android.googleapps.permission.GOOGLE_AUTH in package com.mediatek.engineermode
01-05 10:15:04.541   464   464 W PackageManager: Unknown permission com.android.launcher.permission.READ_SETTINGS in package com.mediatek.engineermode
01-05 10:15:04.541   464   464 W PackageManager: Unknown permission com.android.launcher.permission.WRITE_SETTINGS in package com.mediatek.engineermode
01-05 10:15:04.541   464   464 W PackageManager: Unknown permission cyanogenmod.permission.PUBLISH_CUSTOM_TILE in package org.cyanogenmod.audiofx
01-05 10:15:04.542   464   464 W PackageManager: Unknown permission cyanogenmod.permission.OBSERVE_AUDIO_SESSIONS in package org.cyanogenmod.audiofx
01-05 10:15:04.542   464   464 W PackageManager: Unknown permission android.permission.PREVENT_SYSTEM_KEYS in package com.android.camera2
01-05 10:15:04.542   464   464 W PackageManager: Unknown permission com.android.launcher.permission.READ_SETTINGS in package com.android.launcher3
01-05 10:15:04.542   464   464 W PackageManager: Unknown permission com.android.launcher.permission.WRITE_SETTINGS in package com.android.launcher3
01-05 10:15:04.543   464   464 W PackageManager: Not granting permission android.permission.BIND_APPWIDGET to package com.android.launcher3 (protectionLevel=18 flags=0x3c4bbe45)
01-05 10:15:04.543   464   464 W PackageManager: Unknown permission com.google.android.googleapps.permission.GOOGLE_AUTH.mail in package com.android.calendar
01-05 10:15:04.543   464   464 W PackageManager: Unknown permission com.android.launcher.permission.READ_SETTINGS in package com.android.onetimeinitializer
01-05 10:15:04.543   464   464 W PackageManager: Unknown permission com.android.launcher.permission.WRITE_SETTINGS in package com.android.onetimeinitializer
01-05 10:15:04.544   464   464 W PackageManager: Unknown permission com.google.android.permission.INSTALL_WEARABLE_PACKAGES in package com.android.packageinstaller
01-05 10:15:04.544   464   464 W PackageManager: Unknown permission com.google.android.gallery3d.permission.PICASA_STORE in package com.android.dreams.phototable
01-05 10:15:04.544   464   464 W PackageManager: Unknown permission com.google.android.permission.PROVIDE_BACKGROUND in package com.mixplorer
01-05 10:15:04.544   464   464 W PackageManager: Not granting permission android.permission.ACCESS_BLUETOOTH_SHARE to package com.mixplorer (protectionLevel=2 flags=0x3848be45)
01-05 10:15:04.544   464   464 W PackageManager: Unknown permission android.permission.ACCESS_SUPERUSER in package com.mixplorer
01-05 10:15:04.544   464   464 W PackageManager: Not granting permission android.permission.MOUNT_UNMOUNT_FILESYSTEMS to package com.mixplorer (protectionLevel=18 flags=0x3848be45)
01-05 10:15:04.544   464   464 W PackageManager: Not granting permission android.permission.WRITE_MEDIA_STORAGE to package com.mixplorer (protectionLevel=18 flags=0x3848be45)
01-05 10:15:04.545   464   464 W PackageManager: Unknown permission com.google.android.googleapps.permission.GOOGLE_AUTH in package com.android.settings
01-05 10:15:04.545   464   464 W PackageManager: Unknown permission com.android.launcher.permission.READ_SETTINGS in package com.android.settings
01-05 10:15:04.545   464   464 W PackageManager: Unknown permission com.android.launcher.permission.WRITE_SETTINGS in package com.android.settings
01-05 10:15:04.545   464   464 W PackageManager: Unknown permission com.google.android.providers.gsf.permission.READ_GSERVICES in package com.google.android.apps.turbo
01-05 10:15:04.546   464   464 W PackageManager: Not granting permission android.permission.MANAGE_DOCUMENTS to package com.android.deskclock (protectionLevel=2 flags=0x3c49be45)
01-05 10:15:04.546   464   464 W PackageManager: Unknown permission com.android.deskclock.worldclock.permissions.WRITE_DATABASE in package com.android.deskclock
01-05 10:15:04.546   464   464 W PackageManager: Not granting permission android.permission.WRITE_SECURE_SETTINGS to package com.android.deskclock (protectionLevel=50 flags=0x3c49be45)
01-05 10:15:04.547   464   464 W PackageManager: Unknown permission com.android.email.permission.READ_ATTACHMENT in package com.android.exchange
01-05 10:15:04.547   464   464 W PackageManager: Unknown permission com.android.email.permission.ACCESS_PROVIDER in package com.android.exchange
01-05 10:15:04.547   464   464 W PackageManager: Unknown permission com.google.android.gallery3d.permission.GALLERY_PROVIDER in package com.android.bluetooth
01-05 10:15:04.547   464   464 W PackageManager: Unknown permission com.android.email.permission.ACCESS_PROVIDER in package com.android.bluetooth
01-05 10:15:04.547   464   464 W PackageManager: Unknown permission com.android.email.permission.READ_ATTACHMENT in package com.android.bluetooth
01-05 10:15:04.548   464   464 V PackageManager: Disabling com.google.android.gsf/com.google.android.gsf.update.SystemUpdateActivity
01-05 10:15:04.548   464   464 W PackageManager: Unable to disable com.google.android.gsf/com.google.android.gsf.update.SystemUpdateActivity
01-05 10:15:04.548   464   464 V PackageManager: Disabling com.google.android.gsf/com.google.android.gsf.update.SystemUpdateService$Receiver
01-05 10:15:04.548   464   464 W PackageManager: Unable to disable com.google.android.gsf/com.google.android.gsf.update.SystemUpdateService$Receiver
01-05 10:15:04.548   464   464 V PackageManager: Disabling com.google.android.gsf/com.google.android.gsf.update.SystemUpdateService$SecretCodeReceiver
01-05 10:15:04.548   464   464 W PackageManager: Unable to disable com.google.android.gsf/com.google.android.gsf.update.SystemUpdateService$SecretCodeReceiver
01-05 10:15:04.548   464   464 V PackageManager: Disabling com.google.android.gsf/com.google.android.gsf.update.SystemUpdateServiceReceiver
01-05 10:15:04.549   464   464 W PackageManager: Unable to disable com.google.android.gsf/com.google.android.gsf.update.SystemUpdateServiceReceiver
01-05 10:15:04.549   464   464 V PackageManager: Disabling com.google.android.gms/com.google.android.gms.update.SystemUpdateActivity
01-05 10:15:04.549   464   464 W PackageManager: Unable to disable com.google.android.gms/com.google.android.gms.update.SystemUpdateActivity
01-05 10:15:04.549   464   464 V PackageManager: Disabling com.google.android.gms/com.google.android.gms.update.SystemUpdateService$Receiver
01-05 10:15:04.549   464   464 W PackageManager: Unable to disable com.google.android.gms/com.google.android.gms.update.SystemUpdateService$Receiver
01-05 10:15:04.549   464   464 V PackageManager: Disabling com.google.android.gms/com.google.android.gms.update.SystemUpdateService$ActiveReceiver
01-05 10:15:04.549   464   464 W PackageManager: Unable to disable com.google.android.gms/com.google.android.gms.update.SystemUpdateService$ActiveReceiver
01-05 10:15:04.549   464   464 V PackageManager: Disabling com.google.android.gms/com.google.android.gms.update.SystemUpdateService$SecretCodeReceiver
01-05 10:15:04.549   464   464 W PackageManager: Unable to disable com.google.android.gms/com.google.android.gms.update.SystemUpdateService$SecretCodeReceiver
01-05 10:15:04.549   464   464 V PackageManager: Disabling com.google.android.gms/com.google.android.gms.update.SystemUpdateServiceReceiver
01-05 10:15:04.549   464   464 W PackageManager: Unable to disable com.google.android.gms/com.google.android.gms.update.SystemUpdateServiceReceiver
01-05 10:15:04.549   464   464 V PackageManager: Enabling com.google.android.gsf/com.google.android.gsf.update.SystemUpdateService
01-05 10:15:04.549   464   464 W PackageManager: Unable to enable com.google.android.gsf/com.google.android.gsf.update.SystemUpdateService
01-05 10:15:04.550   464   464 V PackageManager: Enabling com.google.android.gms/com.google.android.gms.update.SystemUpdateService
01-05 10:15:04.550   464   464 W PackageManager: Unable to enable com.google.android.gms/com.google.android.gms.update.SystemUpdateService
01-05 10:15:04.550   464   464 V PackageManager: reconcileAppsData for null u0 0x3
01-05 10:15:04.563   464   464 W PackageManager: Destroying /data/user/0/mcube due to: com.android.server.pm.PackageManagerException: Package mcube is unknown
01-05 10:15:04.578   247   247 I SELinux : SELinux: Loaded file_contexts contexts from /file_contexts.bin.
01-05 10:15:04.846   521   521 F libc    : CANNOT LINK EXECUTABLE "/system/bin/cameraserver": cannot locate symbol "_ZNK7android14ICameraService22getInterfaceDescriptorEv" referenced by "/system/lib/libcameraservice.so"...
01-05 10:15:04.846   521   521 F libc    : Fatal signal 6 (SIGABRT), code -6 in tid 521 (cameraserver)
01-05 10:15:04.847   200   200 W         : debuggerd: handling request: pid=521 uid=1047 gid=1005 tid=521
01-05 10:15:04.850   522   522 F libc    : CANNOT LINK EXECUTABLE "/system/bin/mediaserver": cannot locate symbol "_ZNK7android14ICameraService22getInterfaceDescriptorEv" referenced by "/system/lib/libcameraservice.so"...
01-05 10:15:04.850   522   522 F libc    : Fatal signal 6 (SIGABRT), code -6 in tid 522 (mediaserver)
01-05 10:15:04.860   523   523 E         : debuggerd: Unable to connect to activity manager (connect failed: Connection refused)
01-05 10:15:04.910   523   523 F DEBUG   : *** *** *** *** *** *** *** *** *** *** *** *** *** *** *** ***
01-05 10:15:04.910   523   523 F DEBUG   : LineageOS Version: 'unknown'
01-05 10:15:04.911   523   523 F DEBUG   : Build fingerprint: 'Doogee/x5/x5:7.1.2/NJH47F/f9b4cff16b:userdebug/release-keys'
01-05 10:15:04.911   523   523 F DEBUG   : Revision: '0'
01-05 10:15:04.911   523   523 F DEBUG   : ABI: 'arm'
01-05 10:15:04.911   523   523 F DEBUG   : pid: 521, tid: 521, name: cameraserver  >>> /system/bin/cameraserver <<<
01-05 10:15:04.911   523   523 F DEBUG   : signal 6 (SIGABRT), code -6 (SI_TKILL), fault addr --------
01-05 10:15:04.911   523   523 F DEBUG   :     r0 00000000  r1 00000209  r2 00000006  r3 00000008
01-05 10:15:04.911   523   523 F DEBUG   :     r4 b6f2a58c  r5 00000006  r6 b6f2a534  r7 0000010c
01-05 10:15:04.911   523   523 F DEBUG   :     r8 be95b790  r9 00000003  sl be95b7c0  fp b6eb7010
01-05 10:15:04.911   523   523 F DEBUG   :     ip 00000000  sp be95b728  lr b6f0ae4f  pc b6f0b868  cpsr 200f0010
01-05 10:15:04.934   523   523 F DEBUG   : 
01-05 10:15:04.934   523   523 F DEBUG   : backtrace:
01-05 10:15:04.934   523   523 F DEBUG   :     #00 pc 00046868  /system/bin/linker (__dl_tgkill+12)
01-05 10:15:04.934   523   523 F DEBUG   :     #01 pc 00045e4b  /system/bin/linker (__dl_pthread_kill+34)
01-05 10:15:04.934   523   523 F DEBUG   :     #02 pc 0003e1ef  /system/bin/linker (__dl_raise+10)
01-05 10:15:04.934   523   523 F DEBUG   :     #03 pc 0003ccab  /system/bin/linker (__dl___libc_android_abort+34)
01-05 10:15:04.934   523   523 F DEBUG   :     #04 pc 0003bbc4  /system/bin/linker (__dl_abort+4)
01-05 10:15:04.934   523   523 F DEBUG   :     #05 pc 0003dceb  /system/bin/linker (__dl___libc_fatal+22)
01-05 10:15:04.934   523   523 F DEBUG   :     #06 pc 00009c4b  /system/bin/linker (__dl__ZL29__linker_init_post_relocationR19KernelArgumentBlockj+3146)
01-05 10:15:04.935   523   523 F DEBUG   :     #07 pc 00008f6b  /system/bin/linker (__dl___linker_init+358)
01-05 10:15:04.935   523   523 F DEBUG   :     #08 pc 000027c0  /system/bin/linker (_start+4)
01-05 10:15:05.020   200   200 W         : debuggerd: resuming target 521
01-05 10:15:05.020   200   200 E         : debuggerd: failed to send signal 18 to target: No such process
01-05 10:15:05.020   200   200 W         : debuggerd: handling request: pid=522 uid=1013 gid=1005 tid=522
01-05 10:15:05.039   529   529 E         : debuggerd: Unable to connect to activity manager (connect failed: Connection refused)
01-05 10:15:05.090   529   529 F DEBUG   : *** *** *** *** *** *** *** *** *** *** *** *** *** *** *** ***
01-05 10:15:05.090   529   529 F DEBUG   : LineageOS Version: 'unknown'
01-05 10:15:05.090   529   529 F DEBUG   : Build fingerprint: 'Doogee/x5/x5:7.1.2/NJH47F/f9b4cff16b:userdebug/release-keys'
01-05 10:15:05.090   529   529 F DEBUG   : Revision: '0'
01-05 10:15:05.090   529   529 F DEBUG   : ABI: 'arm'
01-05 10:15:05.090   529   529 F DEBUG   : pid: 522, tid: 522, name: mediaserver  >>> /system/bin/mediaserver <<<
01-05 10:15:05.091   529   529 F DEBUG   : signal 6 (SIGABRT), code -6 (SI_TKILL), fault addr --------
01-05 10:15:05.091   529   529 F DEBUG   :     r0 00000000  r1 0000020a  r2 00000006  r3 00000008
01-05 10:15:05.091   529   529 F DEBUG   :     r4 b6fe358c  r5 00000006  r6 b6fe3534  r7 0000010c
01-05 10:15:05.091   529   529 F DEBUG   :     r8 bed38778  r9 00000003  sl bed387c0  fp b6f71010
01-05 10:15:05.091   529   529 F DEBUG   :     ip 00000000  sp bed38710  lr b6fc3e4f  pc b6fc4868  cpsr 200f0010
01-05 10:15:05.108   529   529 F DEBUG   : 
01-05 10:15:05.108   529   529 F DEBUG   : backtrace:
01-05 10:15:05.109   529   529 F DEBUG   :     #00 pc 00046868  /system/bin/linker (__dl_tgkill+12)
01-05 10:15:05.109   529   529 F DEBUG   :     #01 pc 00045e4b  /system/bin/linker (__dl_pthread_kill+34)
01-05 10:15:05.109   529   529 F DEBUG   :     #02 pc 0003e1ef  /system/bin/linker (__dl_raise+10)
01-05 10:15:05.109   529   529 F DEBUG   :     #03 pc 0003ccab  /system/bin/linker (__dl___libc_android_abort+34)
01-05 10:15:05.109   529   529 F DEBUG   :     #04 pc 0003bbc4  /system/bin/linker (__dl_abort+4)
01-05 10:15:05.109   529   529 F DEBUG   :     #05 pc 0003dceb  /system/bin/linker (__dl___libc_fatal+22)
01-05 10:15:05.109   529   529 F DEBUG   :     #06 pc 00009c4b  /system/bin/linker (__dl__ZL29__linker_init_post_relocationR19KernelArgumentBlockj+3146)
01-05 10:15:05.109   529   529 F DEBUG   :     #07 pc 00008f6b  /system/bin/linker (__dl___linker_init+358)
01-05 10:15:05.109   529   529 F DEBUG   :     #08 pc 000027c0  /system/bin/linker (_start+4)
01-05 10:15:05.226   200   200 W         : debuggerd: resuming target 522
01-05 10:15:05.226   200   200 E         : debuggerd: failed to send signal 18 to target: No such process
01-05 10:15:05.345   464   464 V PackageManager: reconcileAppsData finished 81 packages
01-05 10:15:05.461   464   464 D PackageManager: Ephemeral resolver NOT found; no matching intent filters
01-05 10:15:05.461   464   464 I PackageManager: Ephemeral deactivated; missing resolver and installer
01-05 10:15:05.507   464   464 I SystemServer: StartOtaDexOptService
